
Allocating common symbols
Common symbol       size              file

argv                0x40              build/shell.o
kbd_buf             0x6c              build/keyboard.o
root_dir            0x208             build/dir.o
thread_ready_list   0x10              build/thread.o
thread_all_list     0x10              build/thread.o
user_pool           0x2c              build/memory.o
channel_cnt         0x1               build/ide.o
cur_part            0x4               build/fs.o
k_block_descs       0xa8              build/memory.o
idle_thread         0x4               build/thread.o
intr_name           0x204             build/interrupt.o
main_thread         0x4               build/thread.o
channels            0xcc0             build/ide.o
ticks               0x4               build/timer.o
kernel_vaddr        0xc               build/memory.o
syscall_table       0x80              build/syscall-init.o
idt_table           0x204             build/interrupt.o
file_table          0x180             build/file.o
partition_list      0x10              build/ide.o
kernel_pool         0x2c              build/memory.o
pid_lock            0x1c              build/thread.o

Discarded input sections

 .note.GNU-stack
                0x0000000000000000        0x0 build/main.o
 .note.GNU-stack
                0x0000000000000000        0x0 build/init.o
 .note.GNU-stack
                0x0000000000000000        0x0 build/interrupt.o
 .note.GNU-stack
                0x0000000000000000        0x0 build/timer.o
 .note.GNU-stack
                0x0000000000000000        0x0 build/debug.o
 .note.GNU-stack
                0x0000000000000000        0x0 build/memory.o
 .note.GNU-stack
                0x0000000000000000        0x0 build/bitmap.o
 .note.GNU-stack
                0x0000000000000000        0x0 build/string.o
 .note.GNU-stack
                0x0000000000000000        0x0 build/thread.o
 .note.GNU-stack
                0x0000000000000000        0x0 build/list.o
 .note.GNU-stack
                0x0000000000000000        0x0 build/console.o
 .note.GNU-stack
                0x0000000000000000        0x0 build/sync.o
 .note.GNU-stack
                0x0000000000000000        0x0 build/keyboard.o
 .note.GNU-stack
                0x0000000000000000        0x0 build/ioqueue.o
 .note.GNU-stack
                0x0000000000000000        0x0 build/tss.o
 .note.GNU-stack
                0x0000000000000000        0x0 build/process.o
 .note.GNU-stack
                0x0000000000000000        0x0 build/syscall.o
 .note.GNU-stack
                0x0000000000000000        0x0 build/syscall-init.o
 .note.GNU-stack
                0x0000000000000000        0x0 build/stdio.o
 .note.GNU-stack
                0x0000000000000000        0x0 build/ide.o
 .note.GNU-stack
                0x0000000000000000        0x0 build/stdio-kernel.o
 .note.GNU-stack
                0x0000000000000000        0x0 build/fs.o
 .note.GNU-stack
                0x0000000000000000        0x0 build/inode.o
 .note.GNU-stack
                0x0000000000000000        0x0 build/file.o
 .note.GNU-stack
                0x0000000000000000        0x0 build/dir.o
 .note.GNU-stack
                0x0000000000000000        0x0 build/fork.o
 .note.GNU-stack
                0x0000000000000000        0x0 build/shell.o
 .note.GNU-stack
                0x0000000000000000        0x0 build/assert.o
 .note.GNU-stack
                0x0000000000000000        0x0 build/buildin_cmd.o

Memory Configuration

Name             Origin             Length             Attributes
*default*        0x0000000000000000 0xffffffffffffffff

Linker script and memory map

Address of section .text set to 0xc0001500
LOAD build/main.o
LOAD build/init.o
LOAD build/interrupt.o
LOAD build/timer.o
LOAD build/kernel.o
LOAD build/print.o
LOAD build/debug.o
LOAD build/memory.o
LOAD build/bitmap.o
LOAD build/string.o
LOAD build/thread.o
LOAD build/list.o
LOAD build/switch.o
LOAD build/console.o
LOAD build/sync.o
LOAD build/keyboard.o
LOAD build/ioqueue.o
LOAD build/tss.o
LOAD build/process.o
LOAD build/syscall.o
LOAD build/syscall-init.o
LOAD build/stdio.o
LOAD build/ide.o
LOAD build/stdio-kernel.o
LOAD build/fs.o
LOAD build/inode.o
LOAD build/file.o
LOAD build/dir.o
LOAD build/fork.o
LOAD build/shell.o
LOAD build/assert.o
LOAD build/buildin_cmd.o
                0x0000000008048000                PROVIDE (__executable_start, 0x8048000)
                0x0000000008048094                . = (0x8048000 + SIZEOF_HEADERS)

.interp
 *(.interp)

.note.gnu.build-id
 *(.note.gnu.build-id)

.hash
 *(.hash)

.gnu.hash
 *(.gnu.hash)

.dynsym
 *(.dynsym)

.dynstr
 *(.dynstr)

.gnu.version
 *(.gnu.version)

.gnu.version_d
 *(.gnu.version_d)

.gnu.version_r
 *(.gnu.version_r)

.rel.dyn        0x0000000008048094        0x0
 *(.rel.init)
 *(.rel.text .rel.text.* .rel.gnu.linkonce.t.*)
 .rel.text      0x0000000000000000        0x0 build/main.o
 *(.rel.fini)
 *(.rel.rodata .rel.rodata.* .rel.gnu.linkonce.r.*)
 *(.rel.data.rel.ro .rel.data.rel.ro.* .rel.gnu.linkonce.d.rel.ro.*)
 *(.rel.data .rel.data.* .rel.gnu.linkonce.d.*)
 *(.rel.tdata .rel.tdata.* .rel.gnu.linkonce.td.*)
 *(.rel.tbss .rel.tbss.* .rel.gnu.linkonce.tb.*)
 *(.rel.ctors)
 *(.rel.dtors)
 *(.rel.got)
 *(.rel.bss .rel.bss.* .rel.gnu.linkonce.b.*)
 *(.rel.ifunc)

.rel.plt        0x0000000008048094        0x0
 *(.rel.plt)
                0x0000000008048094                PROVIDE (__rel_iplt_start, .)
 *(.rel.iplt)
 .rel.iplt      0x0000000000000000        0x0 build/main.o
                0x0000000008048094                PROVIDE (__rel_iplt_end, .)

.init
 *(SORT(.init))

.plt            0x00000000080480a0        0x0
 *(.plt)
 *(.iplt)
 .iplt          0x0000000000000000        0x0 build/main.o

.text           0x00000000c0001500     0xb63b
 *(.text.unlikely .text.*_unlikely .text.unlikely.*)
 *(.text.exit .text.exit.*)
 *(.text.startup .text.startup.*)
 *(.text.hot .text.hot.*)
 *(.text .stub .text.* .gnu.linkonce.t.*)
 .text          0x00000000c0001500       0x4b build/main.o
                0x00000000c0001500                main
                0x00000000c000152d                init
 .text          0x00000000c000154b       0x4b build/init.o
                0x00000000c000154b                init_all
 .text          0x00000000c0001596      0x480 build/interrupt.o
                0x00000000c0001904                intr_enable
                0x00000000c000192d                intr_disable
                0x00000000c0001956                intr_set_status
                0x00000000c0001974                intr_get_status
                0x00000000c0001998                register_handler
                0x00000000c00019b4                idt_init
 .text          0x00000000c0001a16      0x209 build/timer.o
                0x00000000c0001b6d                mtime_sleep
                0x00000000c0001bbf                timer_init
 *fill*         0x00000000c0001c1f        0x1 
 .text          0x00000000c0001c20      0x55b build/kernel.o
                0x00000000c0001c20                intr_exit
                0x00000000c0002157                syscall_handler
 *fill*         0x00000000c000217b        0x5 
 .text          0x00000000c0002180      0x1b1 build/print.o
                0x00000000c0002180                put_str
                0x00000000c000219e                put_char
                0x00000000c000226b                cls_screen
                0x00000000c00022aa                put_int
                0x00000000c000230d                set_cursor
 .text          0x00000000c0002331       0xa5 build/debug.o
                0x00000000c0002331                panic_spin
 .text          0x00000000c00023d6     0x11b4 build/memory.o
                0x00000000c00023d6                block_desc_init
                0x00000000c0002594                pte_ptr
                0x00000000c00025c4                pde_ptr
                0x00000000c0002775                malloc_page
                0x00000000c000283f                get_kernel_pages
                0x00000000c000289b                get_user_pages
                0x00000000c00028f1                get_a_page
                0x00000000c0002a69                get_a_page_without_opvaddrbitmap
                0x00000000c0002ae4                addr_v2p
                0x00000000c0002cf9                sys_malloc
                0x00000000c0003028                pfree
                0x00000000c000316b                mfree_page
                0x00000000c0003348                sys_free
                0x00000000c0003549                mem_init
 .text          0x00000000c000358a      0x266 build/bitmap.o
                0x00000000c000358a                bitmap_init
                0x00000000c00035b1                bitmap_scan_test
                0x00000000c00035f1                bitmap_scan
                0x00000000c0003735                bitmap_set
 .text          0x00000000c00037f0      0x449 build/string.o
                0x00000000c00037f0                memset
                0x00000000c000384c                memcpy
                0x00000000c00038b8                memcmp
                0x00000000c0003948                strcpy
                0x00000000c00039aa                strlen
                0x00000000c0003a00                strcmp
                0x00000000c0003a87                strchr
                0x00000000c0003aec                strrchr
                0x00000000c0003b55                strcat
                0x00000000c0003bcc                strchrs
 .text          0x00000000c0003c39      0xafc build/thread.o
                0x00000000c0003c4f                running_thread
                0x00000000c0003cb3                fork_pid
                0x00000000c0003cc0                thread_create
                0x00000000c0003d36                init_thread
                0x00000000c0003e3f                thread_start
                0x00000000c0003fba                schedule
                0x00000000c000410a                thread_block
                0x00000000c0004171                thread_unblock
                0x00000000c000427c                thread_yield
                0x00000000c0004662                sys_ps
                0x00000000c00046af                thread_init
 .text          0x00000000c0004735      0x1e3 build/list.o
                0x00000000c0004735                list_init
                0x00000000c0004762                list_insert_before
                0x00000000c00047a3                list_push
                0x00000000c00047c0                list_append
                0x00000000c00047dd                list_remove
                0x00000000c0004813                list_pop
                0x00000000c0004832                elem_find
                0x00000000c000486d                list_traversal
                0x00000000c00048ca                list_len
                0x00000000c00048ff                list_empty
 *fill*         0x00000000c0004918        0x8 
 .text          0x00000000c0004920       0x15 build/switch.o
                0x00000000c0004920                switch_to
 .text          0x00000000c0004935       0x9a build/console.o
                0x00000000c0004935                console_init
                0x00000000c0004949                console_acquire
                0x00000000c000495d                console_release
                0x00000000c0004971                console_put_str
                0x00000000c000498e                console_put_char
                0x00000000c00049b2                console_put_int
 .text          0x00000000c00049cf      0x347 build/sync.o
                0x00000000c00049cf                sema_init
                0x00000000c00049f4                lock_init
                0x00000000c0004a25                sema_down
                0x00000000c0004b39                sema_up
                0x00000000c0004bef                lock_acquire
                0x00000000c0004c6b                lock_release
 .text          0x00000000c0004d16      0x2de build/keyboard.o
                0x00000000c0004fb4                keyboard_init
 .text          0x00000000c0004ff4      0x2ef build/ioqueue.o
                0x00000000c0004ff4                ioqueue_init
                0x00000000c000504f                ioq_full
                0x00000000c0005187                ioq_getchar
                0x00000000c0005234                ioq_putchar
 .text          0x00000000c00052e3      0x1af build/tss.o
                0x00000000c00052e3                update_tss_esp
                0x00000000c0005364                tss_init
 .text          0x00000000c0005492      0x365 build/process.o
                0x00000000c0005492                start_process
                0x00000000c0005598                page_dir_activate
                0x00000000c00055c8                process_activate
                0x00000000c000561a                create_page_dir
                0x00000000c000568b                create_user_vaddr_bitmap
                0x00000000c00056cd                process_execute
 .text          0x00000000c00057f7      0x29d build/syscall.o
                0x00000000c00057f7                getpid
                0x00000000c000580c                write
                0x00000000c000582f                malloc
                0x00000000c000584e                free
                0x00000000c000586a                fork
                0x00000000c000587f                read
                0x00000000c00058a2                putchar
                0x00000000c00058c5                clear
                0x00000000c00058d7                getcwd
                0x00000000c00058f9                open
                0x00000000c0005922                close
                0x00000000c0005941                lseek
                0x00000000c000596b                unlink
                0x00000000c000598a                mkdir
                0x00000000c00059a9                opendir
                0x00000000c00059c8                closedir
                0x00000000c00059e7                rmdir
                0x00000000c0005a06                readdir
                0x00000000c0005a25                rewinddir
                0x00000000c0005a41                stat
                0x00000000c0005a63                chdir
                0x00000000c0005a82                ps
 .text          0x00000000c0005a94      0x10e build/syscall-init.o
                0x00000000c0005a94                sys_getpid
                0x00000000c0005aa6                syscall_init
 .text          0x00000000c0005ba2      0x2bb build/stdio.o
                0x00000000c0005c29                vsprintf
                0x00000000c0005dad                sprintf
                0x00000000c0005de1                printf
 .text          0x00000000c0005e5d      0xe04 build/ide.o
                0x00000000c0006177                ide_read
                0x00000000c0006305                ide_write
                0x00000000c0006997                intr_hd_handler
                0x00000000c0006a58                ide_init
 .text          0x00000000c0006c61       0x62 build/stdio-kernel.o
                0x00000000c0006c61                printk
 .text          0x00000000c0006cc3     0x21f0 build/fs.o
                0x00000000c00073c6                path_parse
                0x00000000c0007424                path_depth_cnt
                0x00000000c000774e                sys_open
                0x00000000c00079fb                sys_close
                0x00000000c0007a50                sys_write
                0x00000000c0007b3a                sys_read
                0x00000000c0007c1d                sys_lseek
                0x00000000c0007d0a                sys_unlink
                0x00000000c0007f2c                sys_mkdir
                0x00000000c0008358                sys_opendir
                0x00000000c0008470                sys_closedir
                0x00000000c000849a                sys_readdir
                0x00000000c00084d7                sys_rewinddir
                0x00000000c00084e6                sys_rmdir
                0x00000000c00088ac                sys_getcwd
                0x00000000c0008adb                sys_chdir
                0x00000000c0008b69                sys_stat
                0x00000000c0008c90                sys_putchar
                0x00000000c0008cad                filesys_init
 .text          0x00000000c0008eb3      0x825 build/inode.o
                0x00000000c0008f57                inode_sync
                0x00000000c00090cb                inode_open
                0x00000000c0009226                inode_close
                0x00000000c0009297                inode_delete
                0x00000000c00093fc                inode_release
                0x00000000c0009683                inode_init
 .text          0x00000000c00096d8     0x1218 build/file.o
                0x00000000c00096d8                get_free_slot_in_global
                0x00000000c0009729                pcb_fd_install
                0x00000000c0009792                inode_bitmap_alloc
                0x00000000c00097e0                block_bitmap_alloc
                0x00000000c0009839                bitmap_sync
                0x00000000c00098cd                file_create
                0x00000000c0009ba5                file_open
                0x00000000c0009cb0                file_close
                0x00000000c0009cef                file_write
                0x00000000c000a4ff                file_read
 .text          0x00000000c000a8f0      0xf52 build/dir.o
                0x00000000c000a8f0                open_root_dir
                0x00000000c000a91f                dir_open
                0x00000000c000a95a                search_dir_entry
                0x00000000c000ab3c                dir_close
                0x00000000c000ab67                create_dir_entry
                0x00000000c000abdd                sync_dir_entry
                0x00000000c000b050                delete_dir_entry
                0x00000000c000b53a                dir_read
                0x00000000c000b74e                dir_is_empty
                0x00000000c000b779                dir_remove
 .text          0x00000000c000b842      0x537 build/fork.o
                0x00000000c000bc41                sys_fork
 .text          0x00000000c000bd79      0x4dc build/shell.o
                0x00000000c000bd79                print_prompt
                0x00000000c000bfb5                my_shell
 .text          0x00000000c000c255       0x30 build/assert.o
                0x00000000c000c255                user_spin
 .text          0x00000000c000c285      0x8b6 build/buildin_cmd.o
                0x00000000c000c409                make_clear_abs_path
                0x00000000c000c4cc                buildin_pwd
                0x00000000c000c522                buildin_cd
                0x00000000c000c5a2                buildin_ls
                0x00000000c000c964                buildin_ps
                0x00000000c000c985                buildin_clear
                0x00000000c000c9a6                buildin_mkdir
                0x00000000c000ca2d                buildin_rmdir
                0x00000000c000cab4                buildin_rm
 *(.gnu.warning)

.fini
 *(SORT(.fini))
                0x00000000c000cb3b                PROVIDE (__etext, .)
                0x00000000c000cb3b                PROVIDE (_etext, .)
                0x00000000c000cb3b                PROVIDE (etext, .)

.rodata         0x00000000c000cb3c     0x2672
 *(.rodata .rodata.* .gnu.linkonce.r.*)
 .rodata        0x00000000c000cb3c       0x21 build/main.o
 .rodata        0x00000000c000cb5d        0xa build/init.o
 *fill*         0x00000000c000cb67        0x1 
 .rodata        0x00000000c000cb68      0x2c5 build/interrupt.o
 *fill*         0x00000000c000ce2d        0x3 
 .rodata        0x00000000c000ce30       0x87 build/timer.o
 .rodata        0x00000000c000ceb7       0x3b build/debug.o
 *fill*         0x00000000c000cef2        0x2 
 .rodata        0x00000000c000cef4      0x3b3 build/memory.o
 *fill*         0x00000000c000d2a7        0x1 
 .rodata        0x00000000c000d2a8       0x68 build/bitmap.o
 .rodata        0x00000000c000d310       0xb9 build/string.o
 *fill*         0x00000000c000d3c9        0x3 
 .rodata        0x00000000c000d3cc      0x391 build/thread.o
 *fill*         0x00000000c000d75d        0x3 
 .rodata        0x00000000c000d760      0x12b build/sync.o
 .rodata        0x00000000c000d88b       0x36 build/keyboard.o
 *fill*         0x00000000c000d8c1        0x3 
 .rodata        0x00000000c000d8c4       0x9d build/ioqueue.o
 .rodata        0x00000000c000d961       0x27 build/tss.o
 .rodata        0x00000000c000d988       0xd8 build/process.o
 .rodata        0x00000000c000da60       0x27 build/syscall-init.o
 *fill*         0x00000000c000da87        0x1 
 .rodata        0x00000000c000da88      0x1ef build/ide.o
 *fill*         0x00000000c000dc77        0x1 
 .rodata        0x00000000c000dc78      0x896 build/fs.o
 *fill*         0x00000000c000e50e        0x2 
 .rodata        0x00000000c000e510       0xbb build/inode.o
 *fill*         0x00000000c000e5cb        0x1 
 .rodata        0x00000000c000e5cc      0x430 build/file.o
 .rodata        0x00000000c000e9fc      0x203 build/dir.o
 *fill*         0x00000000c000ebff        0x1 
 .rodata        0x00000000c000ec00      0x141 build/fork.o
 *fill*         0x00000000c000ed41        0x3 
 .rodata        0x00000000c000ed44      0x12f build/shell.o
 *fill*         0x00000000c000ee73        0x1 
 .rodata        0x00000000c000ee74       0x32 build/assert.o
 *fill*         0x00000000c000eea6        0x2 
 .rodata        0x00000000c000eea8      0x306 build/buildin_cmd.o

.rodata1
 *(.rodata1)

.eh_frame_hdr
 *(.eh_frame_hdr)

.eh_frame       0x00000000c000f1b0     0x1ecc
 *(.eh_frame)
 .eh_frame      0x00000000c000f1b0       0x50 build/main.o
 .eh_frame      0x00000000c000f200       0x20 build/init.o
                                         0x38 (size before relaxing)
 .eh_frame      0x00000000c000f220      0x188 build/interrupt.o
                                        0x1a0 (size before relaxing)
 .eh_frame      0x00000000c000f3a8       0xcc build/timer.o
                                         0xe4 (size before relaxing)
 .eh_frame      0x00000000c000f474       0x1c build/debug.o
                                         0x34 (size before relaxing)
 .eh_frame      0x00000000c000f490      0x2c0 build/memory.o
                                        0x2d8 (size before relaxing)
 .eh_frame      0x00000000c000f750       0x8c build/bitmap.o
                                         0xa4 (size before relaxing)
 .eh_frame      0x00000000c000f7dc      0x140 build/string.o
                                        0x158 (size before relaxing)
 .eh_frame      0x00000000c000f91c      0x21c build/thread.o
                                        0x234 (size before relaxing)
 .eh_frame      0x00000000c000fb38      0x140 build/list.o
                                        0x158 (size before relaxing)
 .eh_frame      0x00000000c000fc78       0xc0 build/console.o
                                         0xd8 (size before relaxing)
 .eh_frame      0x00000000c000fd38       0xc8 build/sync.o
                                         0xe0 (size before relaxing)
 .eh_frame      0x00000000c000fe00       0x60 build/keyboard.o
                                         0x78 (size before relaxing)
 .eh_frame      0x00000000c000fe60      0x100 build/ioqueue.o
                                        0x118 (size before relaxing)
 .eh_frame      0x00000000c000ff60       0x64 build/tss.o
                                         0x7c (size before relaxing)
 .eh_frame      0x00000000c000ffc4       0xc0 build/process.o
                                         0xd8 (size before relaxing)
 .eh_frame      0x00000000c0010084      0x308 build/syscall.o
                                        0x320 (size before relaxing)
 .eh_frame      0x00000000c001038c       0x40 build/syscall-init.o
                                         0x58 (size before relaxing)
 .eh_frame      0x00000000c00103cc       0x94 build/stdio.o
                                         0xac (size before relaxing)
 .eh_frame      0x00000000c0010460      0x258 build/ide.o
                                        0x270 (size before relaxing)
 .eh_frame      0x00000000c00106b8       0x28 build/stdio-kernel.o
                                         0x40 (size before relaxing)
 .eh_frame      0x00000000c00106e0      0x360 build/fs.o
                                        0x378 (size before relaxing)
 .eh_frame      0x00000000c0010a40       0xec build/inode.o
                                        0x104 (size before relaxing)
 .eh_frame      0x00000000c0010b2c      0x140 build/file.o
                                        0x158 (size before relaxing)
 .eh_frame      0x00000000c0010c6c      0x164 build/dir.o
                                        0x17c (size before relaxing)
 .eh_frame      0x00000000c0010dd0       0xc0 build/fork.o
                                         0xd8 (size before relaxing)
 .eh_frame      0x00000000c0010e90       0x7c build/shell.o
                                         0x94 (size before relaxing)
 .eh_frame      0x00000000c0010f0c       0x1c build/assert.o
                                         0x34 (size before relaxing)
 .eh_frame      0x00000000c0010f28      0x154 build/buildin_cmd.o
                                        0x16c (size before relaxing)

.gcc_except_table
 *(.gcc_except_table .gcc_except_table.*)

.exception_ranges
 *(.exception_ranges .exception_ranges*)
                0x00000000c001107c                . = (ALIGN (0x1000) - ((0x1000 - .) & 0xfff))
                0x00000000c001207c                . = DATA_SEGMENT_ALIGN (0x1000, 0x1000)

.eh_frame
 *(.eh_frame)

.gcc_except_table
 *(.gcc_except_table .gcc_except_table.*)

.exception_ranges
 *(.exception_ranges .exception_ranges*)

.tdata
 *(.tdata .tdata.* .gnu.linkonce.td.*)

.tbss
 *(.tbss .tbss.* .gnu.linkonce.tb.*)
 *(.tcommon)

.preinit_array  0x00000000c001207c        0x0
                0x00000000c001207c                PROVIDE (__preinit_array_start, .)
 *(.preinit_array)
                0x00000000c001207c                PROVIDE (__preinit_array_end, .)

.init_array     0x00000000c001207c        0x0
                0x00000000c001207c                PROVIDE (__init_array_start, .)
 *(SORT(.init_array.*) SORT(.ctors.*))
 *(.init_array EXCLUDE_FILE(*crtend?.o *crtend.o *crtbegin?.o *crtbegin.o) .ctors)
                0x00000000c001207c                PROVIDE (__init_array_end, .)

.fini_array     0x00000000c001207c        0x0
                0x00000000c001207c                PROVIDE (__fini_array_start, .)
 *(SORT(.fini_array.*) SORT(.dtors.*))
 *(.fini_array EXCLUDE_FILE(*crtend?.o *crtend.o *crtbegin?.o *crtbegin.o) .dtors)
                0x00000000c001207c                PROVIDE (__fini_array_end, .)

.ctors
 *crtbegin.o(.ctors)
 *crtbegin?.o(.ctors)
 *(EXCLUDE_FILE(*crtend?.o *crtend.o) .ctors)
 *(SORT(.ctors.*))
 *(.ctors)

.dtors
 *crtbegin.o(.dtors)
 *crtbegin?.o(.dtors)
 *(EXCLUDE_FILE(*crtend?.o *crtend.o) .dtors)
 *(SORT(.dtors.*))
 *(.dtors)

.jcr
 *(.jcr)

.data.rel.ro
 *(.data.rel.ro.local* .gnu.linkonce.d.rel.ro.local.*)
 *(.data.rel.ro .data.rel.ro.* .gnu.linkonce.d.rel.ro.*)

.dynamic
 *(.dynamic)

.got
 *(.got)
 *(.igot)
                0x00000000c001207c                . = DATA_SEGMENT_RELRO_END (., (SIZEOF (.got.plt) >= 0xc)?0xc:0x0)

.got.plt        0x00000000c001207c        0x0
 *(.got.plt)
 *(.igot.plt)
 .igot.plt      0x0000000000000000        0x0 build/main.o

.data           0x00000000c0012080      0x15c
 *(.data .data.* .gnu.linkonce.d.*)
 .data          0x00000000c0012080        0x0 build/main.o
 .data          0x00000000c0012080        0x0 build/init.o
 .data          0x00000000c0012080        0x0 build/interrupt.o
 .data          0x00000000c0012080        0x0 build/timer.o
 .data          0x00000000c0012080       0xd2 build/kernel.o
                0x00000000c0012092                intr_entry_table
 *fill*         0x00000000c0012152        0x2 
 .data          0x00000000c0012154        0x8 build/print.o
 .data          0x00000000c001215c        0x0 build/debug.o
 .data          0x00000000c001215c        0x0 build/memory.o
 .data          0x00000000c001215c        0x0 build/bitmap.o
 .data          0x00000000c001215c        0x0 build/string.o
 .data          0x00000000c001215c        0x0 build/thread.o
 .data          0x00000000c001215c        0x0 build/list.o
 .data          0x00000000c001215c        0x0 build/console.o
 .data          0x00000000c001215c        0x0 build/sync.o
 *fill*         0x00000000c001215c        0x4 
 .data          0x00000000c0012160       0x76 build/keyboard.o
 .data          0x00000000c00121d6        0x0 build/ioqueue.o
 .data          0x00000000c00121d6        0x0 build/tss.o
 .data          0x00000000c00121d6        0x0 build/process.o
 .data          0x00000000c00121d6        0x0 build/syscall.o
 .data          0x00000000c00121d6        0x0 build/syscall-init.o
 .data          0x00000000c00121d6        0x0 build/stdio.o
 .data          0x00000000c00121d6        0x0 build/ide.o
 .data          0x00000000c00121d6        0x0 build/stdio-kernel.o
 .data          0x00000000c00121d6        0x0 build/fs.o
 .data          0x00000000c00121d6        0x0 build/inode.o
 .data          0x00000000c00121d6        0x0 build/file.o
 .data          0x00000000c00121d6        0x0 build/dir.o
 .data          0x00000000c00121d6        0x0 build/fork.o
 *fill*         0x00000000c00121d6        0x2 
 .data          0x00000000c00121d8        0x4 build/shell.o
                0x00000000c00121d8                argc
 .data          0x00000000c00121dc        0x0 build/assert.o
 .data          0x00000000c00121dc        0x0 build/buildin_cmd.o

.data1
 *(.data1)
                0x00000000c00121dc                _edata = .
                0x00000000c00121dc                PROVIDE (edata, .)
                0x00000000c00121dc                . = .
                0x00000000c00121dc                __bss_start = .

.bss            0x00000000c00121e0     0x1f20
 *(.dynbss)
 *(.bss .bss.* .gnu.linkonce.b.*)
 .bss           0x00000000c00121e0        0x0 build/main.o
 .bss           0x00000000c00121e0        0x0 build/init.o
 .bss           0x00000000c00121e0      0x408 build/interrupt.o
 .bss           0x00000000c00125e8        0x0 build/timer.o
 .bss           0x00000000c00125e8        0x0 build/debug.o
 .bss           0x00000000c00125e8        0x0 build/memory.o
 .bss           0x00000000c00125e8        0x0 build/bitmap.o
 .bss           0x00000000c00125e8        0x0 build/string.o
 .bss           0x00000000c00125e8        0x6 build/thread.o
 .bss           0x00000000c00125ee        0x0 build/list.o
 *fill*         0x00000000c00125ee        0x2 
 .bss           0x00000000c00125f0       0x1c build/console.o
 .bss           0x00000000c001260c        0x0 build/sync.o
 .bss           0x00000000c001260c       0x14 build/keyboard.o
 .bss           0x00000000c0012620        0x0 build/ioqueue.o
 .bss           0x00000000c0012620       0x6c build/tss.o
 .bss           0x00000000c001268c        0x0 build/process.o
 .bss           0x00000000c001268c        0x0 build/syscall.o
 .bss           0x00000000c001268c        0x0 build/syscall-init.o
 .bss           0x00000000c001268c        0x0 build/stdio.o
 .bss           0x00000000c001268c        0x6 build/ide.o
                0x00000000c001268c                ext_lba_base
                0x00000000c0012690                p_no
                0x00000000c0012691                l_no
 .bss           0x00000000c0012692        0x0 build/stdio-kernel.o
 .bss           0x00000000c0012692        0x0 build/fs.o
 .bss           0x00000000c0012692        0x0 build/inode.o
 .bss           0x00000000c0012692        0x0 build/file.o
 .bss           0x00000000c0012692        0x0 build/dir.o
 .bss           0x00000000c0012692        0x0 build/fork.o
 *fill*         0x00000000c0012692        0xe 
 .bss           0x00000000c00126a0      0x2c0 build/shell.o
                0x00000000c00126a0                final_path
                0x00000000c00128a0                cwd_cache
 .bss           0x00000000c0012960        0x0 build/assert.o
 .bss           0x00000000c0012960        0x0 build/buildin_cmd.o
 *(COMMON)
 COMMON         0x00000000c0012960      0x424 build/interrupt.o
                0x00000000c0012960                intr_name
                0x00000000c0012b80                idt_table
 COMMON         0x00000000c0012d84        0x4 build/timer.o
                0x00000000c0012d84                ticks
 *fill*         0x00000000c0012d88       0x18 
 COMMON         0x00000000c0012da0      0x12c build/memory.o
                0x00000000c0012da0                user_pool
                0x00000000c0012de0                k_block_descs
                0x00000000c0012e88                kernel_vaddr
                0x00000000c0012ea0                kernel_pool
 COMMON         0x00000000c0012ecc       0x44 build/thread.o
                0x00000000c0012ecc                thread_ready_list
                0x00000000c0012edc                thread_all_list
                0x00000000c0012eec                idle_thread
                0x00000000c0012ef0                main_thread
                0x00000000c0012ef4                pid_lock
 *fill*         0x00000000c0012f10       0x10 
 COMMON         0x00000000c0012f20       0x6c build/keyboard.o
                0x00000000c0012f20                kbd_buf
 *fill*         0x00000000c0012f8c       0x14 
 COMMON         0x00000000c0012fa0       0x80 build/syscall-init.o
                0x00000000c0012fa0                syscall_table
 COMMON         0x00000000c0013020      0xcf0 build/ide.o
                0x00000000c0013020                channel_cnt
                0x00000000c0013040                channels
                0x00000000c0013d00                partition_list
 COMMON         0x00000000c0013d10        0x4 build/fs.o
                0x00000000c0013d10                cur_part
 *fill*         0x00000000c0013d14        0xc 
 COMMON         0x00000000c0013d20      0x180 build/file.o
                0x00000000c0013d20                file_table
 COMMON         0x00000000c0013ea0      0x208 build/dir.o
                0x00000000c0013ea0                root_dir
 *fill*         0x00000000c00140a8       0x18 
 COMMON         0x00000000c00140c0       0x40 build/shell.o
                0x00000000c00140c0                argv
                0x00000000c0014100                . = ALIGN ((. != 0x0)?0x4:0x1)
                0x00000000c0014100                . = ALIGN (0x4)
                0x00000000c0014100                . = SEGMENT_START ("ldata-segment", .)
                0x00000000c0014100                . = ALIGN (0x4)
                0x00000000c0014100                _end = .
                0x00000000c0014100                PROVIDE (end, .)
                0x00000000c0014100                . = DATA_SEGMENT_END (.)

.stab
 *(.stab)

.stabstr
 *(.stabstr)

.stab.excl
 *(.stab.excl)

.stab.exclstr
 *(.stab.exclstr)

.stab.index
 *(.stab.index)

.stab.indexstr
 *(.stab.indexstr)

.comment        0x0000000000000000       0x2b
 *(.comment)
 .comment       0x0000000000000000       0x2b build/main.o
                                         0x2c (size before relaxing)
 .comment       0x0000000000000000       0x2c build/init.o
 .comment       0x0000000000000000       0x2c build/interrupt.o
 .comment       0x0000000000000000       0x2c build/timer.o
 .comment       0x0000000000000000       0x2c build/debug.o
 .comment       0x0000000000000000       0x2c build/memory.o
 .comment       0x0000000000000000       0x2c build/bitmap.o
 .comment       0x0000000000000000       0x2c build/string.o
 .comment       0x0000000000000000       0x2c build/thread.o
 .comment       0x0000000000000000       0x2c build/list.o
 .comment       0x0000000000000000       0x2c build/console.o
 .comment       0x0000000000000000       0x2c build/sync.o
 .comment       0x0000000000000000       0x2c build/keyboard.o
 .comment       0x0000000000000000       0x2c build/ioqueue.o
 .comment       0x0000000000000000       0x2c build/tss.o
 .comment       0x0000000000000000       0x2c build/process.o
 .comment       0x0000000000000000       0x2c build/syscall.o
 .comment       0x0000000000000000       0x2c build/syscall-init.o
 .comment       0x0000000000000000       0x2c build/stdio.o
 .comment       0x0000000000000000       0x2c build/ide.o
 .comment       0x0000000000000000       0x2c build/stdio-kernel.o
 .comment       0x0000000000000000       0x2c build/fs.o
 .comment       0x0000000000000000       0x2c build/inode.o
 .comment       0x0000000000000000       0x2c build/file.o
 .comment       0x0000000000000000       0x2c build/dir.o
 .comment       0x0000000000000000       0x2c build/fork.o
 .comment       0x0000000000000000       0x2c build/shell.o
 .comment       0x0000000000000000       0x2c build/assert.o
 .comment       0x0000000000000000       0x2c build/buildin_cmd.o

.debug
 *(.debug)

.line
 *(.line)

.debug_srcinfo
 *(.debug_srcinfo)

.debug_sfnames
 *(.debug_sfnames)

.debug_aranges
 *(.debug_aranges)

.debug_pubnames
 *(.debug_pubnames)

.debug_info
 *(.debug_info .gnu.linkonce.wi.*)

.debug_abbrev
 *(.debug_abbrev)

.debug_line
 *(.debug_line .debug_line.* .debug_line_end)

.debug_frame
 *(.debug_frame)

.debug_str
 *(.debug_str)

.debug_loc
 *(.debug_loc)

.debug_macinfo
 *(.debug_macinfo)

.debug_weaknames
 *(.debug_weaknames)

.debug_funcnames
 *(.debug_funcnames)

.debug_typenames
 *(.debug_typenames)

.debug_varnames
 *(.debug_varnames)

.debug_pubtypes
 *(.debug_pubtypes)

.debug_ranges
 *(.debug_ranges)

.debug_macro
 *(.debug_macro)

.gnu.attributes
 *(.gnu.attributes)

/DISCARD/
 *(.note.GNU-stack)
 *(.gnu_debuglink)
 *(.gnu.lto_*)
OUTPUT(build/kernel.bin elf32-i386)
