
Allocating common symbols
Common symbol       size              file

kbd_buf             0x6c              build/keyboard.o
thread_ready_list   0x10              build/thread.o
thread_all_list     0x10              build/thread.o
user_pool           0x10              build/memory.o
intr_name           0xc0              build/interrupt.o
main_thread         0x4               build/thread.o
ticks               0x4               build/timer.o
kernel_vaddr        0xc               build/memory.o
idt_table           0xc0              build/interrupt.o
kernel_pool         0x10              build/memory.o

Discarded input sections

 .note.GNU-stack
                0x0000000000000000        0x0 build/main.o
 .note.GNU-stack
                0x0000000000000000        0x0 build/init.o
 .note.GNU-stack
                0x0000000000000000        0x0 build/interrupt.o
 .note.GNU-stack
                0x0000000000000000        0x0 build/timer.o
 .note.GNU-stack
                0x0000000000000000        0x0 build/debug.o
 .note.GNU-stack
                0x0000000000000000        0x0 build/memory.o
 .note.GNU-stack
                0x0000000000000000        0x0 build/bitmap.o
 .note.GNU-stack
                0x0000000000000000        0x0 build/string.o
 .note.GNU-stack
                0x0000000000000000        0x0 build/thread.o
 .note.GNU-stack
                0x0000000000000000        0x0 build/list.o
 .note.GNU-stack
                0x0000000000000000        0x0 build/console.o
 .note.GNU-stack
                0x0000000000000000        0x0 build/sync.o
 .note.GNU-stack
                0x0000000000000000        0x0 build/keyboard.o
 .note.GNU-stack
                0x0000000000000000        0x0 build/ioqueue.o
 .note.GNU-stack
                0x0000000000000000        0x0 build/tss.o

Memory Configuration

Name             Origin             Length             Attributes
*default*        0x0000000000000000 0xffffffffffffffff

Linker script and memory map

Address of section .text set to 0xc0001500
LOAD build/main.o
LOAD build/init.o
LOAD build/interrupt.o
LOAD build/timer.o
LOAD build/kernel.o
LOAD build/print.o
LOAD build/debug.o
LOAD build/memory.o
LOAD build/bitmap.o
LOAD build/string.o
LOAD build/thread.o
LOAD build/list.o
LOAD build/switch.o
LOAD build/console.o
LOAD build/sync.o
LOAD build/keyboard.o
LOAD build/ioqueue.o
LOAD build/tss.o
                0x0000000008048000                PROVIDE (__executable_start, 0x8048000)
                0x0000000008048094                . = (0x8048000 + SIZEOF_HEADERS)

.interp
 *(.interp)

.note.gnu.build-id
 *(.note.gnu.build-id)

.hash
 *(.hash)

.gnu.hash
 *(.gnu.hash)

.dynsym
 *(.dynsym)

.dynstr
 *(.dynstr)

.gnu.version
 *(.gnu.version)

.gnu.version_d
 *(.gnu.version_d)

.gnu.version_r
 *(.gnu.version_r)

.rel.dyn        0x0000000008048094        0x0
 *(.rel.init)
 *(.rel.text .rel.text.* .rel.gnu.linkonce.t.*)
 .rel.text      0x0000000000000000        0x0 build/main.o
 *(.rel.fini)
 *(.rel.rodata .rel.rodata.* .rel.gnu.linkonce.r.*)
 *(.rel.data.rel.ro .rel.data.rel.ro.* .rel.gnu.linkonce.d.rel.ro.*)
 *(.rel.data .rel.data.* .rel.gnu.linkonce.d.*)
 *(.rel.tdata .rel.tdata.* .rel.gnu.linkonce.td.*)
 *(.rel.tbss .rel.tbss.* .rel.gnu.linkonce.tb.*)
 *(.rel.ctors)
 *(.rel.dtors)
 *(.rel.got)
 *(.rel.bss .rel.bss.* .rel.gnu.linkonce.b.*)
 *(.rel.ifunc)

.rel.plt        0x0000000008048094        0x0
 *(.rel.plt)
                0x0000000008048094                PROVIDE (__rel_iplt_start, .)
 *(.rel.iplt)
 .rel.iplt      0x0000000000000000        0x0 build/main.o
                0x0000000008048094                PROVIDE (__rel_iplt_end, .)

.init
 *(SORT(.init))

.plt            0x00000000080480a0        0x0
 *(.plt)
 *(.iplt)
 .iplt          0x0000000000000000        0x0 build/main.o

.text           0x00000000c0001500     0x2c9f
 *(.text.unlikely .text.*_unlikely .text.unlikely.*)
 *(.text.exit .text.exit.*)
 *(.text.startup .text.startup.*)
 *(.text.hot .text.hot.*)
 *(.text .stub .text.* .gnu.linkonce.t.*)
 .text          0x00000000c0001500       0x53 build/main.o
                0x00000000c0001500                main
                0x00000000c0001521                k_thread_a
                0x00000000c000153a                k_thread_b
 .text          0x00000000c0001553       0x37 build/init.o
                0x00000000c0001553                init_all
 .text          0x00000000c000158a      0x450 build/interrupt.o
                0x00000000c00018c8                intr_enable
                0x00000000c00018f1                intr_disable
                0x00000000c000191a                intr_set_status
                0x00000000c0001938                intr_get_status
                0x00000000c000195c                register_handler
                0x00000000c0001978                idt_init
 .text          0x00000000c00019da      0x190 build/timer.o
                0x00000000c0001b0a                timer_init
 *fill*         0x00000000c0001b6a        0x6 
 .text          0x00000000c0001b70      0x537 build/kernel.o
                0x00000000c0001b70                intr_exit
 *fill*         0x00000000c00020a7        0x9 
 .text          0x00000000c00020b0      0x172 build/print.o
                0x00000000c00020b0                put_str
                0x00000000c00020ce                put_char
                0x00000000c000219b                put_int
                0x00000000c00021fe                set_cursor
 .text          0x00000000c0002222       0xa5 build/debug.o
                0x00000000c0002222                panic_spin
 .text          0x00000000c00022c7      0x558 build/memory.o
                0x00000000c0002351                pte_ptr
                0x00000000c0002381                pde_ptr
                0x00000000c0002532                malloc_page
                0x00000000c00025fc                get_kernel_pages
                0x00000000c00027ea                mem_init
 .text          0x00000000c000281f      0x266 build/bitmap.o
                0x00000000c000281f                bitmap_init
                0x00000000c0002846                bitmap_scan_test
                0x00000000c0002886                bitmap_scan
                0x00000000c00029ca                bitmap_set
 .text          0x00000000c0002a85      0x449 build/string.o
                0x00000000c0002a85                memset
                0x00000000c0002ae1                memcpy
                0x00000000c0002b4d                memcmp
                0x00000000c0002bdd                strcpy
                0x00000000c0002c3f                strlen
                0x00000000c0002c95                strcmp
                0x00000000c0002d1c                strchr
                0x00000000c0002d81                strrchr
                0x00000000c0002dea                strcat
                0x00000000c0002e61                strchrs
 .text          0x00000000c0002ece      0x580 build/thread.o
                0x00000000c0002ece                running_thread
                0x00000000c0002efb                thread_create
                0x00000000c0002f61                init_thread
                0x00000000c0002ffc                thread_start
                0x00000000c0003177                schedule
                0x00000000c000329f                thread_block
                0x00000000c0003306                thread_unblock
                0x00000000c0003411                thread_init
 .text          0x00000000c000344e      0x1e3 build/list.o
                0x00000000c000344e                list_init
                0x00000000c000347b                list_insert_before
                0x00000000c00034bc                list_push
                0x00000000c00034d9                list_append
                0x00000000c00034f6                list_remove
                0x00000000c000352c                list_pop
                0x00000000c000354b                elem_find
                0x00000000c0003586                list_traversal
                0x00000000c00035e3                list_len
                0x00000000c0003618                list_empty
 *fill*         0x00000000c0003631        0xf 
 .text          0x00000000c0003640       0x15 build/switch.o
                0x00000000c0003640                switch_to
 .text          0x00000000c0003655       0x9a build/console.o
                0x00000000c0003655                console_init
                0x00000000c0003669                console_acquire
                0x00000000c000367d                console_release
                0x00000000c0003691                console_put_str
                0x00000000c00036ae                console_put_char
                0x00000000c00036d2                console_put_int
 .text          0x00000000c00036ef      0x347 build/sync.o
                0x00000000c00036ef                sema_init
                0x00000000c0003714                lock_init
                0x00000000c0003745                sema_down
                0x00000000c0003859                sema_up
                0x00000000c000390f                lock_acquire
                0x00000000c000398b                lock_release
 .text          0x00000000c0003a36      0x2cb build/keyboard.o
                0x00000000c0003cc1                keyboard_init
 .text          0x00000000c0003d01      0x2ef build/ioqueue.o
                0x00000000c0003d01                ioqueue_init
                0x00000000c0003d5c                ioq_full
                0x00000000c0003e94                ioq_getchar
                0x00000000c0003f41                ioq_putchar
 .text          0x00000000c0003ff0      0x1af build/tss.o
                0x00000000c0003ff0                update_tss_esp
                0x00000000c0004071                tss_init
 *(.gnu.warning)

.fini
 *(SORT(.fini))
                0x00000000c000419f                PROVIDE (__etext, .)
                0x00000000c000419f                PROVIDE (_etext, .)
                0x00000000c000419f                PROVIDE (etext, .)

.rodata         0x00000000c00041a0      0xab8
 *(.rodata .rodata.* .gnu.linkonce.r.*)
 .rodata        0x00000000c00041a0        0xf build/main.o
 .rodata        0x00000000c00041af        0xa build/init.o
 *fill*         0x00000000c00041b9        0x3 
 .rodata        0x00000000c00041bc      0x2c5 build/interrupt.o
 *fill*         0x00000000c0004481        0x3 
 .rodata        0x00000000c0004484       0x6b build/timer.o
 .rodata        0x00000000c00044ef       0x3b build/debug.o
 .rodata        0x00000000c000452a      0x12b build/memory.o
 *fill*         0x00000000c0004655        0x3 
 .rodata        0x00000000c0004658       0x68 build/bitmap.o
 .rodata        0x00000000c00046c0       0xb9 build/string.o
 *fill*         0x00000000c0004779        0x3 
 .rodata        0x00000000c000477c      0x2b3 build/thread.o
 *fill*         0x00000000c0004a2f        0x1 
 .rodata        0x00000000c0004a30      0x12b build/sync.o
 .rodata        0x00000000c0004b5b       0x36 build/keyboard.o
 *fill*         0x00000000c0004b91        0x3 
 .rodata        0x00000000c0004b94       0x9d build/ioqueue.o
 .rodata        0x00000000c0004c31       0x27 build/tss.o

.rodata1
 *(.rodata1)

.eh_frame_hdr
 *(.eh_frame_hdr)

.eh_frame       0x00000000c0004c58      0xb74
 *(.eh_frame)
 .eh_frame      0x00000000c0004c58       0x6c build/main.o
 .eh_frame      0x00000000c0004cc4       0x20 build/init.o
                                         0x38 (size before relaxing)
 .eh_frame      0x00000000c0004ce4      0x188 build/interrupt.o
                                        0x1a0 (size before relaxing)
 .eh_frame      0x00000000c0004e6c       0x8c build/timer.o
                                         0xa4 (size before relaxing)
 .eh_frame      0x00000000c0004ef8       0x1c build/debug.o
                                         0x34 (size before relaxing)
 .eh_frame      0x00000000c0004f14      0x120 build/memory.o
                                        0x138 (size before relaxing)
 .eh_frame      0x00000000c0005034       0x8c build/bitmap.o
                                         0xa4 (size before relaxing)
 .eh_frame      0x00000000c00050c0      0x140 build/string.o
                                        0x158 (size before relaxing)
 .eh_frame      0x00000000c0005200      0x140 build/thread.o
                                        0x158 (size before relaxing)
 .eh_frame      0x00000000c0005340      0x140 build/list.o
                                        0x158 (size before relaxing)
 .eh_frame      0x00000000c0005480       0xc0 build/console.o
                                         0xd8 (size before relaxing)
 .eh_frame      0x00000000c0005540       0xc8 build/sync.o
                                         0xe0 (size before relaxing)
 .eh_frame      0x00000000c0005608       0x60 build/keyboard.o
                                         0x78 (size before relaxing)
 .eh_frame      0x00000000c0005668      0x100 build/ioqueue.o
                                        0x118 (size before relaxing)
 .eh_frame      0x00000000c0005768       0x64 build/tss.o
                                         0x7c (size before relaxing)

.gcc_except_table
 *(.gcc_except_table .gcc_except_table.*)

.exception_ranges
 *(.exception_ranges .exception_ranges*)
                0x00000000c00057cc                . = (ALIGN (0x1000) - ((0x1000 - .) & 0xfff))
                0x00000000c00067cc                . = DATA_SEGMENT_ALIGN (0x1000, 0x1000)

.eh_frame
 *(.eh_frame)

.gcc_except_table
 *(.gcc_except_table .gcc_except_table.*)

.exception_ranges
 *(.exception_ranges .exception_ranges*)

.tdata
 *(.tdata .tdata.* .gnu.linkonce.td.*)

.tbss
 *(.tbss .tbss.* .gnu.linkonce.tb.*)
 *(.tcommon)

.preinit_array  0x00000000c00067cc        0x0
                0x00000000c00067cc                PROVIDE (__preinit_array_start, .)
 *(.preinit_array)
                0x00000000c00067cc                PROVIDE (__preinit_array_end, .)

.init_array     0x00000000c00067cc        0x0
                0x00000000c00067cc                PROVIDE (__init_array_start, .)
 *(SORT(.init_array.*) SORT(.ctors.*))
 *(.init_array EXCLUDE_FILE(*crtend?.o *crtend.o *crtbegin?.o *crtbegin.o) .ctors)
                0x00000000c00067cc                PROVIDE (__init_array_end, .)

.fini_array     0x00000000c00067cc        0x0
                0x00000000c00067cc                PROVIDE (__fini_array_start, .)
 *(SORT(.fini_array.*) SORT(.dtors.*))
 *(.fini_array EXCLUDE_FILE(*crtend?.o *crtend.o *crtbegin?.o *crtbegin.o) .dtors)
                0x00000000c00067cc                PROVIDE (__fini_array_end, .)

.ctors
 *crtbegin.o(.ctors)
 *crtbegin?.o(.ctors)
 *(EXCLUDE_FILE(*crtend?.o *crtend.o) .ctors)
 *(SORT(.ctors.*))
 *(.ctors)

.dtors
 *crtbegin.o(.dtors)
 *crtbegin?.o(.dtors)
 *(EXCLUDE_FILE(*crtend?.o *crtend.o) .dtors)
 *(SORT(.dtors.*))
 *(.dtors)

.jcr
 *(.jcr)

.data.rel.ro
 *(.data.rel.ro.local* .gnu.linkonce.d.rel.ro.local.*)
 *(.data.rel.ro .data.rel.ro.* .gnu.linkonce.d.rel.ro.*)

.dynamic
 *(.dynamic)

.got
 *(.got)
 *(.igot)
                0x00000000c00067cc                . = DATA_SEGMENT_RELRO_END (., (SIZEOF (.got.plt) >= 0xc)?0xc:0x0)

.got.plt        0x00000000c00067cc        0x0
 *(.got.plt)
 *(.igot.plt)
 .igot.plt      0x0000000000000000        0x0 build/main.o

.data           0x00000000c00067e0      0x156
 *(.data .data.* .gnu.linkonce.d.*)
 .data          0x00000000c00067e0        0x0 build/main.o
 .data          0x00000000c00067e0        0x0 build/init.o
 .data          0x00000000c00067e0        0x0 build/interrupt.o
 .data          0x00000000c00067e0        0x0 build/timer.o
 .data          0x00000000c00067e0       0xd2 build/kernel.o
                0x00000000c00067f2                intr_entry_table
 *fill*         0x00000000c00068b2        0x2 
 .data          0x00000000c00068b4        0x8 build/print.o
 .data          0x00000000c00068bc        0x0 build/debug.o
 .data          0x00000000c00068bc        0x0 build/memory.o
 .data          0x00000000c00068bc        0x0 build/bitmap.o
 .data          0x00000000c00068bc        0x0 build/string.o
 .data          0x00000000c00068bc        0x0 build/thread.o
 .data          0x00000000c00068bc        0x0 build/list.o
 .data          0x00000000c00068bc        0x0 build/console.o
 .data          0x00000000c00068bc        0x0 build/sync.o
 *fill*         0x00000000c00068bc        0x4 
 .data          0x00000000c00068c0       0x76 build/keyboard.o
 .data          0x00000000c0006936        0x0 build/ioqueue.o
 .data          0x00000000c0006936        0x0 build/tss.o

.data1
 *(.data1)
                0x00000000c0006936                _edata = .
                0x00000000c0006936                PROVIDE (edata, .)
                0x00000000c0006936                . = .
                0x00000000c0006936                __bss_start = .

.bss            0x00000000c0006940      0x48c
 *(.dynbss)
 *(.bss .bss.* .gnu.linkonce.b.*)
 .bss           0x00000000c0006940        0x0 build/main.o
 .bss           0x00000000c0006940        0x0 build/init.o
 .bss           0x00000000c0006940      0x180 build/interrupt.o
 .bss           0x00000000c0006ac0        0x0 build/timer.o
 .bss           0x00000000c0006ac0        0x0 build/debug.o
 .bss           0x00000000c0006ac0        0x0 build/memory.o
 .bss           0x00000000c0006ac0        0x0 build/bitmap.o
 .bss           0x00000000c0006ac0        0x0 build/string.o
 .bss           0x00000000c0006ac0        0x4 build/thread.o
 .bss           0x00000000c0006ac4        0x0 build/list.o
 .bss           0x00000000c0006ac4       0x1c build/console.o
 .bss           0x00000000c0006ae0        0x0 build/sync.o
 .bss           0x00000000c0006ae0       0x14 build/keyboard.o
 .bss           0x00000000c0006af4        0x0 build/ioqueue.o
 *fill*         0x00000000c0006af4        0xc 
 .bss           0x00000000c0006b00       0x6c build/tss.o
 *(COMMON)
 *fill*         0x00000000c0006b6c       0x14 
 COMMON         0x00000000c0006b80      0x180 build/interrupt.o
                0x00000000c0006b80                intr_name
                0x00000000c0006c40                idt_table
 COMMON         0x00000000c0006d00        0x4 build/timer.o
                0x00000000c0006d00                ticks
 COMMON         0x00000000c0006d04       0x2c build/memory.o
                0x00000000c0006d04                user_pool
                0x00000000c0006d14                kernel_vaddr
                0x00000000c0006d20                kernel_pool
 COMMON         0x00000000c0006d30       0x24 build/thread.o
                0x00000000c0006d30                thread_ready_list
                0x00000000c0006d40                thread_all_list
                0x00000000c0006d50                main_thread
 *fill*         0x00000000c0006d54        0xc 
 COMMON         0x00000000c0006d60       0x6c build/keyboard.o
                0x00000000c0006d60                kbd_buf
                0x00000000c0006dcc                . = ALIGN ((. != 0x0)?0x4:0x1)
                0x00000000c0006dcc                . = ALIGN (0x4)
                0x00000000c0006dcc                . = SEGMENT_START ("ldata-segment", .)
                0x00000000c0006dcc                . = ALIGN (0x4)
                0x00000000c0006dcc                _end = .
                0x00000000c0006dcc                PROVIDE (end, .)
                0x00000000c0006dcc                . = DATA_SEGMENT_END (.)

.stab
 *(.stab)

.stabstr
 *(.stabstr)

.stab.excl
 *(.stab.excl)

.stab.exclstr
 *(.stab.exclstr)

.stab.index
 *(.stab.index)

.stab.indexstr
 *(.stab.indexstr)

.comment        0x0000000000000000       0x2b
 *(.comment)
 .comment       0x0000000000000000       0x2b build/main.o
                                         0x2c (size before relaxing)
 .comment       0x0000000000000000       0x2c build/init.o
 .comment       0x0000000000000000       0x2c build/interrupt.o
 .comment       0x0000000000000000       0x2c build/timer.o
 .comment       0x0000000000000000       0x2c build/debug.o
 .comment       0x0000000000000000       0x2c build/memory.o
 .comment       0x0000000000000000       0x2c build/bitmap.o
 .comment       0x0000000000000000       0x2c build/string.o
 .comment       0x0000000000000000       0x2c build/thread.o
 .comment       0x0000000000000000       0x2c build/list.o
 .comment       0x0000000000000000       0x2c build/console.o
 .comment       0x0000000000000000       0x2c build/sync.o
 .comment       0x0000000000000000       0x2c build/keyboard.o
 .comment       0x0000000000000000       0x2c build/ioqueue.o
 .comment       0x0000000000000000       0x2c build/tss.o

.debug
 *(.debug)

.line
 *(.line)

.debug_srcinfo
 *(.debug_srcinfo)

.debug_sfnames
 *(.debug_sfnames)

.debug_aranges
 *(.debug_aranges)

.debug_pubnames
 *(.debug_pubnames)

.debug_info
 *(.debug_info .gnu.linkonce.wi.*)

.debug_abbrev
 *(.debug_abbrev)

.debug_line
 *(.debug_line .debug_line.* .debug_line_end)

.debug_frame
 *(.debug_frame)

.debug_str
 *(.debug_str)

.debug_loc
 *(.debug_loc)

.debug_macinfo
 *(.debug_macinfo)

.debug_weaknames
 *(.debug_weaknames)

.debug_funcnames
 *(.debug_funcnames)

.debug_typenames
 *(.debug_typenames)

.debug_varnames
 *(.debug_varnames)

.debug_pubtypes
 *(.debug_pubtypes)

.debug_ranges
 *(.debug_ranges)

.debug_macro
 *(.debug_macro)

.gnu.attributes
 *(.gnu.attributes)

/DISCARD/
 *(.note.GNU-stack)
 *(.gnu_debuglink)
 *(.gnu.lto_*)
OUTPUT(build/kernel.bin elf32-i386)
