
Allocating common symbols
Common symbol       size              file

thread_ready_list   0x10              build/thread.o
thread_all_list     0x10              build/thread.o
user_pool           0x10              build/memory.o
intr_name           0x84              build/interrupt.o
main_thread         0x4               build/thread.o
ticks               0x4               build/timer.o
kernel_vaddr        0xc               build/memory.o
idt_table           0x84              build/interrupt.o
kernel_pool         0x10              build/memory.o

Discarded input sections

 .note.GNU-stack
                0x0000000000000000        0x0 build/main.o
 .note.GNU-stack
                0x0000000000000000        0x0 build/init.o
 .note.GNU-stack
                0x0000000000000000        0x0 build/interrupt.o
 .note.GNU-stack
                0x0000000000000000        0x0 build/timer.o
 .note.GNU-stack
                0x0000000000000000        0x0 build/debug.o
 .note.GNU-stack
                0x0000000000000000        0x0 build/memory.o
 .note.GNU-stack
                0x0000000000000000        0x0 build/bitmap.o
 .note.GNU-stack
                0x0000000000000000        0x0 build/string.o
 .note.GNU-stack
                0x0000000000000000        0x0 build/thread.o
 .note.GNU-stack
                0x0000000000000000        0x0 build/list.o

Memory Configuration

Name             Origin             Length             Attributes
*default*        0x0000000000000000 0xffffffffffffffff

Linker script and memory map

Address of section .text set to 0xc0001500
LOAD build/main.o
LOAD build/init.o
LOAD build/interrupt.o
LOAD build/timer.o
LOAD build/kernel.o
LOAD build/print.o
LOAD build/debug.o
LOAD build/memory.o
LOAD build/bitmap.o
LOAD build/string.o
LOAD build/thread.o
LOAD build/list.o
LOAD build/switch.o
                0x0000000008048000                PROVIDE (__executable_start, 0x8048000)
                0x0000000008048094                . = (0x8048000 + SIZEOF_HEADERS)

.interp
 *(.interp)

.note.gnu.build-id
 *(.note.gnu.build-id)

.hash
 *(.hash)

.gnu.hash
 *(.gnu.hash)

.dynsym
 *(.dynsym)

.dynstr
 *(.dynstr)

.gnu.version
 *(.gnu.version)

.gnu.version_d
 *(.gnu.version_d)

.gnu.version_r
 *(.gnu.version_r)

.rel.dyn        0x0000000008048094        0x0
 *(.rel.init)
 *(.rel.text .rel.text.* .rel.gnu.linkonce.t.*)
 .rel.text      0x0000000000000000        0x0 build/main.o
 *(.rel.fini)
 *(.rel.rodata .rel.rodata.* .rel.gnu.linkonce.r.*)
 *(.rel.data.rel.ro .rel.data.rel.ro.* .rel.gnu.linkonce.d.rel.ro.*)
 *(.rel.data .rel.data.* .rel.gnu.linkonce.d.*)
 *(.rel.tdata .rel.tdata.* .rel.gnu.linkonce.td.*)
 *(.rel.tbss .rel.tbss.* .rel.gnu.linkonce.tb.*)
 *(.rel.ctors)
 *(.rel.dtors)
 *(.rel.got)
 *(.rel.bss .rel.bss.* .rel.gnu.linkonce.b.*)
 *(.rel.ifunc)

.rel.plt        0x0000000008048094        0x0
 *(.rel.plt)
                0x0000000008048094                PROVIDE (__rel_iplt_start, .)
 *(.rel.iplt)
 .rel.iplt      0x0000000000000000        0x0 build/main.o
                0x0000000008048094                PROVIDE (__rel_iplt_end, .)

.init
 *(SORT(.init))

.plt            0x00000000080480a0        0x0
 *(.plt)
 *(.iplt)
 .iplt          0x0000000000000000        0x0 build/main.o

.text           0x00000000c0001500     0x1e75
 *(.text.unlikely .text.*_unlikely .text.unlikely.*)
 *(.text.exit .text.exit.*)
 *(.text.startup .text.startup.*)
 *(.text.hot .text.hot.*)
 *(.text .stub .text.* .gnu.linkonce.t.*)
 .text          0x00000000c0001500       0xa7 build/main.o
                0x00000000c0001500                main
                0x00000000c0001575                k_thread_a
                0x00000000c000158e                k_thread_b
 .text          0x00000000c00015a7       0x28 build/init.o
                0x00000000c00015a7                init_all
 .text          0x00000000c00015cf      0x450 build/interrupt.o
                0x00000000c000190d                intr_enable
                0x00000000c0001936                intr_disable
                0x00000000c000195f                intr_set_status
                0x00000000c000197d                intr_get_status
                0x00000000c00019a1                register_handler
                0x00000000c00019bd                idt_init
 .text          0x00000000c0001a1f      0x190 build/timer.o
                0x00000000c0001b4f                timer_init
 *fill*         0x00000000c0001baf        0x1 
 .text          0x00000000c0001bb0      0x393 build/kernel.o
                0x00000000c0001bb0                intr_exit
 *fill*         0x00000000c0001f43        0xd 
 .text          0x00000000c0001f50      0x172 build/print.o
                0x00000000c0001f50                put_str
                0x00000000c0001f6e                put_char
                0x00000000c000203b                put_int
                0x00000000c000209e                set_cursor
 .text          0x00000000c00020c2       0xa5 build/debug.o
                0x00000000c00020c2                panic_spin
 .text          0x00000000c0002167      0x558 build/memory.o
                0x00000000c00021f1                pte_ptr
                0x00000000c0002221                pde_ptr
                0x00000000c00023d2                malloc_page
                0x00000000c000249c                get_kernel_pages
                0x00000000c000268a                mem_init
 .text          0x00000000c00026bf      0x266 build/bitmap.o
                0x00000000c00026bf                bitmap_init
                0x00000000c00026e6                bitmap_scan_test
                0x00000000c0002726                bitmap_scan
                0x00000000c000286a                bitmap_set
 .text          0x00000000c0002925      0x449 build/string.o
                0x00000000c0002925                memset
                0x00000000c0002981                memcpy
                0x00000000c00029ed                memcmp
                0x00000000c0002a7d                strcpy
                0x00000000c0002adf                strlen
                0x00000000c0002b35                strcmp
                0x00000000c0002bbc                strchr
                0x00000000c0002c21                strrchr
                0x00000000c0002c8a                strcat
                0x00000000c0002d01                strchrs
 .text          0x00000000c0002d6e      0x40e build/thread.o
                0x00000000c0002d6e                running_thread
                0x00000000c0002d9b                thread_create
                0x00000000c0002e01                init_thread
                0x00000000c0002e9c                thread_start
                0x00000000c0003017                schedule
                0x00000000c000313f                thread_init
 .text          0x00000000c000317c      0x1e3 build/list.o
                0x00000000c000317c                list_init
                0x00000000c00031a9                list_insert_before
                0x00000000c00031ea                list_push
                0x00000000c0003207                list_append
                0x00000000c0003224                list_remove
                0x00000000c000325a                list_pop
                0x00000000c0003279                elem_find
                0x00000000c00032b4                list_traversal
                0x00000000c0003311                list_len
                0x00000000c0003346                list_empty
 *fill*         0x00000000c000335f        0x1 
 .text          0x00000000c0003360       0x15 build/switch.o
                0x00000000c0003360                switch_to
 *(.gnu.warning)

.fini
 *(SORT(.fini))
                0x00000000c0003375                PROVIDE (__etext, .)
                0x00000000c0003375                PROVIDE (_etext, .)
                0x00000000c0003375                PROVIDE (etext, .)

.rodata         0x00000000c0003378      0x778
 *(.rodata .rodata.* .gnu.linkonce.r.*)
 .rodata        0x00000000c0003378       0x37 build/main.o
 .rodata        0x00000000c00033af        0xa build/init.o
 *fill*         0x00000000c00033b9        0x3 
 .rodata        0x00000000c00033bc      0x2c5 build/interrupt.o
 *fill*         0x00000000c0003681        0x3 
 .rodata        0x00000000c0003684       0x6b build/timer.o
 .rodata        0x00000000c00036ef       0x3b build/debug.o
 .rodata        0x00000000c000372a      0x12b build/memory.o
 *fill*         0x00000000c0003855        0x3 
 .rodata        0x00000000c0003858       0x68 build/bitmap.o
 .rodata        0x00000000c00038c0       0xb9 build/string.o
 *fill*         0x00000000c0003979        0x3 
 .rodata        0x00000000c000397c      0x174 build/thread.o

.rodata1
 *(.rodata1)

.eh_frame_hdr
 *(.eh_frame_hdr)

.eh_frame       0x00000000c0003af0      0x7e8
 *(.eh_frame)
 .eh_frame      0x00000000c0003af0       0x6c build/main.o
 .eh_frame      0x00000000c0003b5c       0x20 build/init.o
                                         0x38 (size before relaxing)
 .eh_frame      0x00000000c0003b7c      0x188 build/interrupt.o
                                        0x1a0 (size before relaxing)
 .eh_frame      0x00000000c0003d04       0x8c build/timer.o
                                         0xa4 (size before relaxing)
 .eh_frame      0x00000000c0003d90       0x1c build/debug.o
                                         0x34 (size before relaxing)
 .eh_frame      0x00000000c0003dac      0x120 build/memory.o
                                        0x138 (size before relaxing)
 .eh_frame      0x00000000c0003ecc       0x8c build/bitmap.o
                                         0xa4 (size before relaxing)
 .eh_frame      0x00000000c0003f58      0x140 build/string.o
                                        0x158 (size before relaxing)
 .eh_frame      0x00000000c0004098      0x100 build/thread.o
                                        0x118 (size before relaxing)
 .eh_frame      0x00000000c0004198      0x140 build/list.o
                                        0x158 (size before relaxing)

.gcc_except_table
 *(.gcc_except_table .gcc_except_table.*)

.exception_ranges
 *(.exception_ranges .exception_ranges*)
                0x00000000c00042d8                . = (ALIGN (0x1000) - ((0x1000 - .) & 0xfff))
                0x00000000c00052d8                . = DATA_SEGMENT_ALIGN (0x1000, 0x1000)

.eh_frame
 *(.eh_frame)

.gcc_except_table
 *(.gcc_except_table .gcc_except_table.*)

.exception_ranges
 *(.exception_ranges .exception_ranges*)

.tdata
 *(.tdata .tdata.* .gnu.linkonce.td.*)

.tbss
 *(.tbss .tbss.* .gnu.linkonce.tb.*)
 *(.tcommon)

.preinit_array  0x00000000c00052d8        0x0
                0x00000000c00052d8                PROVIDE (__preinit_array_start, .)
 *(.preinit_array)
                0x00000000c00052d8                PROVIDE (__preinit_array_end, .)

.init_array     0x00000000c00052d8        0x0
                0x00000000c00052d8                PROVIDE (__init_array_start, .)
 *(SORT(.init_array.*) SORT(.ctors.*))
 *(.init_array EXCLUDE_FILE(*crtend?.o *crtend.o *crtbegin?.o *crtbegin.o) .ctors)
                0x00000000c00052d8                PROVIDE (__init_array_end, .)

.fini_array     0x00000000c00052d8        0x0
                0x00000000c00052d8                PROVIDE (__fini_array_start, .)
 *(SORT(.fini_array.*) SORT(.dtors.*))
 *(.fini_array EXCLUDE_FILE(*crtend?.o *crtend.o *crtbegin?.o *crtbegin.o) .dtors)
                0x00000000c00052d8                PROVIDE (__fini_array_end, .)

.ctors
 *crtbegin.o(.ctors)
 *crtbegin?.o(.ctors)
 *(EXCLUDE_FILE(*crtend?.o *crtend.o) .ctors)
 *(SORT(.ctors.*))
 *(.ctors)

.dtors
 *crtbegin.o(.dtors)
 *crtbegin?.o(.dtors)
 *(EXCLUDE_FILE(*crtend?.o *crtend.o) .dtors)
 *(SORT(.dtors.*))
 *(.dtors)

.jcr
 *(.jcr)

.data.rel.ro
 *(.data.rel.ro.local* .gnu.linkonce.d.rel.ro.local.*)
 *(.data.rel.ro .data.rel.ro.* .gnu.linkonce.d.rel.ro.*)

.dynamic
 *(.dynamic)

.got
 *(.got)
 *(.igot)
                0x00000000c00052d8                . = DATA_SEGMENT_RELRO_END (., (SIZEOF (.got.plt) >= 0xc)?0xc:0x0)

.got.plt        0x00000000c00052d8        0x0
 *(.got.plt)
 *(.igot.plt)
 .igot.plt      0x0000000000000000        0x0 build/main.o

.data           0x00000000c00052d8       0xa0
 *(.data .data.* .gnu.linkonce.d.*)
 .data          0x00000000c00052d8        0x0 build/main.o
 .data          0x00000000c00052d8        0x0 build/init.o
 .data          0x00000000c00052d8        0x0 build/interrupt.o
 .data          0x00000000c00052d8        0x0 build/timer.o
 .data          0x00000000c00052d8       0x96 build/kernel.o
                0x00000000c00052ea                intr_entry_table
 *fill*         0x00000000c000536e        0x2 
 .data          0x00000000c0005370        0x8 build/print.o
 .data          0x00000000c0005378        0x0 build/debug.o
 .data          0x00000000c0005378        0x0 build/memory.o
 .data          0x00000000c0005378        0x0 build/bitmap.o
 .data          0x00000000c0005378        0x0 build/string.o
 .data          0x00000000c0005378        0x0 build/thread.o
 .data          0x00000000c0005378        0x0 build/list.o

.data1
 *(.data1)
                0x00000000c0005378                _edata = .
                0x00000000c0005378                PROVIDE (edata, .)
                0x00000000c0005378                . = .
                0x00000000c0005378                __bss_start = .

.bss            0x00000000c0005380      0x298
 *(.dynbss)
 *(.bss .bss.* .gnu.linkonce.b.*)
 .bss           0x00000000c0005380        0x0 build/main.o
 .bss           0x00000000c0005380        0x0 build/init.o
 .bss           0x00000000c0005380      0x108 build/interrupt.o
 .bss           0x00000000c0005488        0x0 build/timer.o
 .bss           0x00000000c0005488        0x0 build/debug.o
 .bss           0x00000000c0005488        0x0 build/memory.o
 .bss           0x00000000c0005488        0x0 build/bitmap.o
 .bss           0x00000000c0005488        0x0 build/string.o
 .bss           0x00000000c0005488        0x4 build/thread.o
 .bss           0x00000000c000548c        0x0 build/list.o
 *(COMMON)
 *fill*         0x00000000c000548c       0x14 
 COMMON         0x00000000c00054a0      0x124 build/interrupt.o
                0x00000000c00054a0                intr_name
                0x00000000c0005540                idt_table
 COMMON         0x00000000c00055c4        0x4 build/timer.o
                0x00000000c00055c4                ticks
 COMMON         0x00000000c00055c8       0x2c build/memory.o
                0x00000000c00055c8                user_pool
                0x00000000c00055d8                kernel_vaddr
                0x00000000c00055e4                kernel_pool
 COMMON         0x00000000c00055f4       0x24 build/thread.o
                0x00000000c00055f4                thread_ready_list
                0x00000000c0005604                thread_all_list
                0x00000000c0005614                main_thread
                0x00000000c0005618                . = ALIGN ((. != 0x0)?0x4:0x1)
                0x00000000c0005618                . = ALIGN (0x4)
                0x00000000c0005618                . = SEGMENT_START ("ldata-segment", .)
                0x00000000c0005618                . = ALIGN (0x4)
                0x00000000c0005618                _end = .
                0x00000000c0005618                PROVIDE (end, .)
                0x00000000c0005618                . = DATA_SEGMENT_END (.)

.stab
 *(.stab)

.stabstr
 *(.stabstr)

.stab.excl
 *(.stab.excl)

.stab.exclstr
 *(.stab.exclstr)

.stab.index
 *(.stab.index)

.stab.indexstr
 *(.stab.indexstr)

.comment        0x0000000000000000       0x2b
 *(.comment)
 .comment       0x0000000000000000       0x2b build/main.o
                                         0x2c (size before relaxing)
 .comment       0x0000000000000000       0x2c build/init.o
 .comment       0x0000000000000000       0x2c build/interrupt.o
 .comment       0x0000000000000000       0x2c build/timer.o
 .comment       0x0000000000000000       0x2c build/debug.o
 .comment       0x0000000000000000       0x2c build/memory.o
 .comment       0x0000000000000000       0x2c build/bitmap.o
 .comment       0x0000000000000000       0x2c build/string.o
 .comment       0x0000000000000000       0x2c build/thread.o
 .comment       0x0000000000000000       0x2c build/list.o

.debug
 *(.debug)

.line
 *(.line)

.debug_srcinfo
 *(.debug_srcinfo)

.debug_sfnames
 *(.debug_sfnames)

.debug_aranges
 *(.debug_aranges)

.debug_pubnames
 *(.debug_pubnames)

.debug_info
 *(.debug_info .gnu.linkonce.wi.*)

.debug_abbrev
 *(.debug_abbrev)

.debug_line
 *(.debug_line .debug_line.* .debug_line_end)

.debug_frame
 *(.debug_frame)

.debug_str
 *(.debug_str)

.debug_loc
 *(.debug_loc)

.debug_macinfo
 *(.debug_macinfo)

.debug_weaknames
 *(.debug_weaknames)

.debug_funcnames
 *(.debug_funcnames)

.debug_typenames
 *(.debug_typenames)

.debug_varnames
 *(.debug_varnames)

.debug_pubtypes
 *(.debug_pubtypes)

.debug_ranges
 *(.debug_ranges)

.debug_macro
 *(.debug_macro)

.gnu.attributes
 *(.gnu.attributes)

/DISCARD/
 *(.note.GNU-stack)
 *(.gnu_debuglink)
 *(.gnu.lto_*)
OUTPUT(build/kernel.bin elf32-i386)
