
Allocating common symbols
Common symbol       size              file

user_pool           0x10              build/memory.o
intr_name           0x84              build/interrupt.o
kernel_vaddr        0xc               build/memory.o
idt_table           0x84              build/interrupt.o
kernel_pool         0x10              build/memory.o

Discarded input sections

 .note.GNU-stack
                0x0000000000000000        0x0 build/main.o
 .note.GNU-stack
                0x0000000000000000        0x0 build/init.o
 .note.GNU-stack
                0x0000000000000000        0x0 build/interrupt.o
 .note.GNU-stack
                0x0000000000000000        0x0 build/timer.o
 .note.GNU-stack
                0x0000000000000000        0x0 build/debug.o
 .note.GNU-stack
                0x0000000000000000        0x0 build/memory.o
 .note.GNU-stack
                0x0000000000000000        0x0 build/bitmap.o
 .note.GNU-stack
                0x0000000000000000        0x0 build/string.o
 .note.GNU-stack
                0x0000000000000000        0x0 build/thread.o

Memory Configuration

Name             Origin             Length             Attributes
*default*        0x0000000000000000 0xffffffffffffffff

Linker script and memory map

Address of section .text set to 0xc0001500
LOAD build/main.o
LOAD build/init.o
LOAD build/interrupt.o
LOAD build/timer.o
LOAD build/kernel.o
LOAD build/print.o
LOAD build/debug.o
LOAD build/memory.o
LOAD build/bitmap.o
LOAD build/string.o
LOAD build/thread.o
                0x0000000008048000                PROVIDE (__executable_start, 0x8048000)
                0x0000000008048094                . = (0x8048000 + SIZEOF_HEADERS)

.interp
 *(.interp)

.note.gnu.build-id
 *(.note.gnu.build-id)

.hash
 *(.hash)

.gnu.hash
 *(.gnu.hash)

.dynsym
 *(.dynsym)

.dynstr
 *(.dynstr)

.gnu.version
 *(.gnu.version)

.gnu.version_d
 *(.gnu.version_d)

.gnu.version_r
 *(.gnu.version_r)

.rel.dyn        0x0000000008048094        0x0
 *(.rel.init)
 *(.rel.text .rel.text.* .rel.gnu.linkonce.t.*)
 .rel.text      0x0000000000000000        0x0 build/main.o
 *(.rel.fini)
 *(.rel.rodata .rel.rodata.* .rel.gnu.linkonce.r.*)
 *(.rel.data.rel.ro .rel.data.rel.ro.* .rel.gnu.linkonce.d.rel.ro.*)
 *(.rel.data .rel.data.* .rel.gnu.linkonce.d.*)
 *(.rel.tdata .rel.tdata.* .rel.gnu.linkonce.td.*)
 *(.rel.tbss .rel.tbss.* .rel.gnu.linkonce.tb.*)
 *(.rel.ctors)
 *(.rel.dtors)
 *(.rel.got)
 *(.rel.bss .rel.bss.* .rel.gnu.linkonce.b.*)
 *(.rel.ifunc)

.rel.plt        0x0000000008048094        0x0
 *(.rel.plt)
                0x0000000008048094                PROVIDE (__rel_iplt_start, .)
 *(.rel.iplt)
 .rel.iplt      0x0000000000000000        0x0 build/main.o
                0x0000000008048094                PROVIDE (__rel_iplt_end, .)

.init
 *(SORT(.init))

.plt            0x00000000080480a0        0x0
 *(.plt)
 *(.iplt)
 .iplt          0x0000000000000000        0x0 build/main.o

.text           0x00000000c0001500     0x1811
 *(.text.unlikely .text.*_unlikely .text.unlikely.*)
 *(.text.exit .text.exit.*)
 *(.text.startup .text.startup.*)
 *(.text.hot .text.hot.*)
 *(.text .stub .text.* .gnu.linkonce.t.*)
 .text          0x00000000c0001500       0x5a build/main.o
                0x00000000c0001500                main
                0x00000000c0001540                k_thread_a
 .text          0x00000000c000155a       0x23 build/init.o
                0x00000000c000155a                init_all
 .text          0x00000000c000157d      0x3b8 build/interrupt.o
                0x00000000c000183f                intr_enable
                0x00000000c0001868                intr_disable
                0x00000000c0001891                intr_set_status
                0x00000000c00018af                intr_get_status
                0x00000000c00018d3                idt_init
 .text          0x00000000c0001935       0xfd build/timer.o
                0x00000000c00019e6                timer_init
 *fill*         0x00000000c0001a32        0xe 
 .text          0x00000000c0001a40      0x393 build/kernel.o
                0x00000000c0001a40                intr_exit
 *fill*         0x00000000c0001dd3        0xd 
 .text          0x00000000c0001de0      0x14e build/print.o
                0x00000000c0001de0                put_str
                0x00000000c0001dfe                put_char
                0x00000000c0001ecb                put_int
 .text          0x00000000c0001f2e       0xa5 build/debug.o
                0x00000000c0001f2e                panic_spin
 .text          0x00000000c0001fd3      0x558 build/memory.o
                0x00000000c000205d                pte_ptr
                0x00000000c000208d                pde_ptr
                0x00000000c000223e                malloc_page
                0x00000000c0002308                get_kernel_pages
                0x00000000c00024f6                mem_init
 .text          0x00000000c000252b      0x266 build/bitmap.o
                0x00000000c000252b                bitmap_init
                0x00000000c0002552                bitmap_scan_test
                0x00000000c0002592                bitmap_scan
                0x00000000c00026d6                bitmap_set
 .text          0x00000000c0002791      0x449 build/string.o
                0x00000000c0002791                memset
                0x00000000c00027ed                memcpy
                0x00000000c0002859                memcmp
                0x00000000c00028e9                strcpy
                0x00000000c000294b                strlen
                0x00000000c00029a1                strcmp
                0x00000000c0002a28                strchr
                0x00000000c0002a8d                strrchr
                0x00000000c0002af6                strcat
                0x00000000c0002b6d                strchrs
 .text          0x00000000c0002bda      0x137 build/thread.o
                0x00000000c0002bed                thread_create
                0x00000000c0002c53                init_thread
                0x00000000c0002cb9                thread_start
 *(.gnu.warning)

.fini
 *(SORT(.fini))
                0x00000000c0002d11                PROVIDE (__etext, .)
                0x00000000c0002d11                PROVIDE (_etext, .)
                0x00000000c0002d11                PROVIDE (etext, .)

.rodata         0x00000000c0002d14      0x53d
 *(.rodata .rodata.* .gnu.linkonce.r.*)
 .rodata        0x00000000c0002d14       0x1f build/main.o
 .rodata        0x00000000c0002d33        0xa build/init.o
 *fill*         0x00000000c0002d3d        0x3 
 .rodata        0x00000000c0002d40      0x265 build/interrupt.o
 .rodata        0x00000000c0002fa5       0x23 build/timer.o
 .rodata        0x00000000c0002fc8       0x3b build/debug.o
 .rodata        0x00000000c0003003      0x12b build/memory.o
 *fill*         0x00000000c000312e        0x2 
 .rodata        0x00000000c0003130       0x68 build/bitmap.o
 .rodata        0x00000000c0003198       0xb9 build/string.o

.rodata1
 *(.rodata1)

.eh_frame_hdr
 *(.eh_frame_hdr)

.eh_frame       0x00000000c0003254      0x5d0
 *(.eh_frame)
 .eh_frame      0x00000000c0003254       0x54 build/main.o
 .eh_frame      0x00000000c00032a8       0x20 build/init.o
                                         0x38 (size before relaxing)
 .eh_frame      0x00000000c00032c8      0x168 build/interrupt.o
                                        0x180 (size before relaxing)
 .eh_frame      0x00000000c0003430       0x6c build/timer.o
                                         0x84 (size before relaxing)
 .eh_frame      0x00000000c000349c       0x1c build/debug.o
                                         0x34 (size before relaxing)
 .eh_frame      0x00000000c00034b8      0x120 build/memory.o
                                        0x138 (size before relaxing)
 .eh_frame      0x00000000c00035d8       0x8c build/bitmap.o
                                         0xa4 (size before relaxing)
 .eh_frame      0x00000000c0003664      0x140 build/string.o
                                        0x158 (size before relaxing)
 .eh_frame      0x00000000c00037a4       0x80 build/thread.o
                                         0x98 (size before relaxing)

.gcc_except_table
 *(.gcc_except_table .gcc_except_table.*)

.exception_ranges
 *(.exception_ranges .exception_ranges*)
                0x00000000c0003824                . = (ALIGN (0x1000) - ((0x1000 - .) & 0xfff))
                0x00000000c0004824                . = DATA_SEGMENT_ALIGN (0x1000, 0x1000)

.eh_frame
 *(.eh_frame)

.gcc_except_table
 *(.gcc_except_table .gcc_except_table.*)

.exception_ranges
 *(.exception_ranges .exception_ranges*)

.tdata
 *(.tdata .tdata.* .gnu.linkonce.td.*)

.tbss
 *(.tbss .tbss.* .gnu.linkonce.tb.*)
 *(.tcommon)

.preinit_array  0x00000000c0004824        0x0
                0x00000000c0004824                PROVIDE (__preinit_array_start, .)
 *(.preinit_array)
                0x00000000c0004824                PROVIDE (__preinit_array_end, .)

.init_array     0x00000000c0004824        0x0
                0x00000000c0004824                PROVIDE (__init_array_start, .)
 *(SORT(.init_array.*) SORT(.ctors.*))
 *(.init_array EXCLUDE_FILE(*crtend?.o *crtend.o *crtbegin?.o *crtbegin.o) .ctors)
                0x00000000c0004824                PROVIDE (__init_array_end, .)

.fini_array     0x00000000c0004824        0x0
                0x00000000c0004824                PROVIDE (__fini_array_start, .)
 *(SORT(.fini_array.*) SORT(.dtors.*))
 *(.fini_array EXCLUDE_FILE(*crtend?.o *crtend.o *crtbegin?.o *crtbegin.o) .dtors)
                0x00000000c0004824                PROVIDE (__fini_array_end, .)

.ctors
 *crtbegin.o(.ctors)
 *crtbegin?.o(.ctors)
 *(EXCLUDE_FILE(*crtend?.o *crtend.o) .ctors)
 *(SORT(.ctors.*))
 *(.ctors)

.dtors
 *crtbegin.o(.dtors)
 *crtbegin?.o(.dtors)
 *(EXCLUDE_FILE(*crtend?.o *crtend.o) .dtors)
 *(SORT(.dtors.*))
 *(.dtors)

.jcr
 *(.jcr)

.data.rel.ro
 *(.data.rel.ro.local* .gnu.linkonce.d.rel.ro.local.*)
 *(.data.rel.ro .data.rel.ro.* .gnu.linkonce.d.rel.ro.*)

.dynamic
 *(.dynamic)

.got
 *(.got)
 *(.igot)
                0x00000000c0004824                . = DATA_SEGMENT_RELRO_END (., (SIZEOF (.got.plt) >= 0xc)?0xc:0x0)

.got.plt        0x00000000c0004824        0x0
 *(.got.plt)
 *(.igot.plt)
 .igot.plt      0x0000000000000000        0x0 build/main.o

.data           0x00000000c0004824       0xa0
 *(.data .data.* .gnu.linkonce.d.*)
 .data          0x00000000c0004824        0x0 build/main.o
 .data          0x00000000c0004824        0x0 build/init.o
 .data          0x00000000c0004824        0x0 build/interrupt.o
 .data          0x00000000c0004824        0x0 build/timer.o
 .data          0x00000000c0004824       0x96 build/kernel.o
                0x00000000c0004836                intr_entry_table
 *fill*         0x00000000c00048ba        0x2 
 .data          0x00000000c00048bc        0x8 build/print.o
 .data          0x00000000c00048c4        0x0 build/debug.o
 .data          0x00000000c00048c4        0x0 build/memory.o
 .data          0x00000000c00048c4        0x0 build/bitmap.o
 .data          0x00000000c00048c4        0x0 build/string.o
 .data          0x00000000c00048c4        0x0 build/thread.o

.data1
 *(.data1)
                0x00000000c00048c4                _edata = .
                0x00000000c00048c4                PROVIDE (edata, .)
                0x00000000c00048c4                . = .
                0x00000000c00048c4                __bss_start = .

.bss            0x00000000c00048e0      0x270
 *(.dynbss)
 *(.bss .bss.* .gnu.linkonce.b.*)
 .bss           0x00000000c00048e0        0x0 build/main.o
 .bss           0x00000000c00048e0        0x0 build/init.o
 .bss           0x00000000c00048e0      0x108 build/interrupt.o
 .bss           0x00000000c00049e8        0x0 build/timer.o
 .bss           0x00000000c00049e8        0x0 build/debug.o
 .bss           0x00000000c00049e8        0x0 build/memory.o
 .bss           0x00000000c00049e8        0x0 build/bitmap.o
 .bss           0x00000000c00049e8        0x0 build/string.o
 .bss           0x00000000c00049e8        0x0 build/thread.o
 *(COMMON)
 *fill*         0x00000000c00049e8       0x18 
 COMMON         0x00000000c0004a00      0x124 build/interrupt.o
                0x00000000c0004a00                intr_name
                0x00000000c0004aa0                idt_table
 COMMON         0x00000000c0004b24       0x2c build/memory.o
                0x00000000c0004b24                user_pool
                0x00000000c0004b34                kernel_vaddr
                0x00000000c0004b40                kernel_pool
                0x00000000c0004b50                . = ALIGN ((. != 0x0)?0x4:0x1)
                0x00000000c0004b50                . = ALIGN (0x4)
                0x00000000c0004b50                . = SEGMENT_START ("ldata-segment", .)
                0x00000000c0004b50                . = ALIGN (0x4)
                0x00000000c0004b50                _end = .
                0x00000000c0004b50                PROVIDE (end, .)
                0x00000000c0004b50                . = DATA_SEGMENT_END (.)

.stab
 *(.stab)

.stabstr
 *(.stabstr)

.stab.excl
 *(.stab.excl)

.stab.exclstr
 *(.stab.exclstr)

.stab.index
 *(.stab.index)

.stab.indexstr
 *(.stab.indexstr)

.comment        0x0000000000000000       0x2b
 *(.comment)
 .comment       0x0000000000000000       0x2b build/main.o
                                         0x2c (size before relaxing)
 .comment       0x0000000000000000       0x2c build/init.o
 .comment       0x0000000000000000       0x2c build/interrupt.o
 .comment       0x0000000000000000       0x2c build/timer.o
 .comment       0x0000000000000000       0x2c build/debug.o
 .comment       0x0000000000000000       0x2c build/memory.o
 .comment       0x0000000000000000       0x2c build/bitmap.o
 .comment       0x0000000000000000       0x2c build/string.o
 .comment       0x0000000000000000       0x2c build/thread.o

.debug
 *(.debug)

.line
 *(.line)

.debug_srcinfo
 *(.debug_srcinfo)

.debug_sfnames
 *(.debug_sfnames)

.debug_aranges
 *(.debug_aranges)

.debug_pubnames
 *(.debug_pubnames)

.debug_info
 *(.debug_info .gnu.linkonce.wi.*)

.debug_abbrev
 *(.debug_abbrev)

.debug_line
 *(.debug_line .debug_line.* .debug_line_end)

.debug_frame
 *(.debug_frame)

.debug_str
 *(.debug_str)

.debug_loc
 *(.debug_loc)

.debug_macinfo
 *(.debug_macinfo)

.debug_weaknames
 *(.debug_weaknames)

.debug_funcnames
 *(.debug_funcnames)

.debug_typenames
 *(.debug_typenames)

.debug_varnames
 *(.debug_varnames)

.debug_pubtypes
 *(.debug_pubtypes)

.debug_ranges
 *(.debug_ranges)

.debug_macro
 *(.debug_macro)

.gnu.attributes
 *(.gnu.attributes)

/DISCARD/
 *(.note.GNU-stack)
 *(.gnu_debuglink)
 *(.gnu.lto_*)
OUTPUT(build/kernel.bin elf32-i386)
