
Allocating common symbols
Common symbol       size              file

kbd_buf             0x6c              build/keyboard.o
root_dir            0x208             build/dir.o
thread_ready_list   0x10              build/thread.o
thread_all_list     0x10              build/thread.o
user_pool           0x2c              build/memory.o
channel_cnt         0x1               build/ide.o
cur_part            0x4               build/fs.o
k_block_descs       0xa8              build/memory.o
idle_thread         0x4               build/thread.o
intr_name           0x204             build/interrupt.o
main_thread         0x4               build/thread.o
channels            0xcc0             build/ide.o
ticks               0x4               build/timer.o
kernel_vaddr        0xc               build/memory.o
syscall_table       0x80              build/syscall-init.o
idt_table           0x204             build/interrupt.o
file_table          0x180             build/file.o
partition_list      0x10              build/ide.o
kernel_pool         0x2c              build/memory.o
pid_lock            0x1c              build/thread.o

Discarded input sections

 .note.GNU-stack
                0x0000000000000000        0x0 build/main.o
 .note.GNU-stack
                0x0000000000000000        0x0 build/init.o
 .note.GNU-stack
                0x0000000000000000        0x0 build/interrupt.o
 .note.GNU-stack
                0x0000000000000000        0x0 build/timer.o
 .note.GNU-stack
                0x0000000000000000        0x0 build/debug.o
 .note.GNU-stack
                0x0000000000000000        0x0 build/memory.o
 .note.GNU-stack
                0x0000000000000000        0x0 build/bitmap.o
 .note.GNU-stack
                0x0000000000000000        0x0 build/string.o
 .note.GNU-stack
                0x0000000000000000        0x0 build/thread.o
 .note.GNU-stack
                0x0000000000000000        0x0 build/list.o
 .note.GNU-stack
                0x0000000000000000        0x0 build/console.o
 .note.GNU-stack
                0x0000000000000000        0x0 build/sync.o
 .note.GNU-stack
                0x0000000000000000        0x0 build/keyboard.o
 .note.GNU-stack
                0x0000000000000000        0x0 build/ioqueue.o
 .note.GNU-stack
                0x0000000000000000        0x0 build/tss.o
 .note.GNU-stack
                0x0000000000000000        0x0 build/process.o
 .note.GNU-stack
                0x0000000000000000        0x0 build/syscall.o
 .note.GNU-stack
                0x0000000000000000        0x0 build/syscall-init.o
 .note.GNU-stack
                0x0000000000000000        0x0 build/stdio.o
 .note.GNU-stack
                0x0000000000000000        0x0 build/ide.o
 .note.GNU-stack
                0x0000000000000000        0x0 build/stdio-kernel.o
 .note.GNU-stack
                0x0000000000000000        0x0 build/fs.o
 .note.GNU-stack
                0x0000000000000000        0x0 build/inode.o
 .note.GNU-stack
                0x0000000000000000        0x0 build/file.o
 .note.GNU-stack
                0x0000000000000000        0x0 build/dir.o

Memory Configuration

Name             Origin             Length             Attributes
*default*        0x0000000000000000 0xffffffffffffffff

Linker script and memory map

Address of section .text set to 0xc0001500
LOAD build/main.o
LOAD build/init.o
LOAD build/interrupt.o
LOAD build/timer.o
LOAD build/kernel.o
LOAD build/print.o
LOAD build/debug.o
LOAD build/memory.o
LOAD build/bitmap.o
LOAD build/string.o
LOAD build/thread.o
LOAD build/list.o
LOAD build/switch.o
LOAD build/console.o
LOAD build/sync.o
LOAD build/keyboard.o
LOAD build/ioqueue.o
LOAD build/tss.o
LOAD build/process.o
LOAD build/syscall.o
LOAD build/syscall-init.o
LOAD build/stdio.o
LOAD build/ide.o
LOAD build/stdio-kernel.o
LOAD build/fs.o
LOAD build/inode.o
LOAD build/file.o
LOAD build/dir.o
                0x0000000008048000                PROVIDE (__executable_start, 0x8048000)
                0x0000000008048094                . = (0x8048000 + SIZEOF_HEADERS)

.interp
 *(.interp)

.note.gnu.build-id
 *(.note.gnu.build-id)

.hash
 *(.hash)

.gnu.hash
 *(.gnu.hash)

.dynsym
 *(.dynsym)

.dynstr
 *(.dynstr)

.gnu.version
 *(.gnu.version)

.gnu.version_d
 *(.gnu.version_d)

.gnu.version_r
 *(.gnu.version_r)

.rel.dyn        0x0000000008048094        0x0
 *(.rel.init)
 *(.rel.text .rel.text.* .rel.gnu.linkonce.t.*)
 .rel.text      0x0000000000000000        0x0 build/main.o
 *(.rel.fini)
 *(.rel.rodata .rel.rodata.* .rel.gnu.linkonce.r.*)
 *(.rel.data.rel.ro .rel.data.rel.ro.* .rel.gnu.linkonce.d.rel.ro.*)
 *(.rel.data .rel.data.* .rel.gnu.linkonce.d.*)
 *(.rel.tdata .rel.tdata.* .rel.gnu.linkonce.td.*)
 *(.rel.tbss .rel.tbss.* .rel.gnu.linkonce.tb.*)
 *(.rel.ctors)
 *(.rel.dtors)
 *(.rel.got)
 *(.rel.bss .rel.bss.* .rel.gnu.linkonce.b.*)
 *(.rel.ifunc)

.rel.plt        0x0000000008048094        0x0
 *(.rel.plt)
                0x0000000008048094                PROVIDE (__rel_iplt_start, .)
 *(.rel.iplt)
 .rel.iplt      0x0000000000000000        0x0 build/main.o
                0x0000000008048094                PROVIDE (__rel_iplt_end, .)

.init
 *(SORT(.init))

.plt            0x00000000080480a0        0x0
 *(.plt)
 *(.iplt)
 .iplt          0x0000000000000000        0x0 build/main.o

.text           0x00000000c0001500     0x7d30
 *(.text.unlikely .text.*_unlikely .text.unlikely.*)
 *(.text.exit .text.exit.*)
 *(.text.startup .text.startup.*)
 *(.text.hot .text.hot.*)
 *(.text .stub .text.* .gnu.linkonce.t.*)
 .text          0x00000000c0001500      0x32d build/main.o
                0x00000000c0001500                main
                0x00000000c000159d                k_thread_a
                0x00000000c0001659                k_thread_b
                0x00000000c0001715                u_prog_a
                0x00000000c00017a1                u_prog_b
 .text          0x00000000c000182d       0x4b build/init.o
                0x00000000c000182d                init_all
 .text          0x00000000c0001878      0x480 build/interrupt.o
                0x00000000c0001be6                intr_enable
                0x00000000c0001c0f                intr_disable
                0x00000000c0001c38                intr_set_status
                0x00000000c0001c56                intr_get_status
                0x00000000c0001c7a                register_handler
                0x00000000c0001c96                idt_init
 .text          0x00000000c0001cf8      0x209 build/timer.o
                0x00000000c0001e4f                mtime_sleep
                0x00000000c0001ea1                timer_init
 *fill*         0x00000000c0001f01        0xf 
 .text          0x00000000c0001f10      0x55b build/kernel.o
                0x00000000c0001f10                intr_exit
                0x00000000c0002447                syscall_handler
 *fill*         0x00000000c000246b        0x5 
 .text          0x00000000c0002470      0x172 build/print.o
                0x00000000c0002470                put_str
                0x00000000c000248e                put_char
                0x00000000c000255b                put_int
                0x00000000c00025be                set_cursor
 .text          0x00000000c00025e2       0xa5 build/debug.o
                0x00000000c00025e2                panic_spin
 .text          0x00000000c0002687     0x1139 build/memory.o
                0x00000000c0002687                block_desc_init
                0x00000000c0002845                pte_ptr
                0x00000000c0002875                pde_ptr
                0x00000000c0002a26                malloc_page
                0x00000000c0002af0                get_kernel_pages
                0x00000000c0002b4c                get_user_pages
                0x00000000c0002ba2                get_a_page
                0x00000000c0002d1a                addr_v2p
                0x00000000c0002f2f                sys_malloc
                0x00000000c000325e                pfree
                0x00000000c00033a1                mfree_page
                0x00000000c000357e                sys_free
                0x00000000c000377f                mem_init
 .text          0x00000000c00037c0      0x266 build/bitmap.o
                0x00000000c00037c0                bitmap_init
                0x00000000c00037e7                bitmap_scan_test
                0x00000000c0003827                bitmap_scan
                0x00000000c000396b                bitmap_set
 .text          0x00000000c0003a26      0x449 build/string.o
                0x00000000c0003a26                memset
                0x00000000c0003a82                memcpy
                0x00000000c0003aee                memcmp
                0x00000000c0003b7e                strcpy
                0x00000000c0003be0                strlen
                0x00000000c0003c36                strcmp
                0x00000000c0003cbd                strchr
                0x00000000c0003d22                strrchr
                0x00000000c0003d8b                strcat
                0x00000000c0003e02                strchrs
 .text          0x00000000c0003e6f      0x705 build/thread.o
                0x00000000c0003e85                running_thread
                0x00000000c0003ee9                thread_create
                0x00000000c0003f4f                init_thread
                0x00000000c000403f                thread_start
                0x00000000c00041ba                schedule
                0x00000000c000430a                thread_block
                0x00000000c0004371                thread_unblock
                0x00000000c000447c                thread_yield
                0x00000000c0004502                thread_init
 .text          0x00000000c0004574      0x1e3 build/list.o
                0x00000000c0004574                list_init
                0x00000000c00045a1                list_insert_before
                0x00000000c00045e2                list_push
                0x00000000c00045ff                list_append
                0x00000000c000461c                list_remove
                0x00000000c0004652                list_pop
                0x00000000c0004671                elem_find
                0x00000000c00046ac                list_traversal
                0x00000000c0004709                list_len
                0x00000000c000473e                list_empty
 *fill*         0x00000000c0004757        0x9 
 .text          0x00000000c0004760       0x15 build/switch.o
                0x00000000c0004760                switch_to
 .text          0x00000000c0004775       0x9a build/console.o
                0x00000000c0004775                console_init
                0x00000000c0004789                console_acquire
                0x00000000c000479d                console_release
                0x00000000c00047b1                console_put_str
                0x00000000c00047ce                console_put_char
                0x00000000c00047f2                console_put_int
 .text          0x00000000c000480f      0x347 build/sync.o
                0x00000000c000480f                sema_init
                0x00000000c0004834                lock_init
                0x00000000c0004865                sema_down
                0x00000000c0004979                sema_up
                0x00000000c0004a2f                lock_acquire
                0x00000000c0004aab                lock_release
 .text          0x00000000c0004b56      0x2cb build/keyboard.o
                0x00000000c0004de1                keyboard_init
 .text          0x00000000c0004e21      0x2ef build/ioqueue.o
                0x00000000c0004e21                ioqueue_init
                0x00000000c0004e7c                ioq_full
                0x00000000c0004fb4                ioq_getchar
                0x00000000c0005061                ioq_putchar
 .text          0x00000000c0005110      0x1af build/tss.o
                0x00000000c0005110                update_tss_esp
                0x00000000c0005191                tss_init
 .text          0x00000000c00052bf      0x365 build/process.o
                0x00000000c00052bf                start_process
                0x00000000c00053c5                page_dir_activate
                0x00000000c00053f5                process_activate
                0x00000000c0005447                create_page_dir
                0x00000000c00054b8                create_user_vaddr_bitmap
                0x00000000c00054fa                process_execute
 .text          0x00000000c0005624       0x73 build/syscall.o
                0x00000000c0005624                getpid
                0x00000000c0005639                write
                0x00000000c000565c                malloc
                0x00000000c000567b                free
 .text          0x00000000c0005697       0x5a build/syscall-init.o
                0x00000000c0005697                sys_getpid
                0x00000000c00056a9                syscall_init
 .text          0x00000000c00056f1      0x2bb build/stdio.o
                0x00000000c0005778                vsprintf
                0x00000000c00058fc                sprintf
                0x00000000c0005930                printf
 .text          0x00000000c00059ac      0xe04 build/ide.o
                0x00000000c0005cc6                ide_read
                0x00000000c0005e54                ide_write
                0x00000000c00064e6                intr_hd_handler
                0x00000000c00065a7                ide_init
 .text          0x00000000c00067b0       0x62 build/stdio-kernel.o
                0x00000000c00067b0                printk
 .text          0x00000000c0006812     0x105e build/fs.o
                0x00000000c0006f73                path_depth_cnt
                0x00000000c000727e                sys_open
                0x00000000c000752b                sys_close
                0x00000000c0007580                sys_write
                0x00000000c000766a                filesys_init
 .text          0x00000000c0007870      0x439 build/inode.o
                0x00000000c0007914                inode_sync
                0x00000000c0007a88                inode_open
                0x00000000c0007be3                inode_close
                0x00000000c0007c54                inode_init
 .text          0x00000000c0007ca9      0xe27 build/file.o
                0x00000000c0007ca9                get_free_slot_in_global
                0x00000000c0007cfa                pcb_fd_install
                0x00000000c0007d63                inode_bitmap_alloc
                0x00000000c0007db1                block_bitmap_alloc
                0x00000000c0007e0a                bitmap_sync
                0x00000000c0007e9e                file_create
                0x00000000c0008176                file_open
                0x00000000c0008281                file_close
                0x00000000c00082c0                file_write
 .text          0x00000000c0008ad0      0x760 build/dir.o
                0x00000000c0008ad0                open_root_dir
                0x00000000c0008aff                dir_open
                0x00000000c0008b3a                search_dir_entry
                0x00000000c0008d1c                dir_close
                0x00000000c0008d47                create_dir_entry
                0x00000000c0008dbd                sync_dir_entry
 *(.gnu.warning)

.fini
 *(SORT(.fini))
                0x00000000c0009230                PROVIDE (__etext, .)
                0x00000000c0009230                PROVIDE (_etext, .)
                0x00000000c0009230                PROVIDE (etext, .)

.rodata         0x00000000c0009230     0x1a01
 *(.rodata .rodata.* .gnu.linkonce.r.*)
 .rodata        0x00000000c0009230       0xbc build/main.o
 .rodata        0x00000000c00092ec        0xa build/init.o
 *fill*         0x00000000c00092f6        0x2 
 .rodata        0x00000000c00092f8      0x2c5 build/interrupt.o
 *fill*         0x00000000c00095bd        0x3 
 .rodata        0x00000000c00095c0       0x87 build/timer.o
 .rodata        0x00000000c0009647       0x3b build/debug.o
 *fill*         0x00000000c0009682        0x2 
 .rodata        0x00000000c0009684      0x3b3 build/memory.o
 *fill*         0x00000000c0009a37        0x1 
 .rodata        0x00000000c0009a38       0x68 build/bitmap.o
 .rodata        0x00000000c0009aa0       0xb9 build/string.o
 *fill*         0x00000000c0009b59        0x3 
 .rodata        0x00000000c0009b5c      0x2c5 build/thread.o
 *fill*         0x00000000c0009e21        0x3 
 .rodata        0x00000000c0009e24      0x12b build/sync.o
 .rodata        0x00000000c0009f4f       0x36 build/keyboard.o
 *fill*         0x00000000c0009f85        0x3 
 .rodata        0x00000000c0009f88       0x9d build/ioqueue.o
 .rodata        0x00000000c000a025       0x27 build/tss.o
 .rodata        0x00000000c000a04c       0xd8 build/process.o
 .rodata        0x00000000c000a124       0x27 build/syscall-init.o
 *fill*         0x00000000c000a14b        0x1 
 .rodata        0x00000000c000a14c      0x1ef build/ide.o
 *fill*         0x00000000c000a33b        0x1 
 .rodata        0x00000000c000a33c      0x421 build/fs.o
 *fill*         0x00000000c000a75d        0x3 
 .rodata        0x00000000c000a760       0x6b build/inode.o
 *fill*         0x00000000c000a7cb        0x1 
 .rodata        0x00000000c000a7cc      0x366 build/file.o
 *fill*         0x00000000c000ab32        0x2 
 .rodata        0x00000000c000ab34       0xfd build/dir.o

.rodata1
 *(.rodata1)

.eh_frame_hdr
 *(.eh_frame_hdr)

.eh_frame       0x00000000c000ac34     0x165c
 *(.eh_frame)
 .eh_frame      0x00000000c000ac34       0xa4 build/main.o
 .eh_frame      0x00000000c000acd8       0x20 build/init.o
                                         0x38 (size before relaxing)
 .eh_frame      0x00000000c000acf8      0x188 build/interrupt.o
                                        0x1a0 (size before relaxing)
 .eh_frame      0x00000000c000ae80       0xcc build/timer.o
                                         0xe4 (size before relaxing)
 .eh_frame      0x00000000c000af4c       0x1c build/debug.o
                                         0x34 (size before relaxing)
 .eh_frame      0x00000000c000af68      0x2a0 build/memory.o
                                        0x2b8 (size before relaxing)
 .eh_frame      0x00000000c000b208       0x8c build/bitmap.o
                                         0xa4 (size before relaxing)
 .eh_frame      0x00000000c000b294      0x140 build/string.o
                                        0x158 (size before relaxing)
 .eh_frame      0x00000000c000b3d4      0x19c build/thread.o
                                        0x1b4 (size before relaxing)
 .eh_frame      0x00000000c000b570      0x140 build/list.o
                                        0x158 (size before relaxing)
 .eh_frame      0x00000000c000b6b0       0xc0 build/console.o
                                         0xd8 (size before relaxing)
 .eh_frame      0x00000000c000b770       0xc8 build/sync.o
                                         0xe0 (size before relaxing)
 .eh_frame      0x00000000c000b838       0x60 build/keyboard.o
                                         0x78 (size before relaxing)
 .eh_frame      0x00000000c000b898      0x100 build/ioqueue.o
                                        0x118 (size before relaxing)
 .eh_frame      0x00000000c000b998       0x64 build/tss.o
                                         0x7c (size before relaxing)
 .eh_frame      0x00000000c000b9fc       0xc0 build/process.o
                                         0xd8 (size before relaxing)
 .eh_frame      0x00000000c000babc       0x8c build/syscall.o
                                         0xa4 (size before relaxing)
 .eh_frame      0x00000000c000bb48       0x40 build/syscall-init.o
                                         0x58 (size before relaxing)
 .eh_frame      0x00000000c000bb88       0x94 build/stdio.o
                                         0xac (size before relaxing)
 .eh_frame      0x00000000c000bc1c      0x258 build/ide.o
                                        0x270 (size before relaxing)
 .eh_frame      0x00000000c000be74       0x28 build/stdio-kernel.o
                                         0x40 (size before relaxing)
 .eh_frame      0x00000000c000be9c      0x168 build/fs.o
                                        0x180 (size before relaxing)
 .eh_frame      0x00000000c000c004       0xa0 build/inode.o
                                         0xb8 (size before relaxing)
 .eh_frame      0x00000000c000c0a4      0x120 build/file.o
                                        0x138 (size before relaxing)
 .eh_frame      0x00000000c000c1c4       0xcc build/dir.o
                                         0xe4 (size before relaxing)

.gcc_except_table
 *(.gcc_except_table .gcc_except_table.*)

.exception_ranges
 *(.exception_ranges .exception_ranges*)
                0x00000000c000c290                . = (ALIGN (0x1000) - ((0x1000 - .) & 0xfff))
                0x00000000c000d000                . = DATA_SEGMENT_ALIGN (0x1000, 0x1000)

.eh_frame
 *(.eh_frame)

.gcc_except_table
 *(.gcc_except_table .gcc_except_table.*)

.exception_ranges
 *(.exception_ranges .exception_ranges*)

.tdata
 *(.tdata .tdata.* .gnu.linkonce.td.*)

.tbss
 *(.tbss .tbss.* .gnu.linkonce.tb.*)
 *(.tcommon)

.preinit_array  0x00000000c000d000        0x0
                0x00000000c000d000                PROVIDE (__preinit_array_start, .)
 *(.preinit_array)
                0x00000000c000d000                PROVIDE (__preinit_array_end, .)

.init_array     0x00000000c000d000        0x0
                0x00000000c000d000                PROVIDE (__init_array_start, .)
 *(SORT(.init_array.*) SORT(.ctors.*))
 *(.init_array EXCLUDE_FILE(*crtend?.o *crtend.o *crtbegin?.o *crtbegin.o) .ctors)
                0x00000000c000d000                PROVIDE (__init_array_end, .)

.fini_array     0x00000000c000d000        0x0
                0x00000000c000d000                PROVIDE (__fini_array_start, .)
 *(SORT(.fini_array.*) SORT(.dtors.*))
 *(.fini_array EXCLUDE_FILE(*crtend?.o *crtend.o *crtbegin?.o *crtbegin.o) .dtors)
                0x00000000c000d000                PROVIDE (__fini_array_end, .)

.ctors
 *crtbegin.o(.ctors)
 *crtbegin?.o(.ctors)
 *(EXCLUDE_FILE(*crtend?.o *crtend.o) .ctors)
 *(SORT(.ctors.*))
 *(.ctors)

.dtors
 *crtbegin.o(.dtors)
 *crtbegin?.o(.dtors)
 *(EXCLUDE_FILE(*crtend?.o *crtend.o) .dtors)
 *(SORT(.dtors.*))
 *(.dtors)

.jcr
 *(.jcr)

.data.rel.ro
 *(.data.rel.ro.local* .gnu.linkonce.d.rel.ro.local.*)
 *(.data.rel.ro .data.rel.ro.* .gnu.linkonce.d.rel.ro.*)

.dynamic
 *(.dynamic)

.got
 *(.got)
 *(.igot)
                0x00000000c000d000                . = DATA_SEGMENT_RELRO_END (., (SIZEOF (.got.plt) >= 0xc)?0xc:0x0)

.got.plt        0x00000000c000d000        0x0
 *(.got.plt)
 *(.igot.plt)
 .igot.plt      0x0000000000000000        0x0 build/main.o

.data           0x00000000c000d000      0x156
 *(.data .data.* .gnu.linkonce.d.*)
 .data          0x00000000c000d000        0x0 build/main.o
 .data          0x00000000c000d000        0x0 build/init.o
 .data          0x00000000c000d000        0x0 build/interrupt.o
 .data          0x00000000c000d000        0x0 build/timer.o
 .data          0x00000000c000d000       0xd2 build/kernel.o
                0x00000000c000d012                intr_entry_table
 *fill*         0x00000000c000d0d2        0x2 
 .data          0x00000000c000d0d4        0x8 build/print.o
 .data          0x00000000c000d0dc        0x0 build/debug.o
 .data          0x00000000c000d0dc        0x0 build/memory.o
 .data          0x00000000c000d0dc        0x0 build/bitmap.o
 .data          0x00000000c000d0dc        0x0 build/string.o
 .data          0x00000000c000d0dc        0x0 build/thread.o
 .data          0x00000000c000d0dc        0x0 build/list.o
 .data          0x00000000c000d0dc        0x0 build/console.o
 .data          0x00000000c000d0dc        0x0 build/sync.o
 *fill*         0x00000000c000d0dc        0x4 
 .data          0x00000000c000d0e0       0x76 build/keyboard.o
 .data          0x00000000c000d156        0x0 build/ioqueue.o
 .data          0x00000000c000d156        0x0 build/tss.o
 .data          0x00000000c000d156        0x0 build/process.o
 .data          0x00000000c000d156        0x0 build/syscall.o
 .data          0x00000000c000d156        0x0 build/syscall-init.o
 .data          0x00000000c000d156        0x0 build/stdio.o
 .data          0x00000000c000d156        0x0 build/ide.o
 .data          0x00000000c000d156        0x0 build/stdio-kernel.o
 .data          0x00000000c000d156        0x0 build/fs.o
 .data          0x00000000c000d156        0x0 build/inode.o
 .data          0x00000000c000d156        0x0 build/file.o
 .data          0x00000000c000d156        0x0 build/dir.o

.data1
 *(.data1)
                0x00000000c000d156                _edata = .
                0x00000000c000d156                PROVIDE (edata, .)
                0x00000000c000d156                . = .
                0x00000000c000d156                __bss_start = .

.bss            0x00000000c000d160     0x1c08
 *(.dynbss)
 *(.bss .bss.* .gnu.linkonce.b.*)
 .bss           0x00000000c000d160        0x0 build/main.o
 .bss           0x00000000c000d160        0x0 build/init.o
 .bss           0x00000000c000d160      0x408 build/interrupt.o
 .bss           0x00000000c000d568        0x0 build/timer.o
 .bss           0x00000000c000d568        0x0 build/debug.o
 .bss           0x00000000c000d568        0x0 build/memory.o
 .bss           0x00000000c000d568        0x0 build/bitmap.o
 .bss           0x00000000c000d568        0x0 build/string.o
 .bss           0x00000000c000d568        0x6 build/thread.o
 .bss           0x00000000c000d56e        0x0 build/list.o
 *fill*         0x00000000c000d56e        0x2 
 .bss           0x00000000c000d570       0x1c build/console.o
 .bss           0x00000000c000d58c        0x0 build/sync.o
 .bss           0x00000000c000d58c       0x14 build/keyboard.o
 .bss           0x00000000c000d5a0        0x0 build/ioqueue.o
 .bss           0x00000000c000d5a0       0x6c build/tss.o
 .bss           0x00000000c000d60c        0x0 build/process.o
 .bss           0x00000000c000d60c        0x0 build/syscall.o
 .bss           0x00000000c000d60c        0x0 build/syscall-init.o
 .bss           0x00000000c000d60c        0x0 build/stdio.o
 .bss           0x00000000c000d60c        0x6 build/ide.o
                0x00000000c000d60c                ext_lba_base
                0x00000000c000d610                p_no
                0x00000000c000d611                l_no
 .bss           0x00000000c000d612        0x0 build/stdio-kernel.o
 .bss           0x00000000c000d612        0x0 build/fs.o
 .bss           0x00000000c000d612        0x0 build/inode.o
 .bss           0x00000000c000d612        0x0 build/file.o
 .bss           0x00000000c000d612        0x0 build/dir.o
 *(COMMON)
 *fill*         0x00000000c000d612        0xe 
 COMMON         0x00000000c000d620      0x424 build/interrupt.o
                0x00000000c000d620                intr_name
                0x00000000c000d840                idt_table
 COMMON         0x00000000c000da44        0x4 build/timer.o
                0x00000000c000da44                ticks
 *fill*         0x00000000c000da48       0x18 
 COMMON         0x00000000c000da60      0x12c build/memory.o
                0x00000000c000da60                user_pool
                0x00000000c000daa0                k_block_descs
                0x00000000c000db48                kernel_vaddr
                0x00000000c000db60                kernel_pool
 COMMON         0x00000000c000db8c       0x44 build/thread.o
                0x00000000c000db8c                thread_ready_list
                0x00000000c000db9c                thread_all_list
                0x00000000c000dbac                idle_thread
                0x00000000c000dbb0                main_thread
                0x00000000c000dbb4                pid_lock
 *fill*         0x00000000c000dbd0       0x10 
 COMMON         0x00000000c000dbe0       0x6c build/keyboard.o
                0x00000000c000dbe0                kbd_buf
 *fill*         0x00000000c000dc4c       0x14 
 COMMON         0x00000000c000dc60       0x80 build/syscall-init.o
                0x00000000c000dc60                syscall_table
 COMMON         0x00000000c000dce0      0xcf0 build/ide.o
                0x00000000c000dce0                channel_cnt
                0x00000000c000dd00                channels
                0x00000000c000e9c0                partition_list
 COMMON         0x00000000c000e9d0        0x4 build/fs.o
                0x00000000c000e9d0                cur_part
 *fill*         0x00000000c000e9d4        0xc 
 COMMON         0x00000000c000e9e0      0x180 build/file.o
                0x00000000c000e9e0                file_table
 COMMON         0x00000000c000eb60      0x208 build/dir.o
                0x00000000c000eb60                root_dir
                0x00000000c000ed68                . = ALIGN ((. != 0x0)?0x4:0x1)
                0x00000000c000ed68                . = ALIGN (0x4)
                0x00000000c000ed68                . = SEGMENT_START ("ldata-segment", .)
                0x00000000c000ed68                . = ALIGN (0x4)
                0x00000000c000ed68                _end = .
                0x00000000c000ed68                PROVIDE (end, .)
                0x00000000c000ed68                . = DATA_SEGMENT_END (.)

.stab
 *(.stab)

.stabstr
 *(.stabstr)

.stab.excl
 *(.stab.excl)

.stab.exclstr
 *(.stab.exclstr)

.stab.index
 *(.stab.index)

.stab.indexstr
 *(.stab.indexstr)

.comment        0x0000000000000000       0x2b
 *(.comment)
 .comment       0x0000000000000000       0x2b build/main.o
                                         0x2c (size before relaxing)
 .comment       0x0000000000000000       0x2c build/init.o
 .comment       0x0000000000000000       0x2c build/interrupt.o
 .comment       0x0000000000000000       0x2c build/timer.o
 .comment       0x0000000000000000       0x2c build/debug.o
 .comment       0x0000000000000000       0x2c build/memory.o
 .comment       0x0000000000000000       0x2c build/bitmap.o
 .comment       0x0000000000000000       0x2c build/string.o
 .comment       0x0000000000000000       0x2c build/thread.o
 .comment       0x0000000000000000       0x2c build/list.o
 .comment       0x0000000000000000       0x2c build/console.o
 .comment       0x0000000000000000       0x2c build/sync.o
 .comment       0x0000000000000000       0x2c build/keyboard.o
 .comment       0x0000000000000000       0x2c build/ioqueue.o
 .comment       0x0000000000000000       0x2c build/tss.o
 .comment       0x0000000000000000       0x2c build/process.o
 .comment       0x0000000000000000       0x2c build/syscall.o
 .comment       0x0000000000000000       0x2c build/syscall-init.o
 .comment       0x0000000000000000       0x2c build/stdio.o
 .comment       0x0000000000000000       0x2c build/ide.o
 .comment       0x0000000000000000       0x2c build/stdio-kernel.o
 .comment       0x0000000000000000       0x2c build/fs.o
 .comment       0x0000000000000000       0x2c build/inode.o
 .comment       0x0000000000000000       0x2c build/file.o
 .comment       0x0000000000000000       0x2c build/dir.o

.debug
 *(.debug)

.line
 *(.line)

.debug_srcinfo
 *(.debug_srcinfo)

.debug_sfnames
 *(.debug_sfnames)

.debug_aranges
 *(.debug_aranges)

.debug_pubnames
 *(.debug_pubnames)

.debug_info
 *(.debug_info .gnu.linkonce.wi.*)

.debug_abbrev
 *(.debug_abbrev)

.debug_line
 *(.debug_line .debug_line.* .debug_line_end)

.debug_frame
 *(.debug_frame)

.debug_str
 *(.debug_str)

.debug_loc
 *(.debug_loc)

.debug_macinfo
 *(.debug_macinfo)

.debug_weaknames
 *(.debug_weaknames)

.debug_funcnames
 *(.debug_funcnames)

.debug_typenames
 *(.debug_typenames)

.debug_varnames
 *(.debug_varnames)

.debug_pubtypes
 *(.debug_pubtypes)

.debug_ranges
 *(.debug_ranges)

.debug_macro
 *(.debug_macro)

.gnu.attributes
 *(.gnu.attributes)

/DISCARD/
 *(.note.GNU-stack)
 *(.gnu_debuglink)
 *(.gnu.lto_*)
OUTPUT(build/kernel.bin elf32-i386)
