
Allocating common symbols
Common symbol       size              file

kbd_buf             0x6c              build/keyboard.o
thread_ready_list   0x10              build/thread.o
thread_all_list     0x10              build/thread.o
user_pool           0x2c              build/memory.o
k_block_descs       0xa8              build/memory.o
intr_name           0x204             build/interrupt.o
main_thread         0x4               build/thread.o
ticks               0x4               build/timer.o
kernel_vaddr        0xc               build/memory.o
syscall_table       0x80              build/syscall-init.o
idt_table           0x204             build/interrupt.o
kernel_pool         0x2c              build/memory.o
pid_lock            0x1c              build/thread.o

Discarded input sections

 .note.GNU-stack
                0x0000000000000000        0x0 build/main.o
 .note.GNU-stack
                0x0000000000000000        0x0 build/init.o
 .note.GNU-stack
                0x0000000000000000        0x0 build/interrupt.o
 .note.GNU-stack
                0x0000000000000000        0x0 build/timer.o
 .note.GNU-stack
                0x0000000000000000        0x0 build/debug.o
 .note.GNU-stack
                0x0000000000000000        0x0 build/memory.o
 .note.GNU-stack
                0x0000000000000000        0x0 build/bitmap.o
 .note.GNU-stack
                0x0000000000000000        0x0 build/string.o
 .note.GNU-stack
                0x0000000000000000        0x0 build/thread.o
 .note.GNU-stack
                0x0000000000000000        0x0 build/list.o
 .note.GNU-stack
                0x0000000000000000        0x0 build/console.o
 .note.GNU-stack
                0x0000000000000000        0x0 build/sync.o
 .note.GNU-stack
                0x0000000000000000        0x0 build/keyboard.o
 .note.GNU-stack
                0x0000000000000000        0x0 build/ioqueue.o
 .note.GNU-stack
                0x0000000000000000        0x0 build/tss.o
 .note.GNU-stack
                0x0000000000000000        0x0 build/process.o
 .note.GNU-stack
                0x0000000000000000        0x0 build/syscall.o
 .note.GNU-stack
                0x0000000000000000        0x0 build/syscall-init.o
 .note.GNU-stack
                0x0000000000000000        0x0 build/stdio.o

Memory Configuration

Name             Origin             Length             Attributes
*default*        0x0000000000000000 0xffffffffffffffff

Linker script and memory map

Address of section .text set to 0xc0001500
LOAD build/main.o
LOAD build/init.o
LOAD build/interrupt.o
LOAD build/timer.o
LOAD build/kernel.o
LOAD build/print.o
LOAD build/debug.o
LOAD build/memory.o
LOAD build/bitmap.o
LOAD build/string.o
LOAD build/thread.o
LOAD build/list.o
LOAD build/switch.o
LOAD build/console.o
LOAD build/sync.o
LOAD build/keyboard.o
LOAD build/ioqueue.o
LOAD build/tss.o
LOAD build/process.o
LOAD build/syscall.o
LOAD build/syscall-init.o
LOAD build/stdio.o
                0x0000000008048000                PROVIDE (__executable_start, 0x8048000)
                0x0000000008048094                . = (0x8048000 + SIZEOF_HEADERS)

.interp
 *(.interp)

.note.gnu.build-id
 *(.note.gnu.build-id)

.hash
 *(.hash)

.gnu.hash
 *(.gnu.hash)

.dynsym
 *(.dynsym)

.dynstr
 *(.dynstr)

.gnu.version
 *(.gnu.version)

.gnu.version_d
 *(.gnu.version_d)

.gnu.version_r
 *(.gnu.version_r)

.rel.dyn        0x0000000008048094        0x0
 *(.rel.init)
 *(.rel.text .rel.text.* .rel.gnu.linkonce.t.*)
 .rel.text      0x0000000000000000        0x0 build/main.o
 *(.rel.fini)
 *(.rel.rodata .rel.rodata.* .rel.gnu.linkonce.r.*)
 *(.rel.data.rel.ro .rel.data.rel.ro.* .rel.gnu.linkonce.d.rel.ro.*)
 *(.rel.data .rel.data.* .rel.gnu.linkonce.d.*)
 *(.rel.tdata .rel.tdata.* .rel.gnu.linkonce.td.*)
 *(.rel.tbss .rel.tbss.* .rel.gnu.linkonce.tb.*)
 *(.rel.ctors)
 *(.rel.dtors)
 *(.rel.got)
 *(.rel.bss .rel.bss.* .rel.gnu.linkonce.b.*)
 *(.rel.ifunc)

.rel.plt        0x0000000008048094        0x0
 *(.rel.plt)
                0x0000000008048094                PROVIDE (__rel_iplt_start, .)
 *(.rel.iplt)
 .rel.iplt      0x0000000000000000        0x0 build/main.o
                0x0000000008048094                PROVIDE (__rel_iplt_end, .)

.init
 *(SORT(.init))

.plt            0x00000000080480a0        0x0
 *(.plt)
 *(.iplt)
 .iplt          0x0000000000000000        0x0 build/main.o

.text           0x00000000c0001500     0x42dc
 *(.text.unlikely .text.*_unlikely .text.unlikely.*)
 *(.text.exit .text.exit.*)
 *(.text.startup .text.startup.*)
 *(.text.hot .text.hot.*)
 *(.text .stub .text.* .gnu.linkonce.t.*)
 .text          0x00000000c0001500      0x321 build/main.o
                0x00000000c0001500                main
                0x00000000c0001591                k_thread_a
                0x00000000c000164d                k_thread_b
                0x00000000c0001709                u_prog_a
                0x00000000c0001795                u_prog_b
 .text          0x00000000c0001821       0x3c build/init.o
                0x00000000c0001821                init_all
 .text          0x00000000c000185d      0x480 build/interrupt.o
                0x00000000c0001bcb                intr_enable
                0x00000000c0001bf4                intr_disable
                0x00000000c0001c1d                intr_set_status
                0x00000000c0001c3b                intr_get_status
                0x00000000c0001c5f                register_handler
                0x00000000c0001c7b                idt_init
 .text          0x00000000c0001cdd      0x193 build/timer.o
                0x00000000c0001e10                timer_init
 .text          0x00000000c0001e70      0x55b build/kernel.o
                0x00000000c0001e70                intr_exit
                0x00000000c00023a7                syscall_handler
 *fill*         0x00000000c00023cb        0x5 
 .text          0x00000000c00023d0      0x172 build/print.o
                0x00000000c00023d0                put_str
                0x00000000c00023ee                put_char
                0x00000000c00024bb                put_int
                0x00000000c000251e                set_cursor
 .text          0x00000000c0002542       0xa5 build/debug.o
                0x00000000c0002542                panic_spin
 .text          0x00000000c00025e7     0x1139 build/memory.o
                0x00000000c00025e7                block_desc_init
                0x00000000c00027a5                pte_ptr
                0x00000000c00027d5                pde_ptr
                0x00000000c0002986                malloc_page
                0x00000000c0002a50                get_kernel_pages
                0x00000000c0002aac                get_user_pages
                0x00000000c0002b02                get_a_page
                0x00000000c0002c7a                addr_v2p
                0x00000000c0002e8f                sys_malloc
                0x00000000c00031be                pfree
                0x00000000c0003301                mfree_page
                0x00000000c00034de                sys_free
                0x00000000c00036df                mem_init
 .text          0x00000000c0003720      0x266 build/bitmap.o
                0x00000000c0003720                bitmap_init
                0x00000000c0003747                bitmap_scan_test
                0x00000000c0003787                bitmap_scan
                0x00000000c00038cb                bitmap_set
 .text          0x00000000c0003986      0x449 build/string.o
                0x00000000c0003986                memset
                0x00000000c00039e2                memcpy
                0x00000000c0003a4e                memcmp
                0x00000000c0003ade                strcpy
                0x00000000c0003b40                strlen
                0x00000000c0003b96                strcmp
                0x00000000c0003c1d                strchr
                0x00000000c0003c82                strrchr
                0x00000000c0003ceb                strcat
                0x00000000c0003d62                strchrs
 .text          0x00000000c0003dcf      0x5dd build/thread.o
                0x00000000c0003dcf                running_thread
                0x00000000c0003e33                thread_create
                0x00000000c0003e99                init_thread
                0x00000000c0003f43                thread_start
                0x00000000c00040be                schedule
                0x00000000c00041f1                thread_block
                0x00000000c0004258                thread_unblock
                0x00000000c0004363                thread_init
 .text          0x00000000c00043ac      0x1e3 build/list.o
                0x00000000c00043ac                list_init
                0x00000000c00043d9                list_insert_before
                0x00000000c000441a                list_push
                0x00000000c0004437                list_append
                0x00000000c0004454                list_remove
                0x00000000c000448a                list_pop
                0x00000000c00044a9                elem_find
                0x00000000c00044e4                list_traversal
                0x00000000c0004541                list_len
                0x00000000c0004576                list_empty
 *fill*         0x00000000c000458f        0x1 
 .text          0x00000000c0004590       0x15 build/switch.o
                0x00000000c0004590                switch_to
 .text          0x00000000c00045a5       0x9a build/console.o
                0x00000000c00045a5                console_init
                0x00000000c00045b9                console_acquire
                0x00000000c00045cd                console_release
                0x00000000c00045e1                console_put_str
                0x00000000c00045fe                console_put_char
                0x00000000c0004622                console_put_int
 .text          0x00000000c000463f      0x347 build/sync.o
                0x00000000c000463f                sema_init
                0x00000000c0004664                lock_init
                0x00000000c0004695                sema_down
                0x00000000c00047a9                sema_up
                0x00000000c000485f                lock_acquire
                0x00000000c00048db                lock_release
 .text          0x00000000c0004986      0x2cb build/keyboard.o
                0x00000000c0004c11                keyboard_init
 .text          0x00000000c0004c51      0x2ef build/ioqueue.o
                0x00000000c0004c51                ioqueue_init
                0x00000000c0004cac                ioq_full
                0x00000000c0004de4                ioq_getchar
                0x00000000c0004e91                ioq_putchar
 .text          0x00000000c0004f40      0x1af build/tss.o
                0x00000000c0004f40                update_tss_esp
                0x00000000c0004fc1                tss_init
 .text          0x00000000c00050ef      0x365 build/process.o
                0x00000000c00050ef                start_process
                0x00000000c00051f5                page_dir_activate
                0x00000000c0005225                process_activate
                0x00000000c0005277                create_page_dir
                0x00000000c00052e8                create_user_vaddr_bitmap
                0x00000000c000532a                process_execute
 .text          0x00000000c0005454       0x6f build/syscall.o
                0x00000000c0005454                getpid
                0x00000000c0005469                write
                0x00000000c0005488                malloc
                0x00000000c00054a7                free
 .text          0x00000000c00054c3       0x78 build/syscall-init.o
                0x00000000c00054c3                sys_getpid
                0x00000000c00054d5                sys_write
                0x00000000c00054f3                syscall_init
 .text          0x00000000c000553b      0x2a1 build/stdio.o
                0x00000000c00055c2                vsprintf
                0x00000000c0005746                sprintf
                0x00000000c000577a                printf
 *(.gnu.warning)

.fini
 *(SORT(.fini))
                0x00000000c00057dc                PROVIDE (__etext, .)
                0x00000000c00057dc                PROVIDE (_etext, .)
                0x00000000c00057dc                PROVIDE (etext, .)

.rodata         0x00000000c00057dc      0xeeb
 *(.rodata .rodata.* .gnu.linkonce.r.*)
 .rodata        0x00000000c00057dc       0xbc build/main.o
 .rodata        0x00000000c0005898        0xa build/init.o
 *fill*         0x00000000c00058a2        0x2 
 .rodata        0x00000000c00058a4      0x2c5 build/interrupt.o
 *fill*         0x00000000c0005b69        0x3 
 .rodata        0x00000000c0005b6c       0x6b build/timer.o
 .rodata        0x00000000c0005bd7       0x3b build/debug.o
 *fill*         0x00000000c0005c12        0x2 
 .rodata        0x00000000c0005c14      0x3b3 build/memory.o
 *fill*         0x00000000c0005fc7        0x1 
 .rodata        0x00000000c0005fc8       0x68 build/bitmap.o
 .rodata        0x00000000c0006030       0xb9 build/string.o
 *fill*         0x00000000c00060e9        0x3 
 .rodata        0x00000000c00060ec      0x2b3 build/thread.o
 *fill*         0x00000000c000639f        0x1 
 .rodata        0x00000000c00063a0      0x12b build/sync.o
 .rodata        0x00000000c00064cb       0x36 build/keyboard.o
 *fill*         0x00000000c0006501        0x3 
 .rodata        0x00000000c0006504       0x9d build/ioqueue.o
 .rodata        0x00000000c00065a1       0x27 build/tss.o
 .rodata        0x00000000c00065c8       0xd8 build/process.o
 .rodata        0x00000000c00066a0       0x27 build/syscall-init.o

.rodata1
 *(.rodata1)

.eh_frame_hdr
 *(.eh_frame_hdr)

.eh_frame       0x00000000c00066c8      0xf8c
 *(.eh_frame)
 .eh_frame      0x00000000c00066c8       0xa4 build/main.o
 .eh_frame      0x00000000c000676c       0x20 build/init.o
                                         0x38 (size before relaxing)
 .eh_frame      0x00000000c000678c      0x188 build/interrupt.o
                                        0x1a0 (size before relaxing)
 .eh_frame      0x00000000c0006914       0x8c build/timer.o
                                         0xa4 (size before relaxing)
 .eh_frame      0x00000000c00069a0       0x1c build/debug.o
                                         0x34 (size before relaxing)
 .eh_frame      0x00000000c00069bc      0x2a0 build/memory.o
                                        0x2b8 (size before relaxing)
 .eh_frame      0x00000000c0006c5c       0x8c build/bitmap.o
                                         0xa4 (size before relaxing)
 .eh_frame      0x00000000c0006ce8      0x140 build/string.o
                                        0x158 (size before relaxing)
 .eh_frame      0x00000000c0006e28      0x160 build/thread.o
                                        0x178 (size before relaxing)
 .eh_frame      0x00000000c0006f88      0x140 build/list.o
                                        0x158 (size before relaxing)
 .eh_frame      0x00000000c00070c8       0xc0 build/console.o
                                         0xd8 (size before relaxing)
 .eh_frame      0x00000000c0007188       0xc8 build/sync.o
                                         0xe0 (size before relaxing)
 .eh_frame      0x00000000c0007250       0x60 build/keyboard.o
                                         0x78 (size before relaxing)
 .eh_frame      0x00000000c00072b0      0x100 build/ioqueue.o
                                        0x118 (size before relaxing)
 .eh_frame      0x00000000c00073b0       0x64 build/tss.o
                                         0x7c (size before relaxing)
 .eh_frame      0x00000000c0007414       0xc0 build/process.o
                                         0xd8 (size before relaxing)
 .eh_frame      0x00000000c00074d4       0x8c build/syscall.o
                                         0xa4 (size before relaxing)
 .eh_frame      0x00000000c0007560       0x60 build/syscall-init.o
                                         0x78 (size before relaxing)
 .eh_frame      0x00000000c00075c0       0x94 build/stdio.o
                                         0xac (size before relaxing)

.gcc_except_table
 *(.gcc_except_table .gcc_except_table.*)

.exception_ranges
 *(.exception_ranges .exception_ranges*)
                0x00000000c0007654                . = (ALIGN (0x1000) - ((0x1000 - .) & 0xfff))
                0x00000000c0008000                . = DATA_SEGMENT_ALIGN (0x1000, 0x1000)

.eh_frame
 *(.eh_frame)

.gcc_except_table
 *(.gcc_except_table .gcc_except_table.*)

.exception_ranges
 *(.exception_ranges .exception_ranges*)

.tdata
 *(.tdata .tdata.* .gnu.linkonce.td.*)

.tbss
 *(.tbss .tbss.* .gnu.linkonce.tb.*)
 *(.tcommon)

.preinit_array  0x00000000c0008000        0x0
                0x00000000c0008000                PROVIDE (__preinit_array_start, .)
 *(.preinit_array)
                0x00000000c0008000                PROVIDE (__preinit_array_end, .)

.init_array     0x00000000c0008000        0x0
                0x00000000c0008000                PROVIDE (__init_array_start, .)
 *(SORT(.init_array.*) SORT(.ctors.*))
 *(.init_array EXCLUDE_FILE(*crtend?.o *crtend.o *crtbegin?.o *crtbegin.o) .ctors)
                0x00000000c0008000                PROVIDE (__init_array_end, .)

.fini_array     0x00000000c0008000        0x0
                0x00000000c0008000                PROVIDE (__fini_array_start, .)
 *(SORT(.fini_array.*) SORT(.dtors.*))
 *(.fini_array EXCLUDE_FILE(*crtend?.o *crtend.o *crtbegin?.o *crtbegin.o) .dtors)
                0x00000000c0008000                PROVIDE (__fini_array_end, .)

.ctors
 *crtbegin.o(.ctors)
 *crtbegin?.o(.ctors)
 *(EXCLUDE_FILE(*crtend?.o *crtend.o) .ctors)
 *(SORT(.ctors.*))
 *(.ctors)

.dtors
 *crtbegin.o(.dtors)
 *crtbegin?.o(.dtors)
 *(EXCLUDE_FILE(*crtend?.o *crtend.o) .dtors)
 *(SORT(.dtors.*))
 *(.dtors)

.jcr
 *(.jcr)

.data.rel.ro
 *(.data.rel.ro.local* .gnu.linkonce.d.rel.ro.local.*)
 *(.data.rel.ro .data.rel.ro.* .gnu.linkonce.d.rel.ro.*)

.dynamic
 *(.dynamic)

.got
 *(.got)
 *(.igot)
                0x00000000c0008000                . = DATA_SEGMENT_RELRO_END (., (SIZEOF (.got.plt) >= 0xc)?0xc:0x0)

.got.plt        0x00000000c0008000        0x0
 *(.got.plt)
 *(.igot.plt)
 .igot.plt      0x0000000000000000        0x0 build/main.o

.data           0x00000000c0008000      0x156
 *(.data .data.* .gnu.linkonce.d.*)
 .data          0x00000000c0008000        0x0 build/main.o
 .data          0x00000000c0008000        0x0 build/init.o
 .data          0x00000000c0008000        0x0 build/interrupt.o
 .data          0x00000000c0008000        0x0 build/timer.o
 .data          0x00000000c0008000       0xd2 build/kernel.o
                0x00000000c0008012                intr_entry_table
 *fill*         0x00000000c00080d2        0x2 
 .data          0x00000000c00080d4        0x8 build/print.o
 .data          0x00000000c00080dc        0x0 build/debug.o
 .data          0x00000000c00080dc        0x0 build/memory.o
 .data          0x00000000c00080dc        0x0 build/bitmap.o
 .data          0x00000000c00080dc        0x0 build/string.o
 .data          0x00000000c00080dc        0x0 build/thread.o
 .data          0x00000000c00080dc        0x0 build/list.o
 .data          0x00000000c00080dc        0x0 build/console.o
 .data          0x00000000c00080dc        0x0 build/sync.o
 *fill*         0x00000000c00080dc        0x4 
 .data          0x00000000c00080e0       0x76 build/keyboard.o
 .data          0x00000000c0008156        0x0 build/ioqueue.o
 .data          0x00000000c0008156        0x0 build/tss.o
 .data          0x00000000c0008156        0x0 build/process.o
 .data          0x00000000c0008156        0x0 build/syscall.o
 .data          0x00000000c0008156        0x0 build/syscall-init.o
 .data          0x00000000c0008156        0x0 build/stdio.o

.data1
 *(.data1)
                0x00000000c0008156                _edata = .
                0x00000000c0008156                PROVIDE (edata, .)
                0x00000000c0008156                . = .
                0x00000000c0008156                __bss_start = .

.bss            0x00000000c0008160      0xb80
 *(.dynbss)
 *(.bss .bss.* .gnu.linkonce.b.*)
 .bss           0x00000000c0008160        0x0 build/main.o
 .bss           0x00000000c0008160        0x0 build/init.o
 .bss           0x00000000c0008160      0x408 build/interrupt.o
 .bss           0x00000000c0008568        0x0 build/timer.o
 .bss           0x00000000c0008568        0x0 build/debug.o
 .bss           0x00000000c0008568        0x0 build/memory.o
 .bss           0x00000000c0008568        0x0 build/bitmap.o
 .bss           0x00000000c0008568        0x0 build/string.o
 .bss           0x00000000c0008568        0x6 build/thread.o
 .bss           0x00000000c000856e        0x0 build/list.o
 *fill*         0x00000000c000856e        0x2 
 .bss           0x00000000c0008570       0x1c build/console.o
 .bss           0x00000000c000858c        0x0 build/sync.o
 .bss           0x00000000c000858c       0x14 build/keyboard.o
 .bss           0x00000000c00085a0        0x0 build/ioqueue.o
 .bss           0x00000000c00085a0       0x6c build/tss.o
 .bss           0x00000000c000860c        0x0 build/process.o
 .bss           0x00000000c000860c        0x0 build/syscall.o
 .bss           0x00000000c000860c        0x0 build/syscall-init.o
 .bss           0x00000000c000860c        0x0 build/stdio.o
 *(COMMON)
 *fill*         0x00000000c000860c       0x14 
 COMMON         0x00000000c0008620      0x424 build/interrupt.o
                0x00000000c0008620                intr_name
                0x00000000c0008840                idt_table
 COMMON         0x00000000c0008a44        0x4 build/timer.o
                0x00000000c0008a44                ticks
 *fill*         0x00000000c0008a48       0x18 
 COMMON         0x00000000c0008a60      0x12c build/memory.o
                0x00000000c0008a60                user_pool
                0x00000000c0008aa0                k_block_descs
                0x00000000c0008b48                kernel_vaddr
                0x00000000c0008b60                kernel_pool
 COMMON         0x00000000c0008b8c       0x40 build/thread.o
                0x00000000c0008b8c                thread_ready_list
                0x00000000c0008b9c                thread_all_list
                0x00000000c0008bac                main_thread
                0x00000000c0008bb0                pid_lock
 *fill*         0x00000000c0008bcc       0x14 
 COMMON         0x00000000c0008be0       0x6c build/keyboard.o
                0x00000000c0008be0                kbd_buf
 *fill*         0x00000000c0008c4c       0x14 
 COMMON         0x00000000c0008c60       0x80 build/syscall-init.o
                0x00000000c0008c60                syscall_table
                0x00000000c0008ce0                . = ALIGN ((. != 0x0)?0x4:0x1)
                0x00000000c0008ce0                . = ALIGN (0x4)
                0x00000000c0008ce0                . = SEGMENT_START ("ldata-segment", .)
                0x00000000c0008ce0                . = ALIGN (0x4)
                0x00000000c0008ce0                _end = .
                0x00000000c0008ce0                PROVIDE (end, .)
                0x00000000c0008ce0                . = DATA_SEGMENT_END (.)

.stab
 *(.stab)

.stabstr
 *(.stabstr)

.stab.excl
 *(.stab.excl)

.stab.exclstr
 *(.stab.exclstr)

.stab.index
 *(.stab.index)

.stab.indexstr
 *(.stab.indexstr)

.comment        0x0000000000000000       0x2b
 *(.comment)
 .comment       0x0000000000000000       0x2b build/main.o
                                         0x2c (size before relaxing)
 .comment       0x0000000000000000       0x2c build/init.o
 .comment       0x0000000000000000       0x2c build/interrupt.o
 .comment       0x0000000000000000       0x2c build/timer.o
 .comment       0x0000000000000000       0x2c build/debug.o
 .comment       0x0000000000000000       0x2c build/memory.o
 .comment       0x0000000000000000       0x2c build/bitmap.o
 .comment       0x0000000000000000       0x2c build/string.o
 .comment       0x0000000000000000       0x2c build/thread.o
 .comment       0x0000000000000000       0x2c build/list.o
 .comment       0x0000000000000000       0x2c build/console.o
 .comment       0x0000000000000000       0x2c build/sync.o
 .comment       0x0000000000000000       0x2c build/keyboard.o
 .comment       0x0000000000000000       0x2c build/ioqueue.o
 .comment       0x0000000000000000       0x2c build/tss.o
 .comment       0x0000000000000000       0x2c build/process.o
 .comment       0x0000000000000000       0x2c build/syscall.o
 .comment       0x0000000000000000       0x2c build/syscall-init.o
 .comment       0x0000000000000000       0x2c build/stdio.o

.debug
 *(.debug)

.line
 *(.line)

.debug_srcinfo
 *(.debug_srcinfo)

.debug_sfnames
 *(.debug_sfnames)

.debug_aranges
 *(.debug_aranges)

.debug_pubnames
 *(.debug_pubnames)

.debug_info
 *(.debug_info .gnu.linkonce.wi.*)

.debug_abbrev
 *(.debug_abbrev)

.debug_line
 *(.debug_line .debug_line.* .debug_line_end)

.debug_frame
 *(.debug_frame)

.debug_str
 *(.debug_str)

.debug_loc
 *(.debug_loc)

.debug_macinfo
 *(.debug_macinfo)

.debug_weaknames
 *(.debug_weaknames)

.debug_funcnames
 *(.debug_funcnames)

.debug_typenames
 *(.debug_typenames)

.debug_varnames
 *(.debug_varnames)

.debug_pubtypes
 *(.debug_pubtypes)

.debug_ranges
 *(.debug_ranges)

.debug_macro
 *(.debug_macro)

.gnu.attributes
 *(.gnu.attributes)

/DISCARD/
 *(.note.GNU-stack)
 *(.gnu_debuglink)
 *(.gnu.lto_*)
OUTPUT(build/kernel.bin elf32-i386)
