
Allocating common symbols
Common symbol       size              file

pid_pool            0x28              build/thread.o
kbd_buf             0x82c             build/keyboard.o
root_dir            0x208             build/dir.o
thread_ready_list   0x10              build/thread.o
thread_all_list     0x10              build/thread.o
user_pool           0x2c              build/memory.o
channel_cnt         0x1               build/ide.o
cur_part            0x4               build/fs.o
k_block_descs       0xa8              build/memory.o
idle_thread         0x4               build/thread.o
intr_name           0x204             build/interrupt.o
main_thread         0x4               build/thread.o
channels            0xcc0             build/ide.o
ticks               0x4               build/timer.o
kernel_vaddr        0xc               build/memory.o
syscall_table       0x80              build/syscall-init.o
idt_table           0x204             build/interrupt.o
file_table          0x180             build/file.o
partition_list      0x10              build/ide.o
kernel_pool         0x2c              build/memory.o
pid_lock            0x1c              build/thread.o

Discarded input sections

 .note.GNU-stack
                0x0000000000000000        0x0 build/main.o
 .note.GNU-stack
                0x0000000000000000        0x0 build/init.o
 .note.GNU-stack
                0x0000000000000000        0x0 build/interrupt.o
 .note.GNU-stack
                0x0000000000000000        0x0 build/timer.o
 .note.GNU-stack
                0x0000000000000000        0x0 build/debug.o
 .note.GNU-stack
                0x0000000000000000        0x0 build/memory.o
 .note.GNU-stack
                0x0000000000000000        0x0 build/bitmap.o
 .note.GNU-stack
                0x0000000000000000        0x0 build/string.o
 .note.GNU-stack
                0x0000000000000000        0x0 build/thread.o
 .note.GNU-stack
                0x0000000000000000        0x0 build/list.o
 .note.GNU-stack
                0x0000000000000000        0x0 build/console.o
 .note.GNU-stack
                0x0000000000000000        0x0 build/sync.o
 .note.GNU-stack
                0x0000000000000000        0x0 build/keyboard.o
 .note.GNU-stack
                0x0000000000000000        0x0 build/ioqueue.o
 .note.GNU-stack
                0x0000000000000000        0x0 build/tss.o
 .note.GNU-stack
                0x0000000000000000        0x0 build/process.o
 .note.GNU-stack
                0x0000000000000000        0x0 build/syscall.o
 .note.GNU-stack
                0x0000000000000000        0x0 build/syscall-init.o
 .note.GNU-stack
                0x0000000000000000        0x0 build/stdio.o
 .note.GNU-stack
                0x0000000000000000        0x0 build/ide.o
 .note.GNU-stack
                0x0000000000000000        0x0 build/stdio-kernel.o
 .note.GNU-stack
                0x0000000000000000        0x0 build/fs.o
 .note.GNU-stack
                0x0000000000000000        0x0 build/inode.o
 .note.GNU-stack
                0x0000000000000000        0x0 build/file.o
 .note.GNU-stack
                0x0000000000000000        0x0 build/dir.o
 .note.GNU-stack
                0x0000000000000000        0x0 build/fork.o
 .note.GNU-stack
                0x0000000000000000        0x0 build/shell.o
 .note.GNU-stack
                0x0000000000000000        0x0 build/assert.o
 .note.GNU-stack
                0x0000000000000000        0x0 build/buildin_cmd.o
 .note.GNU-stack
                0x0000000000000000        0x0 build/exec.o
 .note.GNU-stack
                0x0000000000000000        0x0 build/wait_exit.o
 .note.GNU-stack
                0x0000000000000000        0x0 build/pipe.o

Memory Configuration

Name             Origin             Length             Attributes
*default*        0x0000000000000000 0xffffffffffffffff

Linker script and memory map

Address of section .text set to 0xc0001500
LOAD build/main.o
LOAD build/init.o
LOAD build/interrupt.o
LOAD build/timer.o
LOAD build/kernel.o
LOAD build/print.o
LOAD build/debug.o
LOAD build/memory.o
LOAD build/bitmap.o
LOAD build/string.o
LOAD build/thread.o
LOAD build/list.o
LOAD build/switch.o
LOAD build/console.o
LOAD build/sync.o
LOAD build/keyboard.o
LOAD build/ioqueue.o
LOAD build/tss.o
LOAD build/process.o
LOAD build/syscall.o
LOAD build/syscall-init.o
LOAD build/stdio.o
LOAD build/ide.o
LOAD build/stdio-kernel.o
LOAD build/fs.o
LOAD build/inode.o
LOAD build/file.o
LOAD build/dir.o
LOAD build/fork.o
LOAD build/shell.o
LOAD build/assert.o
LOAD build/buildin_cmd.o
LOAD build/exec.o
LOAD build/wait_exit.o
LOAD build/pipe.o
                0x0000000008048000                PROVIDE (__executable_start, 0x8048000)
                0x0000000008048094                . = (0x8048000 + SIZEOF_HEADERS)

.interp
 *(.interp)

.note.gnu.build-id
 *(.note.gnu.build-id)

.hash
 *(.hash)

.gnu.hash
 *(.gnu.hash)

.dynsym
 *(.dynsym)

.dynstr
 *(.dynstr)

.gnu.version
 *(.gnu.version)

.gnu.version_d
 *(.gnu.version_d)

.gnu.version_r
 *(.gnu.version_r)

.rel.dyn        0x0000000008048094        0x0
 *(.rel.init)
 *(.rel.text .rel.text.* .rel.gnu.linkonce.t.*)
 .rel.text      0x0000000000000000        0x0 build/main.o
 *(.rel.fini)
 *(.rel.rodata .rel.rodata.* .rel.gnu.linkonce.r.*)
 *(.rel.data.rel.ro .rel.data.rel.ro.* .rel.gnu.linkonce.d.rel.ro.*)
 *(.rel.data .rel.data.* .rel.gnu.linkonce.d.*)
 *(.rel.tdata .rel.tdata.* .rel.gnu.linkonce.td.*)
 *(.rel.tbss .rel.tbss.* .rel.gnu.linkonce.tb.*)
 *(.rel.ctors)
 *(.rel.dtors)
 *(.rel.got)
 *(.rel.bss .rel.bss.* .rel.gnu.linkonce.b.*)
 *(.rel.ifunc)

.rel.plt        0x0000000008048094        0x0
 *(.rel.plt)
                0x0000000008048094                PROVIDE (__rel_iplt_start, .)
 *(.rel.iplt)
 .rel.iplt      0x0000000000000000        0x0 build/main.o
                0x0000000008048094                PROVIDE (__rel_iplt_end, .)

.init
 *(SORT(.init))

.plt            0x00000000080480a0        0x0
 *(.plt)
 *(.iplt)
 .iplt          0x0000000000000000        0x0 build/main.o

.text           0x00000000c0001500     0xc8f2
 *(.text.unlikely .text.*_unlikely .text.unlikely.*)
 *(.text.exit .text.exit.*)
 *(.text.startup .text.startup.*)
 *(.text.hot .text.hot.*)
 *(.text .stub .text.* .gnu.linkonce.t.*)
 .text          0x00000000c0001500       0xb2 build/main.o
                0x00000000c0001500                main
                0x00000000c0001547                init
 .text          0x00000000c00015b2       0x4b build/init.o
                0x00000000c00015b2                init_all
 .text          0x00000000c00015fd      0x480 build/interrupt.o
                0x00000000c000196b                intr_enable
                0x00000000c0001994                intr_disable
                0x00000000c00019bd                intr_set_status
                0x00000000c00019db                intr_get_status
                0x00000000c00019ff                register_handler
                0x00000000c0001a1b                idt_init
 .text          0x00000000c0001a7d      0x209 build/timer.o
                0x00000000c0001bd4                mtime_sleep
                0x00000000c0001c26                timer_init
 *fill*         0x00000000c0001c86        0xa 
 .text          0x00000000c0001c90      0x55b build/kernel.o
                0x00000000c0001c90                intr_exit
                0x00000000c00021c7                syscall_handler
 *fill*         0x00000000c00021eb        0x5 
 .text          0x00000000c00021f0      0x1b1 build/print.o
                0x00000000c00021f0                put_str
                0x00000000c000220e                put_char
                0x00000000c00022db                cls_screen
                0x00000000c000231a                put_int
                0x00000000c000237d                set_cursor
 .text          0x00000000c00023a1       0xa5 build/debug.o
                0x00000000c00023a1                panic_spin
 .text          0x00000000c0002446     0x121b build/memory.o
                0x00000000c0002446                block_desc_init
                0x00000000c0002604                pte_ptr
                0x00000000c0002634                pde_ptr
                0x00000000c00027e5                malloc_page
                0x00000000c00028af                get_kernel_pages
                0x00000000c000290b                get_user_pages
                0x00000000c0002961                get_a_page
                0x00000000c0002ad9                get_a_page_without_opvaddrbitmap
                0x00000000c0002b54                addr_v2p
                0x00000000c0002d69                sys_malloc
                0x00000000c0003098                pfree
                0x00000000c00031db                mfree_page
                0x00000000c00033b8                sys_free
                0x00000000c00035b9                free_a_phy_page
                0x00000000c0003620                mem_init
 .text          0x00000000c0003661      0x266 build/bitmap.o
                0x00000000c0003661                bitmap_init
                0x00000000c0003688                bitmap_scan_test
                0x00000000c00036c8                bitmap_scan
                0x00000000c000380c                bitmap_set
 .text          0x00000000c00038c7      0x442 build/string.o
                0x00000000c00038c7                memset
                0x00000000c0003923                memcpy
                0x00000000c000398d                memcmp
                0x00000000c0003a1d                strcpy
                0x00000000c0003a7d                strlen
                0x00000000c0003ad3                strcmp
                0x00000000c0003b59                strchr
                0x00000000c0003bbe                strrchr
                0x00000000c0003c27                strcat
                0x00000000c0003c9c                strchrs
 .text          0x00000000c0003d09      0xcee build/thread.o
                0x00000000c0003d1f                running_thread
                0x00000000c0003de8                release_pid
                0x00000000c0003e3a                fork_pid
                0x00000000c0003e47                thread_create
                0x00000000c0003ebd                init_thread
                0x00000000c0003fc6                thread_start
                0x00000000c0004141                schedule
                0x00000000c0004291                thread_block
                0x00000000c00042f8                thread_unblock
                0x00000000c0004403                thread_yield
                0x00000000c00047e9                sys_ps
                0x00000000c0004836                thread_exit
                0x00000000c0004939                pid2thread
                0x00000000c0004978                thread_init
 .text          0x00000000c00049f7      0x1e3 build/list.o
                0x00000000c00049f7                list_init
                0x00000000c0004a24                list_insert_before
                0x00000000c0004a65                list_push
                0x00000000c0004a82                list_append
                0x00000000c0004a9f                list_remove
                0x00000000c0004ad5                list_pop
                0x00000000c0004af4                elem_find
                0x00000000c0004b2f                list_traversal
                0x00000000c0004b8c                list_len
                0x00000000c0004bc1                list_empty
 *fill*         0x00000000c0004bda        0x6 
 .text          0x00000000c0004be0       0x15 build/switch.o
                0x00000000c0004be0                switch_to
 .text          0x00000000c0004bf5       0x9a build/console.o
                0x00000000c0004bf5                console_init
                0x00000000c0004c09                console_acquire
                0x00000000c0004c1d                console_release
                0x00000000c0004c31                console_put_str
                0x00000000c0004c4e                console_put_char
                0x00000000c0004c72                console_put_int
 .text          0x00000000c0004c8f      0x347 build/sync.o
                0x00000000c0004c8f                sema_init
                0x00000000c0004cb4                lock_init
                0x00000000c0004ce5                sema_down
                0x00000000c0004df9                sema_up
                0x00000000c0004eaf                lock_acquire
                0x00000000c0004f2b                lock_release
 .text          0x00000000c0004fd6      0x2de build/keyboard.o
                0x00000000c0005274                keyboard_init
 .text          0x00000000c00052b4      0x37a build/ioqueue.o
                0x00000000c00052b4                ioqueue_init
                0x00000000c000531b                ioq_full
                0x00000000c000545f                ioq_getchar
                0x00000000c0005515                ioq_putchar
                0x00000000c00055cd                ioq_length
 .text          0x00000000c000562e      0x1af build/tss.o
                0x00000000c000562e                update_tss_esp
                0x00000000c00056af                tss_init
 .text          0x00000000c00057dd      0x365 build/process.o
                0x00000000c00057dd                start_process
                0x00000000c00058e3                page_dir_activate
                0x00000000c0005913                process_activate
                0x00000000c0005965                create_page_dir
                0x00000000c00059d6                create_user_vaddr_bitmap
                0x00000000c0005a18                process_execute
 .text          0x00000000c0005b42      0x34a build/syscall.o
                0x00000000c0005b42                getpid
                0x00000000c0005b57                write
                0x00000000c0005b7a                malloc
                0x00000000c0005b99                free
                0x00000000c0005bb5                fork
                0x00000000c0005bca                read
                0x00000000c0005bed                putchar
                0x00000000c0005c10                clear
                0x00000000c0005c22                getcwd
                0x00000000c0005c44                open
                0x00000000c0005c6d                close
                0x00000000c0005c8c                lseek
                0x00000000c0005cb6                unlink
                0x00000000c0005cd5                mkdir
                0x00000000c0005cf4                opendir
                0x00000000c0005d13                closedir
                0x00000000c0005d32                rmdir
                0x00000000c0005d51                readdir
                0x00000000c0005d70                rewinddir
                0x00000000c0005d8c                stat
                0x00000000c0005dae                chdir
                0x00000000c0005dcd                ps
                0x00000000c0005ddf                execv
                0x00000000c0005e01                exit
                0x00000000c0005e1d                wait
                0x00000000c0005e3c                pipe
                0x00000000c0005e5b                fd_redirect
                0x00000000c0005e7a                help
 .text          0x00000000c0005e8c      0x14a build/syscall-init.o
                0x00000000c0005e8c                sys_getpid
                0x00000000c0005e9e                syscall_init
 .text          0x00000000c0005fd6      0x2bb build/stdio.o
                0x00000000c000605d                vsprintf
                0x00000000c00061e1                sprintf
                0x00000000c0006215                printf
 .text          0x00000000c0006291      0xe04 build/ide.o
                0x00000000c00065ab                ide_read
                0x00000000c0006739                ide_write
                0x00000000c0006dcb                intr_hd_handler
                0x00000000c0006e8c                ide_init
 .text          0x00000000c0007095       0x62 build/stdio-kernel.o
                0x00000000c0007095                printk
 .text          0x00000000c00070f7     0x2364 build/fs.o
                0x00000000c00077fa                path_parse
                0x00000000c0007858                path_depth_cnt
                0x00000000c0007b82                sys_open
                0x00000000c0007dda                fd_local2global
                0x00000000c0007e2f                sys_close
                0x00000000c0007f26                sys_write
                0x00000000c000806a                sys_read
                0x00000000c00081b1                sys_lseek
                0x00000000c000829e                sys_unlink
                0x00000000c00084c0                sys_mkdir
                0x00000000c00088ec                sys_opendir
                0x00000000c0008a04                sys_closedir
                0x00000000c0008a2e                sys_readdir
                0x00000000c0008a6b                sys_rewinddir
                0x00000000c0008a7a                sys_rmdir
                0x00000000c0008e40                sys_getcwd
                0x00000000c000906f                sys_chdir
                0x00000000c00090fd                sys_stat
                0x00000000c0009224                sys_putchar
                0x00000000c0009241                sys_help
                0x00000000c0009255                filesys_init
 .text          0x00000000c000945b      0x825 build/inode.o
                0x00000000c00094ff                inode_sync
                0x00000000c0009673                inode_open
                0x00000000c00097ce                inode_close
                0x00000000c000983f                inode_delete
                0x00000000c00099a4                inode_release
                0x00000000c0009c2b                inode_init
 .text          0x00000000c0009c80     0x1218 build/file.o
                0x00000000c0009c80                get_free_slot_in_global
                0x00000000c0009cd1                pcb_fd_install
                0x00000000c0009d3a                inode_bitmap_alloc
                0x00000000c0009d88                block_bitmap_alloc
                0x00000000c0009de1                bitmap_sync
                0x00000000c0009e75                file_create
                0x00000000c000a14d                file_open
                0x00000000c000a258                file_close
                0x00000000c000a297                file_write
                0x00000000c000aaa7                file_read
 .text          0x00000000c000ae98      0xf52 build/dir.o
                0x00000000c000ae98                open_root_dir
                0x00000000c000aec7                dir_open
                0x00000000c000af02                search_dir_entry
                0x00000000c000b0e4                dir_close
                0x00000000c000b10f                create_dir_entry
                0x00000000c000b185                sync_dir_entry
                0x00000000c000b5f8                delete_dir_entry
                0x00000000c000bae2                dir_read
                0x00000000c000bcf6                dir_is_empty
                0x00000000c000bd21                dir_remove
 .text          0x00000000c000bdea      0x578 build/fork.o
                0x00000000c000c22a                sys_fork
 .text          0x00000000c000c362      0x7b1 build/shell.o
                0x00000000c000c362                print_prompt
                0x00000000c000c87e                my_shell
 .text          0x00000000c000cb13       0x30 build/assert.o
                0x00000000c000cb13                user_spin
 .text          0x00000000c000cb43      0x8c3 build/buildin_cmd.o
                0x00000000c000ccc7                make_clear_abs_path
                0x00000000c000cd8a                buildin_pwd
                0x00000000c000cde0                buildin_cd
                0x00000000c000ce60                buildin_ls
                0x00000000c000d222                buildin_ps
                0x00000000c000d243                buildin_clear
                0x00000000c000d264                buildin_mkdir
                0x00000000c000d2eb                buildin_rmdir
                0x00000000c000d372                buildin_rm
                0x00000000c000d3f9                buildin_help
 .text          0x00000000c000d406      0x371 build/exec.o
                0x00000000c000d6c9                sys_execv
 .text          0x00000000c000d777      0x437 build/wait_exit.o
                0x00000000c000da40                sys_wait
                0x00000000c000daf9                sys_exit
 .text          0x00000000c000dbae      0x244 build/pipe.o
                0x00000000c000dbae                is_pipe
                0x00000000c000dbe2                sys_pipe
                0x00000000c000dca7                pipe_read
                0x00000000c000dd20                pipe_write
                0x00000000c000ddaa                sys_fd_redirect
 *(.gnu.warning)

.fini
 *(SORT(.fini))
                0x00000000c000ddf2                PROVIDE (__etext, .)
                0x00000000c000ddf2                PROVIDE (_etext, .)
                0x00000000c000ddf2                PROVIDE (etext, .)

.rodata         0x00000000c000ddf4     0x2974
 *(.rodata .rodata.* .gnu.linkonce.r.*)
 .rodata        0x00000000c000ddf4       0x94 build/main.o
 .rodata        0x00000000c000de88        0xa build/init.o
 *fill*         0x00000000c000de92        0x2 
 .rodata        0x00000000c000de94      0x2c5 build/interrupt.o
 *fill*         0x00000000c000e159        0x3 
 .rodata        0x00000000c000e15c       0x87 build/timer.o
 .rodata        0x00000000c000e1e3       0x3b build/debug.o
 *fill*         0x00000000c000e21e        0x2 
 .rodata        0x00000000c000e220      0x3bf build/memory.o
 *fill*         0x00000000c000e5df        0x1 
 .rodata        0x00000000c000e5e0       0x68 build/bitmap.o
 .rodata        0x00000000c000e648       0xb9 build/string.o
 *fill*         0x00000000c000e701        0x3 
 .rodata        0x00000000c000e704      0x3c1 build/thread.o
 *fill*         0x00000000c000eac5        0x3 
 .rodata        0x00000000c000eac8      0x12b build/sync.o
 .rodata        0x00000000c000ebf3       0x36 build/keyboard.o
 *fill*         0x00000000c000ec29        0x3 
 .rodata        0x00000000c000ec2c       0x9d build/ioqueue.o
 .rodata        0x00000000c000ecc9       0x27 build/tss.o
 .rodata        0x00000000c000ecf0       0xd8 build/process.o
 .rodata        0x00000000c000edc8       0x27 build/syscall-init.o
 *fill*         0x00000000c000edef        0x1 
 .rodata        0x00000000c000edf0      0x1ef build/ide.o
 *fill*         0x00000000c000efdf        0x1 
 .rodata        0x00000000c000efe0      0xa2a build/fs.o
 *fill*         0x00000000c000fa0a        0x2 
 .rodata        0x00000000c000fa0c       0xbb build/inode.o
 *fill*         0x00000000c000fac7        0x1 
 .rodata        0x00000000c000fac8      0x430 build/file.o
 .rodata        0x00000000c000fef8      0x203 build/dir.o
 *fill*         0x00000000c00100fb        0x1 
 .rodata        0x00000000c00100fc      0x141 build/fork.o
 *fill*         0x00000000c001023d        0x3 
 .rodata        0x00000000c0010240      0x199 build/shell.o
 *fill*         0x00000000c00103d9        0x3 
 .rodata        0x00000000c00103dc       0x32 build/assert.o
 *fill*         0x00000000c001040e        0x2 
 .rodata        0x00000000c0010410      0x306 build/buildin_cmd.o
 .rodata        0x00000000c0010716        0x8 build/exec.o
 *fill*         0x00000000c001071e        0x2 
 .rodata        0x00000000c0010720       0x48 build/wait_exit.o

.rodata1
 *(.rodata1)

.eh_frame_hdr
 *(.eh_frame_hdr)

.eh_frame       0x00000000c0010768     0x22b0
 *(.eh_frame)
 .eh_frame      0x00000000c0010768       0x58 build/main.o
 .eh_frame      0x00000000c00107c0       0x20 build/init.o
                                         0x38 (size before relaxing)
 .eh_frame      0x00000000c00107e0      0x188 build/interrupt.o
                                        0x1a0 (size before relaxing)
 .eh_frame      0x00000000c0010968       0xcc build/timer.o
                                         0xe4 (size before relaxing)
 .eh_frame      0x00000000c0010a34       0x1c build/debug.o
                                         0x34 (size before relaxing)
 .eh_frame      0x00000000c0010a50      0x2e0 build/memory.o
                                        0x2f8 (size before relaxing)
 .eh_frame      0x00000000c0010d30       0x8c build/bitmap.o
                                         0xa4 (size before relaxing)
 .eh_frame      0x00000000c0010dbc      0x140 build/string.o
                                        0x158 (size before relaxing)
 .eh_frame      0x00000000c0010efc      0x2bc build/thread.o
                                        0x2d4 (size before relaxing)
 .eh_frame      0x00000000c00111b8      0x140 build/list.o
                                        0x158 (size before relaxing)
 .eh_frame      0x00000000c00112f8       0xc0 build/console.o
                                         0xd8 (size before relaxing)
 .eh_frame      0x00000000c00113b8       0xc8 build/sync.o
                                         0xe0 (size before relaxing)
 .eh_frame      0x00000000c0011480       0x60 build/keyboard.o
                                         0x78 (size before relaxing)
 .eh_frame      0x00000000c00114e0      0x120 build/ioqueue.o
                                        0x138 (size before relaxing)
 .eh_frame      0x00000000c0011600       0x64 build/tss.o
                                         0x7c (size before relaxing)
 .eh_frame      0x00000000c0011664       0xc0 build/process.o
                                         0xd8 (size before relaxing)
 .eh_frame      0x00000000c0011724      0x3dc build/syscall.o
                                        0x3f4 (size before relaxing)
 .eh_frame      0x00000000c0011b00       0x40 build/syscall-init.o
                                         0x58 (size before relaxing)
 .eh_frame      0x00000000c0011b40       0x94 build/stdio.o
                                         0xac (size before relaxing)
 .eh_frame      0x00000000c0011bd4      0x258 build/ide.o
                                        0x270 (size before relaxing)
 .eh_frame      0x00000000c0011e2c       0x28 build/stdio-kernel.o
                                         0x40 (size before relaxing)
 .eh_frame      0x00000000c0011e54      0x384 build/fs.o
                                        0x39c (size before relaxing)
 .eh_frame      0x00000000c00121d8       0xec build/inode.o
                                        0x104 (size before relaxing)
 .eh_frame      0x00000000c00122c4      0x140 build/file.o
                                        0x158 (size before relaxing)
 .eh_frame      0x00000000c0012404      0x164 build/dir.o
                                        0x17c (size before relaxing)
 .eh_frame      0x00000000c0012568       0xc0 build/fork.o
                                         0xd8 (size before relaxing)
 .eh_frame      0x00000000c0012628       0x9c build/shell.o
                                         0xb4 (size before relaxing)
 .eh_frame      0x00000000c00126c4       0x1c build/assert.o
                                         0x34 (size before relaxing)
 .eh_frame      0x00000000c00126e0      0x174 build/buildin_cmd.o
                                        0x18c (size before relaxing)
 .eh_frame      0x00000000c0012854       0x60 build/exec.o
                                         0x78 (size before relaxing)
 .eh_frame      0x00000000c00128b4       0xc0 build/wait_exit.o
                                         0xd8 (size before relaxing)
 .eh_frame      0x00000000c0012974       0xa4 build/pipe.o
                                         0xbc (size before relaxing)

.gcc_except_table
 *(.gcc_except_table .gcc_except_table.*)

.exception_ranges
 *(.exception_ranges .exception_ranges*)
                0x00000000c0012a18                . = (ALIGN (0x1000) - ((0x1000 - .) & 0xfff))
                0x00000000c0013000                . = DATA_SEGMENT_ALIGN (0x1000, 0x1000)

.eh_frame
 *(.eh_frame)

.gcc_except_table
 *(.gcc_except_table .gcc_except_table.*)

.exception_ranges
 *(.exception_ranges .exception_ranges*)

.tdata
 *(.tdata .tdata.* .gnu.linkonce.td.*)

.tbss
 *(.tbss .tbss.* .gnu.linkonce.tb.*)
 *(.tcommon)

.preinit_array  0x00000000c0013000        0x0
                0x00000000c0013000                PROVIDE (__preinit_array_start, .)
 *(.preinit_array)
                0x00000000c0013000                PROVIDE (__preinit_array_end, .)

.init_array     0x00000000c0013000        0x0
                0x00000000c0013000                PROVIDE (__init_array_start, .)
 *(SORT(.init_array.*) SORT(.ctors.*))
 *(.init_array EXCLUDE_FILE(*crtend?.o *crtend.o *crtbegin?.o *crtbegin.o) .ctors)
                0x00000000c0013000                PROVIDE (__init_array_end, .)

.fini_array     0x00000000c0013000        0x0
                0x00000000c0013000                PROVIDE (__fini_array_start, .)
 *(SORT(.fini_array.*) SORT(.dtors.*))
 *(.fini_array EXCLUDE_FILE(*crtend?.o *crtend.o *crtbegin?.o *crtbegin.o) .dtors)
                0x00000000c0013000                PROVIDE (__fini_array_end, .)

.ctors
 *crtbegin.o(.ctors)
 *crtbegin?.o(.ctors)
 *(EXCLUDE_FILE(*crtend?.o *crtend.o) .ctors)
 *(SORT(.ctors.*))
 *(.ctors)

.dtors
 *crtbegin.o(.dtors)
 *crtbegin?.o(.dtors)
 *(EXCLUDE_FILE(*crtend?.o *crtend.o) .dtors)
 *(SORT(.dtors.*))
 *(.dtors)

.jcr
 *(.jcr)

.data.rel.ro
 *(.data.rel.ro.local* .gnu.linkonce.d.rel.ro.local.*)
 *(.data.rel.ro .data.rel.ro.* .gnu.linkonce.d.rel.ro.*)

.dynamic
 *(.dynamic)

.got
 *(.got)
 *(.igot)
                0x00000000c0013000                . = DATA_SEGMENT_RELRO_END (., (SIZEOF (.got.plt) >= 0xc)?0xc:0x0)

.got.plt        0x00000000c0013000        0x0
 *(.got.plt)
 *(.igot.plt)
 .igot.plt      0x0000000000000000        0x0 build/main.o

.data           0x00000000c0013000      0x15c
 *(.data .data.* .gnu.linkonce.d.*)
 .data          0x00000000c0013000        0x0 build/main.o
 .data          0x00000000c0013000        0x0 build/init.o
 .data          0x00000000c0013000        0x0 build/interrupt.o
 .data          0x00000000c0013000        0x0 build/timer.o
 .data          0x00000000c0013000       0xd2 build/kernel.o
                0x00000000c0013012                intr_entry_table
 *fill*         0x00000000c00130d2        0x2 
 .data          0x00000000c00130d4        0x8 build/print.o
 .data          0x00000000c00130dc        0x0 build/debug.o
 .data          0x00000000c00130dc        0x0 build/memory.o
 .data          0x00000000c00130dc        0x0 build/bitmap.o
 .data          0x00000000c00130dc        0x0 build/string.o
 .data          0x00000000c00130dc        0x0 build/thread.o
 .data          0x00000000c00130dc        0x0 build/list.o
 .data          0x00000000c00130dc        0x0 build/console.o
 .data          0x00000000c00130dc        0x0 build/sync.o
 *fill*         0x00000000c00130dc        0x4 
 .data          0x00000000c00130e0       0x76 build/keyboard.o
 .data          0x00000000c0013156        0x0 build/ioqueue.o
 .data          0x00000000c0013156        0x0 build/tss.o
 .data          0x00000000c0013156        0x0 build/process.o
 .data          0x00000000c0013156        0x0 build/syscall.o
 .data          0x00000000c0013156        0x0 build/syscall-init.o
 .data          0x00000000c0013156        0x0 build/stdio.o
 .data          0x00000000c0013156        0x0 build/ide.o
 .data          0x00000000c0013156        0x0 build/stdio-kernel.o
 .data          0x00000000c0013156        0x0 build/fs.o
 .data          0x00000000c0013156        0x0 build/inode.o
 .data          0x00000000c0013156        0x0 build/file.o
 .data          0x00000000c0013156        0x0 build/dir.o
 .data          0x00000000c0013156        0x0 build/fork.o
 *fill*         0x00000000c0013156        0x2 
 .data          0x00000000c0013158        0x4 build/shell.o
                0x00000000c0013158                argc
 .data          0x00000000c001315c        0x0 build/assert.o
 .data          0x00000000c001315c        0x0 build/buildin_cmd.o
 .data          0x00000000c001315c        0x0 build/exec.o
 .data          0x00000000c001315c        0x0 build/wait_exit.o
 .data          0x00000000c001315c        0x0 build/pipe.o

.data1
 *(.data1)
                0x00000000c001315c                _edata = .
                0x00000000c001315c                PROVIDE (edata, .)
                0x00000000c001315c                . = .
                0x00000000c001315c                __bss_start = .

.bss            0x00000000c0013160     0x27a8
 *(.dynbss)
 *(.bss .bss.* .gnu.linkonce.b.*)
 .bss           0x00000000c0013160        0x0 build/main.o
 .bss           0x00000000c0013160        0x0 build/init.o
 .bss           0x00000000c0013160      0x408 build/interrupt.o
 .bss           0x00000000c0013568        0x0 build/timer.o
 .bss           0x00000000c0013568        0x0 build/debug.o
 .bss           0x00000000c0013568        0x0 build/memory.o
 .bss           0x00000000c0013568        0x0 build/bitmap.o
 .bss           0x00000000c0013568        0x0 build/string.o
 *fill*         0x00000000c0013568       0x18 
 .bss           0x00000000c0013580       0x84 build/thread.o
                0x00000000c0013580                pid_bitmap_bits
 .bss           0x00000000c0013604        0x0 build/list.o
 .bss           0x00000000c0013604       0x1c build/console.o
 .bss           0x00000000c0013620        0x0 build/sync.o
 .bss           0x00000000c0013620       0x14 build/keyboard.o
 .bss           0x00000000c0013634        0x0 build/ioqueue.o
 *fill*         0x00000000c0013634        0xc 
 .bss           0x00000000c0013640       0x6c build/tss.o
 .bss           0x00000000c00136ac        0x0 build/process.o
 .bss           0x00000000c00136ac        0x0 build/syscall.o
 .bss           0x00000000c00136ac        0x0 build/syscall-init.o
 .bss           0x00000000c00136ac        0x0 build/stdio.o
 .bss           0x00000000c00136ac        0x6 build/ide.o
                0x00000000c00136ac                ext_lba_base
                0x00000000c00136b0                p_no
                0x00000000c00136b1                l_no
 .bss           0x00000000c00136b2        0x0 build/stdio-kernel.o
 .bss           0x00000000c00136b2        0x0 build/fs.o
 .bss           0x00000000c00136b2        0x0 build/inode.o
 .bss           0x00000000c00136b2        0x0 build/file.o
 .bss           0x00000000c00136b2        0x0 build/dir.o
 .bss           0x00000000c00136b2        0x0 build/fork.o
 *fill*         0x00000000c00136b2        0xe 
 .bss           0x00000000c00136c0      0x300 build/shell.o
                0x00000000c00136c0                final_path
                0x00000000c00138c0                cwd_cache
                0x00000000c0013900                argv
 .bss           0x00000000c00139c0        0x0 build/assert.o
 .bss           0x00000000c00139c0        0x0 build/buildin_cmd.o
 .bss           0x00000000c00139c0        0x0 build/exec.o
 .bss           0x00000000c00139c0        0x0 build/wait_exit.o
 .bss           0x00000000c00139c0        0x0 build/pipe.o
 *(COMMON)
 COMMON         0x00000000c00139c0      0x424 build/interrupt.o
                0x00000000c00139c0                intr_name
                0x00000000c0013be0                idt_table
 COMMON         0x00000000c0013de4        0x4 build/timer.o
                0x00000000c0013de4                ticks
 *fill*         0x00000000c0013de8       0x18 
 COMMON         0x00000000c0013e00      0x12c build/memory.o
                0x00000000c0013e00                user_pool
                0x00000000c0013e40                k_block_descs
                0x00000000c0013ee8                kernel_vaddr
                0x00000000c0013f00                kernel_pool
 *fill*         0x00000000c0013f2c       0x14 
 COMMON         0x00000000c0013f40       0x6c build/thread.o
                0x00000000c0013f40                pid_pool
                0x00000000c0013f68                thread_ready_list
                0x00000000c0013f78                thread_all_list
                0x00000000c0013f88                idle_thread
                0x00000000c0013f8c                main_thread
                0x00000000c0013f90                pid_lock
 *fill*         0x00000000c0013fac       0x14 
 COMMON         0x00000000c0013fc0      0x82c build/keyboard.o
                0x00000000c0013fc0                kbd_buf
 *fill*         0x00000000c00147ec       0x14 
 COMMON         0x00000000c0014800       0x80 build/syscall-init.o
                0x00000000c0014800                syscall_table
 COMMON         0x00000000c0014880      0xcf0 build/ide.o
                0x00000000c0014880                channel_cnt
                0x00000000c00148a0                channels
                0x00000000c0015560                partition_list
 COMMON         0x00000000c0015570        0x4 build/fs.o
                0x00000000c0015570                cur_part
 *fill*         0x00000000c0015574        0xc 
 COMMON         0x00000000c0015580      0x180 build/file.o
                0x00000000c0015580                file_table
 COMMON         0x00000000c0015700      0x208 build/dir.o
                0x00000000c0015700                root_dir
                0x00000000c0015908                . = ALIGN ((. != 0x0)?0x4:0x1)
                0x00000000c0015908                . = ALIGN (0x4)
                0x00000000c0015908                . = SEGMENT_START ("ldata-segment", .)
                0x00000000c0015908                . = ALIGN (0x4)
                0x00000000c0015908                _end = .
                0x00000000c0015908                PROVIDE (end, .)
                0x00000000c0015908                . = DATA_SEGMENT_END (.)

.stab
 *(.stab)

.stabstr
 *(.stabstr)

.stab.excl
 *(.stab.excl)

.stab.exclstr
 *(.stab.exclstr)

.stab.index
 *(.stab.index)

.stab.indexstr
 *(.stab.indexstr)

.comment        0x0000000000000000       0x2b
 *(.comment)
 .comment       0x0000000000000000       0x2b build/main.o
                                         0x2c (size before relaxing)
 .comment       0x0000000000000000       0x2c build/init.o
 .comment       0x0000000000000000       0x2c build/interrupt.o
 .comment       0x0000000000000000       0x2c build/timer.o
 .comment       0x0000000000000000       0x2c build/debug.o
 .comment       0x0000000000000000       0x2c build/memory.o
 .comment       0x0000000000000000       0x2c build/bitmap.o
 .comment       0x0000000000000000       0x2c build/string.o
 .comment       0x0000000000000000       0x2c build/thread.o
 .comment       0x0000000000000000       0x2c build/list.o
 .comment       0x0000000000000000       0x2c build/console.o
 .comment       0x0000000000000000       0x2c build/sync.o
 .comment       0x0000000000000000       0x2c build/keyboard.o
 .comment       0x0000000000000000       0x2c build/ioqueue.o
 .comment       0x0000000000000000       0x2c build/tss.o
 .comment       0x0000000000000000       0x2c build/process.o
 .comment       0x0000000000000000       0x2c build/syscall.o
 .comment       0x0000000000000000       0x2c build/syscall-init.o
 .comment       0x0000000000000000       0x2c build/stdio.o
 .comment       0x0000000000000000       0x2c build/ide.o
 .comment       0x0000000000000000       0x2c build/stdio-kernel.o
 .comment       0x0000000000000000       0x2c build/fs.o
 .comment       0x0000000000000000       0x2c build/inode.o
 .comment       0x0000000000000000       0x2c build/file.o
 .comment       0x0000000000000000       0x2c build/dir.o
 .comment       0x0000000000000000       0x2c build/fork.o
 .comment       0x0000000000000000       0x2c build/shell.o
 .comment       0x0000000000000000       0x2c build/assert.o
 .comment       0x0000000000000000       0x2c build/buildin_cmd.o
 .comment       0x0000000000000000       0x2c build/exec.o
 .comment       0x0000000000000000       0x2c build/wait_exit.o
 .comment       0x0000000000000000       0x2c build/pipe.o

.debug
 *(.debug)

.line
 *(.line)

.debug_srcinfo
 *(.debug_srcinfo)

.debug_sfnames
 *(.debug_sfnames)

.debug_aranges
 *(.debug_aranges)

.debug_pubnames
 *(.debug_pubnames)

.debug_info
 *(.debug_info .gnu.linkonce.wi.*)

.debug_abbrev
 *(.debug_abbrev)

.debug_line
 *(.debug_line .debug_line.* .debug_line_end)

.debug_frame
 *(.debug_frame)

.debug_str
 *(.debug_str)

.debug_loc
 *(.debug_loc)

.debug_macinfo
 *(.debug_macinfo)

.debug_weaknames
 *(.debug_weaknames)

.debug_funcnames
 *(.debug_funcnames)

.debug_typenames
 *(.debug_typenames)

.debug_varnames
 *(.debug_varnames)

.debug_pubtypes
 *(.debug_pubtypes)

.debug_ranges
 *(.debug_ranges)

.debug_macro
 *(.debug_macro)

.gnu.attributes
 *(.gnu.attributes)

/DISCARD/
 *(.note.GNU-stack)
 *(.gnu_debuglink)
 *(.gnu.lto_*)
OUTPUT(build/kernel.bin elf32-i386)
