
Allocating common symbols
Common symbol       size              file

kbd_buf             0x6c              build/keyboard.o
thread_ready_list   0x10              build/thread.o
thread_all_list     0x10              build/thread.o
user_pool           0x2c              build/memory.o
intr_name           0x204             build/interrupt.o
main_thread         0x4               build/thread.o
ticks               0x4               build/timer.o
kernel_vaddr        0xc               build/memory.o
syscall_table       0x80              build/syscall-init.o
idt_table           0x204             build/interrupt.o
kernel_pool         0x2c              build/memory.o
pid_lock            0x1c              build/thread.o

Discarded input sections

 .note.GNU-stack
                0x0000000000000000        0x0 build/main.o
 .note.GNU-stack
                0x0000000000000000        0x0 build/init.o
 .note.GNU-stack
                0x0000000000000000        0x0 build/interrupt.o
 .note.GNU-stack
                0x0000000000000000        0x0 build/timer.o
 .note.GNU-stack
                0x0000000000000000        0x0 build/debug.o
 .note.GNU-stack
                0x0000000000000000        0x0 build/memory.o
 .note.GNU-stack
                0x0000000000000000        0x0 build/bitmap.o
 .note.GNU-stack
                0x0000000000000000        0x0 build/string.o
 .note.GNU-stack
                0x0000000000000000        0x0 build/thread.o
 .note.GNU-stack
                0x0000000000000000        0x0 build/list.o
 .note.GNU-stack
                0x0000000000000000        0x0 build/console.o
 .note.GNU-stack
                0x0000000000000000        0x0 build/sync.o
 .note.GNU-stack
                0x0000000000000000        0x0 build/keyboard.o
 .note.GNU-stack
                0x0000000000000000        0x0 build/ioqueue.o
 .note.GNU-stack
                0x0000000000000000        0x0 build/tss.o
 .note.GNU-stack
                0x0000000000000000        0x0 build/process.o
 .note.GNU-stack
                0x0000000000000000        0x0 build/syscall.o
 .note.GNU-stack
                0x0000000000000000        0x0 build/syscall-init.o
 .note.GNU-stack
                0x0000000000000000        0x0 build/stdio.o

Memory Configuration

Name             Origin             Length             Attributes
*default*        0x0000000000000000 0xffffffffffffffff

Linker script and memory map

Address of section .text set to 0xc0001500
LOAD build/main.o
LOAD build/init.o
LOAD build/interrupt.o
LOAD build/timer.o
LOAD build/kernel.o
LOAD build/print.o
LOAD build/debug.o
LOAD build/memory.o
LOAD build/bitmap.o
LOAD build/string.o
LOAD build/thread.o
LOAD build/list.o
LOAD build/switch.o
LOAD build/console.o
LOAD build/sync.o
LOAD build/keyboard.o
LOAD build/ioqueue.o
LOAD build/tss.o
LOAD build/process.o
LOAD build/syscall.o
LOAD build/syscall-init.o
LOAD build/stdio.o
                0x0000000008048000                PROVIDE (__executable_start, 0x8048000)
                0x0000000008048094                . = (0x8048000 + SIZEOF_HEADERS)

.interp
 *(.interp)

.note.gnu.build-id
 *(.note.gnu.build-id)

.hash
 *(.hash)

.gnu.hash
 *(.gnu.hash)

.dynsym
 *(.dynsym)

.dynstr
 *(.dynstr)

.gnu.version
 *(.gnu.version)

.gnu.version_d
 *(.gnu.version_d)

.gnu.version_r
 *(.gnu.version_r)

.rel.dyn        0x0000000008048094        0x0
 *(.rel.init)
 *(.rel.text .rel.text.* .rel.gnu.linkonce.t.*)
 .rel.text      0x0000000000000000        0x0 build/main.o
 *(.rel.fini)
 *(.rel.rodata .rel.rodata.* .rel.gnu.linkonce.r.*)
 *(.rel.data.rel.ro .rel.data.rel.ro.* .rel.gnu.linkonce.d.rel.ro.*)
 *(.rel.data .rel.data.* .rel.gnu.linkonce.d.*)
 *(.rel.tdata .rel.tdata.* .rel.gnu.linkonce.td.*)
 *(.rel.tbss .rel.tbss.* .rel.gnu.linkonce.tb.*)
 *(.rel.ctors)
 *(.rel.dtors)
 *(.rel.got)
 *(.rel.bss .rel.bss.* .rel.gnu.linkonce.b.*)
 *(.rel.ifunc)

.rel.plt        0x0000000008048094        0x0
 *(.rel.plt)
                0x0000000008048094                PROVIDE (__rel_iplt_start, .)
 *(.rel.iplt)
 .rel.iplt      0x0000000000000000        0x0 build/main.o
                0x0000000008048094                PROVIDE (__rel_iplt_end, .)

.init
 *(SORT(.init))

.plt            0x00000000080480a0        0x0
 *(.plt)
 *(.iplt)
 .iplt          0x0000000000000000        0x0 build/main.o

.text           0x00000000c0001500     0x37cf
 *(.text.unlikely .text.*_unlikely .text.unlikely.*)
 *(.text.exit .text.exit.*)
 *(.text.startup .text.startup.*)
 *(.text.hot .text.hot.*)
 *(.text .stub .text.* .gnu.linkonce.t.*)
 .text          0x00000000c0001500      0x182 build/main.o
                0x00000000c0001500                main
                0x00000000c00015b6                k_thread_a
                0x00000000c00015e9                k_thread_b
                0x00000000c000161c                u_prog_a
                0x00000000c000164f                u_prog_b
 .text          0x00000000c0001682       0x3c build/init.o
                0x00000000c0001682                init_all
 .text          0x00000000c00016be      0x480 build/interrupt.o
                0x00000000c0001a2c                intr_enable
                0x00000000c0001a55                intr_disable
                0x00000000c0001a7e                intr_set_status
                0x00000000c0001a9c                intr_get_status
                0x00000000c0001ac0                register_handler
                0x00000000c0001adc                idt_init
 .text          0x00000000c0001b3e      0x190 build/timer.o
                0x00000000c0001c6e                timer_init
 *fill*         0x00000000c0001cce        0x2 
 .text          0x00000000c0001cd0      0x55b build/kernel.o
                0x00000000c0001cd0                intr_exit
                0x00000000c0002207                syscall_handler
 *fill*         0x00000000c000222b        0x5 
 .text          0x00000000c0002230      0x172 build/print.o
                0x00000000c0002230                put_str
                0x00000000c000224e                put_char
                0x00000000c000231b                put_int
                0x00000000c000237e                set_cursor
 .text          0x00000000c00023a2       0xa5 build/debug.o
                0x00000000c00023a2                panic_spin
 .text          0x00000000c0002447      0x828 build/memory.o
                0x00000000c0002577                pte_ptr
                0x00000000c00025a7                pde_ptr
                0x00000000c0002758                malloc_page
                0x00000000c0002822                get_kernel_pages
                0x00000000c000287e                get_user_pages
                0x00000000c00028d4                get_a_page
                0x00000000c0002a4c                addr_v2p
                0x00000000c0002c3a                mem_init
 .text          0x00000000c0002c6f      0x266 build/bitmap.o
                0x00000000c0002c6f                bitmap_init
                0x00000000c0002c96                bitmap_scan_test
                0x00000000c0002cd6                bitmap_scan
                0x00000000c0002e1a                bitmap_set
 .text          0x00000000c0002ed5      0x449 build/string.o
                0x00000000c0002ed5                memset
                0x00000000c0002f31                memcpy
                0x00000000c0002f9d                memcmp
                0x00000000c000302d                strcpy
                0x00000000c000308f                strlen
                0x00000000c00030e5                strcmp
                0x00000000c000316c                strchr
                0x00000000c00031d1                strrchr
                0x00000000c000323a                strcat
                0x00000000c00032b1                strchrs
 .text          0x00000000c000331e      0x5da build/thread.o
                0x00000000c000331e                running_thread
                0x00000000c0003382                thread_create
                0x00000000c00033e8                init_thread
                0x00000000c000348f                thread_start
                0x00000000c000360a                schedule
                0x00000000c000373d                thread_block
                0x00000000c00037a4                thread_unblock
                0x00000000c00038af                thread_init
 .text          0x00000000c00038f8      0x1e3 build/list.o
                0x00000000c00038f8                list_init
                0x00000000c0003925                list_insert_before
                0x00000000c0003966                list_push
                0x00000000c0003983                list_append
                0x00000000c00039a0                list_remove
                0x00000000c00039d6                list_pop
                0x00000000c00039f5                elem_find
                0x00000000c0003a30                list_traversal
                0x00000000c0003a8d                list_len
                0x00000000c0003ac2                list_empty
 *fill*         0x00000000c0003adb        0x5 
 .text          0x00000000c0003ae0       0x15 build/switch.o
                0x00000000c0003ae0                switch_to
 .text          0x00000000c0003af5       0x9a build/console.o
                0x00000000c0003af5                console_init
                0x00000000c0003b09                console_acquire
                0x00000000c0003b1d                console_release
                0x00000000c0003b31                console_put_str
                0x00000000c0003b4e                console_put_char
                0x00000000c0003b72                console_put_int
 .text          0x00000000c0003b8f      0x347 build/sync.o
                0x00000000c0003b8f                sema_init
                0x00000000c0003bb4                lock_init
                0x00000000c0003be5                sema_down
                0x00000000c0003cf9                sema_up
                0x00000000c0003daf                lock_acquire
                0x00000000c0003e2b                lock_release
 .text          0x00000000c0003ed6      0x2cb build/keyboard.o
                0x00000000c0004161                keyboard_init
 .text          0x00000000c00041a1      0x2ef build/ioqueue.o
                0x00000000c00041a1                ioqueue_init
                0x00000000c00041fc                ioq_full
                0x00000000c0004334                ioq_getchar
                0x00000000c00043e1                ioq_putchar
 .text          0x00000000c0004490      0x1af build/tss.o
                0x00000000c0004490                update_tss_esp
                0x00000000c0004511                tss_init
 .text          0x00000000c000463f      0x357 build/process.o
                0x00000000c000463f                start_process
                0x00000000c0004745                page_dir_activate
                0x00000000c0004775                process_activate
                0x00000000c00047c7                create_page_dir
                0x00000000c0004838                create_user_vaddr_bitmap
                0x00000000c000487a                process_execute
 .text          0x00000000c0004996       0x34 build/syscall.o
                0x00000000c0004996                getpid
                0x00000000c00049ab                write
 .text          0x00000000c00049ca       0x64 build/syscall-init.o
                0x00000000c00049ca                sys_getpid
                0x00000000c00049dc                sys_write
                0x00000000c00049fa                syscall_init
 .text          0x00000000c0004a2e      0x2a1 build/stdio.o
                0x00000000c0004ab5                vsprintf
                0x00000000c0004c39                sprintf
                0x00000000c0004c6d                printf
 *(.gnu.warning)

.fini
 *(SORT(.fini))
                0x00000000c0004ccf                PROVIDE (__etext, .)
                0x00000000c0004ccf                PROVIDE (_etext, .)
                0x00000000c0004ccf                PROVIDE (etext, .)

.rodata         0x00000000c0004cd0      0xce7
 *(.rodata .rodata.* .gnu.linkonce.r.*)
 .rodata        0x00000000c0004cd0       0x9b build/main.o
 .rodata        0x00000000c0004d6b        0xa build/init.o
 *fill*         0x00000000c0004d75        0x3 
 .rodata        0x00000000c0004d78      0x2c5 build/interrupt.o
 *fill*         0x00000000c000503d        0x3 
 .rodata        0x00000000c0005040       0x6b build/timer.o
 .rodata        0x00000000c00050ab       0x3b build/debug.o
 *fill*         0x00000000c00050e6        0x2 
 .rodata        0x00000000c00050e8      0x1d0 build/memory.o
 .rodata        0x00000000c00052b8       0x68 build/bitmap.o
 .rodata        0x00000000c0005320       0xb9 build/string.o
 *fill*         0x00000000c00053d9        0x3 
 .rodata        0x00000000c00053dc      0x2b3 build/thread.o
 *fill*         0x00000000c000568f        0x1 
 .rodata        0x00000000c0005690      0x12b build/sync.o
 .rodata        0x00000000c00057bb       0x36 build/keyboard.o
 *fill*         0x00000000c00057f1        0x3 
 .rodata        0x00000000c00057f4       0x9d build/ioqueue.o
 .rodata        0x00000000c0005891       0x27 build/tss.o
 .rodata        0x00000000c00058b8       0xd8 build/process.o
 .rodata        0x00000000c0005990       0x27 build/syscall-init.o

.rodata1
 *(.rodata1)

.eh_frame_hdr
 *(.eh_frame_hdr)

.eh_frame       0x00000000c00059b8      0xe24
 *(.eh_frame)
 .eh_frame      0x00000000c00059b8       0xa4 build/main.o
 .eh_frame      0x00000000c0005a5c       0x20 build/init.o
                                         0x38 (size before relaxing)
 .eh_frame      0x00000000c0005a7c      0x188 build/interrupt.o
                                        0x1a0 (size before relaxing)
 .eh_frame      0x00000000c0005c04       0x8c build/timer.o
                                         0xa4 (size before relaxing)
 .eh_frame      0x00000000c0005c90       0x1c build/debug.o
                                         0x34 (size before relaxing)
 .eh_frame      0x00000000c0005cac      0x180 build/memory.o
                                        0x198 (size before relaxing)
 .eh_frame      0x00000000c0005e2c       0x8c build/bitmap.o
                                         0xa4 (size before relaxing)
 .eh_frame      0x00000000c0005eb8      0x140 build/string.o
                                        0x158 (size before relaxing)
 .eh_frame      0x00000000c0005ff8      0x160 build/thread.o
                                        0x178 (size before relaxing)
 .eh_frame      0x00000000c0006158      0x140 build/list.o
                                        0x158 (size before relaxing)
 .eh_frame      0x00000000c0006298       0xc0 build/console.o
                                         0xd8 (size before relaxing)
 .eh_frame      0x00000000c0006358       0xc8 build/sync.o
                                         0xe0 (size before relaxing)
 .eh_frame      0x00000000c0006420       0x60 build/keyboard.o
                                         0x78 (size before relaxing)
 .eh_frame      0x00000000c0006480      0x100 build/ioqueue.o
                                        0x118 (size before relaxing)
 .eh_frame      0x00000000c0006580       0x64 build/tss.o
                                         0x7c (size before relaxing)
 .eh_frame      0x00000000c00065e4       0xc0 build/process.o
                                         0xd8 (size before relaxing)
 .eh_frame      0x00000000c00066a4       0x44 build/syscall.o
                                         0x5c (size before relaxing)
 .eh_frame      0x00000000c00066e8       0x60 build/syscall-init.o
                                         0x78 (size before relaxing)
 .eh_frame      0x00000000c0006748       0x94 build/stdio.o
                                         0xac (size before relaxing)

.gcc_except_table
 *(.gcc_except_table .gcc_except_table.*)

.exception_ranges
 *(.exception_ranges .exception_ranges*)
                0x00000000c00067dc                . = (ALIGN (0x1000) - ((0x1000 - .) & 0xfff))
                0x00000000c0007000                . = DATA_SEGMENT_ALIGN (0x1000, 0x1000)

.eh_frame
 *(.eh_frame)

.gcc_except_table
 *(.gcc_except_table .gcc_except_table.*)

.exception_ranges
 *(.exception_ranges .exception_ranges*)

.tdata
 *(.tdata .tdata.* .gnu.linkonce.td.*)

.tbss
 *(.tbss .tbss.* .gnu.linkonce.tb.*)
 *(.tcommon)

.preinit_array  0x00000000c0007000        0x0
                0x00000000c0007000                PROVIDE (__preinit_array_start, .)
 *(.preinit_array)
                0x00000000c0007000                PROVIDE (__preinit_array_end, .)

.init_array     0x00000000c0007000        0x0
                0x00000000c0007000                PROVIDE (__init_array_start, .)
 *(SORT(.init_array.*) SORT(.ctors.*))
 *(.init_array EXCLUDE_FILE(*crtend?.o *crtend.o *crtbegin?.o *crtbegin.o) .ctors)
                0x00000000c0007000                PROVIDE (__init_array_end, .)

.fini_array     0x00000000c0007000        0x0
                0x00000000c0007000                PROVIDE (__fini_array_start, .)
 *(SORT(.fini_array.*) SORT(.dtors.*))
 *(.fini_array EXCLUDE_FILE(*crtend?.o *crtend.o *crtbegin?.o *crtbegin.o) .dtors)
                0x00000000c0007000                PROVIDE (__fini_array_end, .)

.ctors
 *crtbegin.o(.ctors)
 *crtbegin?.o(.ctors)
 *(EXCLUDE_FILE(*crtend?.o *crtend.o) .ctors)
 *(SORT(.ctors.*))
 *(.ctors)

.dtors
 *crtbegin.o(.dtors)
 *crtbegin?.o(.dtors)
 *(EXCLUDE_FILE(*crtend?.o *crtend.o) .dtors)
 *(SORT(.dtors.*))
 *(.dtors)

.jcr
 *(.jcr)

.data.rel.ro
 *(.data.rel.ro.local* .gnu.linkonce.d.rel.ro.local.*)
 *(.data.rel.ro .data.rel.ro.* .gnu.linkonce.d.rel.ro.*)

.dynamic
 *(.dynamic)

.got
 *(.got)
 *(.igot)
                0x00000000c0007000                . = DATA_SEGMENT_RELRO_END (., (SIZEOF (.got.plt) >= 0xc)?0xc:0x0)

.got.plt        0x00000000c0007000        0x0
 *(.got.plt)
 *(.igot.plt)
 .igot.plt      0x0000000000000000        0x0 build/main.o

.data           0x00000000c0007000      0x156
 *(.data .data.* .gnu.linkonce.d.*)
 .data          0x00000000c0007000        0x0 build/main.o
 .data          0x00000000c0007000        0x0 build/init.o
 .data          0x00000000c0007000        0x0 build/interrupt.o
 .data          0x00000000c0007000        0x0 build/timer.o
 .data          0x00000000c0007000       0xd2 build/kernel.o
                0x00000000c0007012                intr_entry_table
 *fill*         0x00000000c00070d2        0x2 
 .data          0x00000000c00070d4        0x8 build/print.o
 .data          0x00000000c00070dc        0x0 build/debug.o
 .data          0x00000000c00070dc        0x0 build/memory.o
 .data          0x00000000c00070dc        0x0 build/bitmap.o
 .data          0x00000000c00070dc        0x0 build/string.o
 .data          0x00000000c00070dc        0x0 build/thread.o
 .data          0x00000000c00070dc        0x0 build/list.o
 .data          0x00000000c00070dc        0x0 build/console.o
 .data          0x00000000c00070dc        0x0 build/sync.o
 *fill*         0x00000000c00070dc        0x4 
 .data          0x00000000c00070e0       0x76 build/keyboard.o
 .data          0x00000000c0007156        0x0 build/ioqueue.o
 .data          0x00000000c0007156        0x0 build/tss.o
 .data          0x00000000c0007156        0x0 build/process.o
 .data          0x00000000c0007156        0x0 build/syscall.o
 .data          0x00000000c0007156        0x0 build/syscall-init.o
 .data          0x00000000c0007156        0x0 build/stdio.o

.data1
 *(.data1)
                0x00000000c0007156                _edata = .
                0x00000000c0007156                PROVIDE (edata, .)
                0x00000000c0007156                . = .
                0x00000000c0007156                __bss_start = .

.bss            0x00000000c0007160      0xae0
 *(.dynbss)
 *(.bss .bss.* .gnu.linkonce.b.*)
 .bss           0x00000000c0007160        0x8 build/main.o
                0x00000000c0007160                prog_a_pid
                0x00000000c0007164                prog_b_pid
 .bss           0x00000000c0007168        0x0 build/init.o
 *fill*         0x00000000c0007168       0x18 
 .bss           0x00000000c0007180      0x408 build/interrupt.o
 .bss           0x00000000c0007588        0x0 build/timer.o
 .bss           0x00000000c0007588        0x0 build/debug.o
 .bss           0x00000000c0007588        0x0 build/memory.o
 .bss           0x00000000c0007588        0x0 build/bitmap.o
 .bss           0x00000000c0007588        0x0 build/string.o
 .bss           0x00000000c0007588        0x6 build/thread.o
 .bss           0x00000000c000758e        0x0 build/list.o
 *fill*         0x00000000c000758e        0x2 
 .bss           0x00000000c0007590       0x1c build/console.o
 .bss           0x00000000c00075ac        0x0 build/sync.o
 .bss           0x00000000c00075ac       0x14 build/keyboard.o
 .bss           0x00000000c00075c0        0x0 build/ioqueue.o
 .bss           0x00000000c00075c0       0x6c build/tss.o
 .bss           0x00000000c000762c        0x0 build/process.o
 .bss           0x00000000c000762c        0x0 build/syscall.o
 .bss           0x00000000c000762c        0x0 build/syscall-init.o
 .bss           0x00000000c000762c        0x0 build/stdio.o
 *(COMMON)
 *fill*         0x00000000c000762c       0x14 
 COMMON         0x00000000c0007640      0x424 build/interrupt.o
                0x00000000c0007640                intr_name
                0x00000000c0007860                idt_table
 COMMON         0x00000000c0007a64        0x4 build/timer.o
                0x00000000c0007a64                ticks
 *fill*         0x00000000c0007a68       0x18 
 COMMON         0x00000000c0007a80       0x6c build/memory.o
                0x00000000c0007a80                user_pool
                0x00000000c0007aac                kernel_vaddr
                0x00000000c0007ac0                kernel_pool
 COMMON         0x00000000c0007aec       0x40 build/thread.o
                0x00000000c0007aec                thread_ready_list
                0x00000000c0007afc                thread_all_list
                0x00000000c0007b0c                main_thread
                0x00000000c0007b10                pid_lock
 *fill*         0x00000000c0007b2c       0x14 
 COMMON         0x00000000c0007b40       0x6c build/keyboard.o
                0x00000000c0007b40                kbd_buf
 *fill*         0x00000000c0007bac       0x14 
 COMMON         0x00000000c0007bc0       0x80 build/syscall-init.o
                0x00000000c0007bc0                syscall_table
                0x00000000c0007c40                . = ALIGN ((. != 0x0)?0x4:0x1)
                0x00000000c0007c40                . = ALIGN (0x4)
                0x00000000c0007c40                . = SEGMENT_START ("ldata-segment", .)
                0x00000000c0007c40                . = ALIGN (0x4)
                0x00000000c0007c40                _end = .
                0x00000000c0007c40                PROVIDE (end, .)
                0x00000000c0007c40                . = DATA_SEGMENT_END (.)

.stab
 *(.stab)

.stabstr
 *(.stabstr)

.stab.excl
 *(.stab.excl)

.stab.exclstr
 *(.stab.exclstr)

.stab.index
 *(.stab.index)

.stab.indexstr
 *(.stab.indexstr)

.comment        0x0000000000000000       0x2b
 *(.comment)
 .comment       0x0000000000000000       0x2b build/main.o
                                         0x2c (size before relaxing)
 .comment       0x0000000000000000       0x2c build/init.o
 .comment       0x0000000000000000       0x2c build/interrupt.o
 .comment       0x0000000000000000       0x2c build/timer.o
 .comment       0x0000000000000000       0x2c build/debug.o
 .comment       0x0000000000000000       0x2c build/memory.o
 .comment       0x0000000000000000       0x2c build/bitmap.o
 .comment       0x0000000000000000       0x2c build/string.o
 .comment       0x0000000000000000       0x2c build/thread.o
 .comment       0x0000000000000000       0x2c build/list.o
 .comment       0x0000000000000000       0x2c build/console.o
 .comment       0x0000000000000000       0x2c build/sync.o
 .comment       0x0000000000000000       0x2c build/keyboard.o
 .comment       0x0000000000000000       0x2c build/ioqueue.o
 .comment       0x0000000000000000       0x2c build/tss.o
 .comment       0x0000000000000000       0x2c build/process.o
 .comment       0x0000000000000000       0x2c build/syscall.o
 .comment       0x0000000000000000       0x2c build/syscall-init.o
 .comment       0x0000000000000000       0x2c build/stdio.o

.debug
 *(.debug)

.line
 *(.line)

.debug_srcinfo
 *(.debug_srcinfo)

.debug_sfnames
 *(.debug_sfnames)

.debug_aranges
 *(.debug_aranges)

.debug_pubnames
 *(.debug_pubnames)

.debug_info
 *(.debug_info .gnu.linkonce.wi.*)

.debug_abbrev
 *(.debug_abbrev)

.debug_line
 *(.debug_line .debug_line.* .debug_line_end)

.debug_frame
 *(.debug_frame)

.debug_str
 *(.debug_str)

.debug_loc
 *(.debug_loc)

.debug_macinfo
 *(.debug_macinfo)

.debug_weaknames
 *(.debug_weaknames)

.debug_funcnames
 *(.debug_funcnames)

.debug_typenames
 *(.debug_typenames)

.debug_varnames
 *(.debug_varnames)

.debug_pubtypes
 *(.debug_pubtypes)

.debug_ranges
 *(.debug_ranges)

.debug_macro
 *(.debug_macro)

.gnu.attributes
 *(.gnu.attributes)

/DISCARD/
 *(.note.GNU-stack)
 *(.gnu_debuglink)
 *(.gnu.lto_*)
OUTPUT(build/kernel.bin elf32-i386)
