
Allocating common symbols
Common symbol       size              file

kbd_buf             0x6c              build/keyboard.o
root_dir            0x208             build/dir.o
thread_ready_list   0x10              build/thread.o
thread_all_list     0x10              build/thread.o
user_pool           0x2c              build/memory.o
channel_cnt         0x1               build/ide.o
cur_part            0x4               build/fs.o
k_block_descs       0xa8              build/memory.o
idle_thread         0x4               build/thread.o
intr_name           0x204             build/interrupt.o
main_thread         0x4               build/thread.o
channels            0xcc0             build/ide.o
ticks               0x4               build/timer.o
kernel_vaddr        0xc               build/memory.o
syscall_table       0x80              build/syscall-init.o
idt_table           0x204             build/interrupt.o
file_table          0x180             build/file.o
partition_list      0x10              build/ide.o
kernel_pool         0x2c              build/memory.o
pid_lock            0x1c              build/thread.o

Discarded input sections

 .note.GNU-stack
                0x0000000000000000        0x0 build/main.o
 .note.GNU-stack
                0x0000000000000000        0x0 build/init.o
 .note.GNU-stack
                0x0000000000000000        0x0 build/interrupt.o
 .note.GNU-stack
                0x0000000000000000        0x0 build/timer.o
 .note.GNU-stack
                0x0000000000000000        0x0 build/debug.o
 .note.GNU-stack
                0x0000000000000000        0x0 build/memory.o
 .note.GNU-stack
                0x0000000000000000        0x0 build/bitmap.o
 .note.GNU-stack
                0x0000000000000000        0x0 build/string.o
 .note.GNU-stack
                0x0000000000000000        0x0 build/thread.o
 .note.GNU-stack
                0x0000000000000000        0x0 build/list.o
 .note.GNU-stack
                0x0000000000000000        0x0 build/console.o
 .note.GNU-stack
                0x0000000000000000        0x0 build/sync.o
 .note.GNU-stack
                0x0000000000000000        0x0 build/keyboard.o
 .note.GNU-stack
                0x0000000000000000        0x0 build/ioqueue.o
 .note.GNU-stack
                0x0000000000000000        0x0 build/tss.o
 .note.GNU-stack
                0x0000000000000000        0x0 build/process.o
 .note.GNU-stack
                0x0000000000000000        0x0 build/syscall.o
 .note.GNU-stack
                0x0000000000000000        0x0 build/syscall-init.o
 .note.GNU-stack
                0x0000000000000000        0x0 build/stdio.o
 .note.GNU-stack
                0x0000000000000000        0x0 build/ide.o
 .note.GNU-stack
                0x0000000000000000        0x0 build/stdio-kernel.o
 .note.GNU-stack
                0x0000000000000000        0x0 build/fs.o
 .note.GNU-stack
                0x0000000000000000        0x0 build/inode.o
 .note.GNU-stack
                0x0000000000000000        0x0 build/file.o
 .note.GNU-stack
                0x0000000000000000        0x0 build/dir.o

Memory Configuration

Name             Origin             Length             Attributes
*default*        0x0000000000000000 0xffffffffffffffff

Linker script and memory map

Address of section .text set to 0xc0001500
LOAD build/main.o
LOAD build/init.o
LOAD build/interrupt.o
LOAD build/timer.o
LOAD build/kernel.o
LOAD build/print.o
LOAD build/debug.o
LOAD build/memory.o
LOAD build/bitmap.o
LOAD build/string.o
LOAD build/thread.o
LOAD build/list.o
LOAD build/switch.o
LOAD build/console.o
LOAD build/sync.o
LOAD build/keyboard.o
LOAD build/ioqueue.o
LOAD build/tss.o
LOAD build/process.o
LOAD build/syscall.o
LOAD build/syscall-init.o
LOAD build/stdio.o
LOAD build/ide.o
LOAD build/stdio-kernel.o
LOAD build/fs.o
LOAD build/inode.o
LOAD build/file.o
LOAD build/dir.o
                0x0000000008048000                PROVIDE (__executable_start, 0x8048000)
                0x0000000008048094                . = (0x8048000 + SIZEOF_HEADERS)

.interp
 *(.interp)

.note.gnu.build-id
 *(.note.gnu.build-id)

.hash
 *(.hash)

.gnu.hash
 *(.gnu.hash)

.dynsym
 *(.dynsym)

.dynstr
 *(.dynstr)

.gnu.version
 *(.gnu.version)

.gnu.version_d
 *(.gnu.version_d)

.gnu.version_r
 *(.gnu.version_r)

.rel.dyn        0x0000000008048094        0x0
 *(.rel.init)
 *(.rel.text .rel.text.* .rel.gnu.linkonce.t.*)
 .rel.text      0x0000000000000000        0x0 build/main.o
 *(.rel.fini)
 *(.rel.rodata .rel.rodata.* .rel.gnu.linkonce.r.*)
 *(.rel.data.rel.ro .rel.data.rel.ro.* .rel.gnu.linkonce.d.rel.ro.*)
 *(.rel.data .rel.data.* .rel.gnu.linkonce.d.*)
 *(.rel.tdata .rel.tdata.* .rel.gnu.linkonce.td.*)
 *(.rel.tbss .rel.tbss.* .rel.gnu.linkonce.tb.*)
 *(.rel.ctors)
 *(.rel.dtors)
 *(.rel.got)
 *(.rel.bss .rel.bss.* .rel.gnu.linkonce.b.*)
 *(.rel.ifunc)

.rel.plt        0x0000000008048094        0x0
 *(.rel.plt)
                0x0000000008048094                PROVIDE (__rel_iplt_start, .)
 *(.rel.iplt)
 .rel.iplt      0x0000000000000000        0x0 build/main.o
                0x0000000008048094                PROVIDE (__rel_iplt_end, .)

.init
 *(SORT(.init))

.plt            0x00000000080480a0        0x0
 *(.plt)
 *(.iplt)
 .iplt          0x0000000000000000        0x0 build/main.o

.text           0x00000000c0001500     0x82f2
 *(.text.unlikely .text.*_unlikely .text.unlikely.*)
 *(.text.exit .text.exit.*)
 *(.text.startup .text.startup.*)
 *(.text.hot .text.hot.*)
 *(.text .stub .text.* .gnu.linkonce.t.*)
 .text          0x00000000c0001500      0x487 build/main.o
                0x00000000c0001500                main
                0x00000000c00016f7                k_thread_a
                0x00000000c00017b3                k_thread_b
                0x00000000c000186f                u_prog_a
                0x00000000c00018fb                u_prog_b
 .text          0x00000000c0001987       0x4b build/init.o
                0x00000000c0001987                init_all
 .text          0x00000000c00019d2      0x480 build/interrupt.o
                0x00000000c0001d40                intr_enable
                0x00000000c0001d69                intr_disable
                0x00000000c0001d92                intr_set_status
                0x00000000c0001db0                intr_get_status
                0x00000000c0001dd4                register_handler
                0x00000000c0001df0                idt_init
 .text          0x00000000c0001e52      0x209 build/timer.o
                0x00000000c0001fa9                mtime_sleep
                0x00000000c0001ffb                timer_init
 *fill*         0x00000000c000205b        0x5 
 .text          0x00000000c0002060      0x55b build/kernel.o
                0x00000000c0002060                intr_exit
                0x00000000c0002597                syscall_handler
 *fill*         0x00000000c00025bb        0x5 
 .text          0x00000000c00025c0      0x172 build/print.o
                0x00000000c00025c0                put_str
                0x00000000c00025de                put_char
                0x00000000c00026ab                put_int
                0x00000000c000270e                set_cursor
 .text          0x00000000c0002732       0xa5 build/debug.o
                0x00000000c0002732                panic_spin
 .text          0x00000000c00027d7     0x1139 build/memory.o
                0x00000000c00027d7                block_desc_init
                0x00000000c0002995                pte_ptr
                0x00000000c00029c5                pde_ptr
                0x00000000c0002b76                malloc_page
                0x00000000c0002c40                get_kernel_pages
                0x00000000c0002c9c                get_user_pages
                0x00000000c0002cf2                get_a_page
                0x00000000c0002e6a                addr_v2p
                0x00000000c000307f                sys_malloc
                0x00000000c00033ae                pfree
                0x00000000c00034f1                mfree_page
                0x00000000c00036ce                sys_free
                0x00000000c00038cf                mem_init
 .text          0x00000000c0003910      0x266 build/bitmap.o
                0x00000000c0003910                bitmap_init
                0x00000000c0003937                bitmap_scan_test
                0x00000000c0003977                bitmap_scan
                0x00000000c0003abb                bitmap_set
 .text          0x00000000c0003b76      0x449 build/string.o
                0x00000000c0003b76                memset
                0x00000000c0003bd2                memcpy
                0x00000000c0003c3e                memcmp
                0x00000000c0003cce                strcpy
                0x00000000c0003d30                strlen
                0x00000000c0003d86                strcmp
                0x00000000c0003e0d                strchr
                0x00000000c0003e72                strrchr
                0x00000000c0003edb                strcat
                0x00000000c0003f52                strchrs
 .text          0x00000000c0003fbf      0x705 build/thread.o
                0x00000000c0003fd5                running_thread
                0x00000000c0004039                thread_create
                0x00000000c000409f                init_thread
                0x00000000c000418f                thread_start
                0x00000000c000430a                schedule
                0x00000000c000445a                thread_block
                0x00000000c00044c1                thread_unblock
                0x00000000c00045cc                thread_yield
                0x00000000c0004652                thread_init
 .text          0x00000000c00046c4      0x1e3 build/list.o
                0x00000000c00046c4                list_init
                0x00000000c00046f1                list_insert_before
                0x00000000c0004732                list_push
                0x00000000c000474f                list_append
                0x00000000c000476c                list_remove
                0x00000000c00047a2                list_pop
                0x00000000c00047c1                elem_find
                0x00000000c00047fc                list_traversal
                0x00000000c0004859                list_len
                0x00000000c000488e                list_empty
 *fill*         0x00000000c00048a7        0x9 
 .text          0x00000000c00048b0       0x15 build/switch.o
                0x00000000c00048b0                switch_to
 .text          0x00000000c00048c5       0x9a build/console.o
                0x00000000c00048c5                console_init
                0x00000000c00048d9                console_acquire
                0x00000000c00048ed                console_release
                0x00000000c0004901                console_put_str
                0x00000000c000491e                console_put_char
                0x00000000c0004942                console_put_int
 .text          0x00000000c000495f      0x347 build/sync.o
                0x00000000c000495f                sema_init
                0x00000000c0004984                lock_init
                0x00000000c00049b5                sema_down
                0x00000000c0004ac9                sema_up
                0x00000000c0004b7f                lock_acquire
                0x00000000c0004bfb                lock_release
 .text          0x00000000c0004ca6      0x2cb build/keyboard.o
                0x00000000c0004f31                keyboard_init
 .text          0x00000000c0004f71      0x2ef build/ioqueue.o
                0x00000000c0004f71                ioqueue_init
                0x00000000c0004fcc                ioq_full
                0x00000000c0005104                ioq_getchar
                0x00000000c00051b1                ioq_putchar
 .text          0x00000000c0005260      0x1af build/tss.o
                0x00000000c0005260                update_tss_esp
                0x00000000c00052e1                tss_init
 .text          0x00000000c000540f      0x365 build/process.o
                0x00000000c000540f                start_process
                0x00000000c0005515                page_dir_activate
                0x00000000c0005545                process_activate
                0x00000000c0005597                create_page_dir
                0x00000000c0005608                create_user_vaddr_bitmap
                0x00000000c000564a                process_execute
 .text          0x00000000c0005774       0x73 build/syscall.o
                0x00000000c0005774                getpid
                0x00000000c0005789                write
                0x00000000c00057ac                malloc
                0x00000000c00057cb                free
 .text          0x00000000c00057e7       0x5a build/syscall-init.o
                0x00000000c00057e7                sys_getpid
                0x00000000c00057f9                syscall_init
 .text          0x00000000c0005841      0x2bb build/stdio.o
                0x00000000c00058c8                vsprintf
                0x00000000c0005a4c                sprintf
                0x00000000c0005a80                printf
 .text          0x00000000c0005afc      0xe04 build/ide.o
                0x00000000c0005e16                ide_read
                0x00000000c0005fa4                ide_write
                0x00000000c0006636                intr_hd_handler
                0x00000000c00066f7                ide_init
 .text          0x00000000c0006900       0x62 build/stdio-kernel.o
                0x00000000c0006900                printk
 .text          0x00000000c0006962     0x10df build/fs.o
                0x00000000c00070c3                path_depth_cnt
                0x00000000c00073ce                sys_open
                0x00000000c000767b                sys_close
                0x00000000c00076d0                sys_write
                0x00000000c00077ba                sys_read
                0x00000000c000783b                filesys_init
 .text          0x00000000c0007a41      0x439 build/inode.o
                0x00000000c0007ae5                inode_sync
                0x00000000c0007c59                inode_open
                0x00000000c0007db4                inode_close
                0x00000000c0007e25                inode_init
 .text          0x00000000c0007e7a     0x1218 build/file.o
                0x00000000c0007e7a                get_free_slot_in_global
                0x00000000c0007ecb                pcb_fd_install
                0x00000000c0007f34                inode_bitmap_alloc
                0x00000000c0007f82                block_bitmap_alloc
                0x00000000c0007fdb                bitmap_sync
                0x00000000c000806f                file_create
                0x00000000c0008347                file_open
                0x00000000c0008452                file_close
                0x00000000c0008491                file_write
                0x00000000c0008ca1                file_read
 .text          0x00000000c0009092      0x760 build/dir.o
                0x00000000c0009092                open_root_dir
                0x00000000c00090c1                dir_open
                0x00000000c00090fc                search_dir_entry
                0x00000000c00092de                dir_close
                0x00000000c0009309                create_dir_entry
                0x00000000c000937f                sync_dir_entry
 *(.gnu.warning)

.fini
 *(SORT(.fini))
                0x00000000c00097f2                PROVIDE (__etext, .)
                0x00000000c00097f2                PROVIDE (_etext, .)
                0x00000000c00097f2                PROVIDE (etext, .)

.rodata         0x00000000c00097f4     0x1b6d
 *(.rodata .rodata.* .gnu.linkonce.r.*)
 .rodata        0x00000000c00097f4      0x138 build/main.o
 .rodata        0x00000000c000992c        0xa build/init.o
 *fill*         0x00000000c0009936        0x2 
 .rodata        0x00000000c0009938      0x2c5 build/interrupt.o
 *fill*         0x00000000c0009bfd        0x3 
 .rodata        0x00000000c0009c00       0x87 build/timer.o
 .rodata        0x00000000c0009c87       0x3b build/debug.o
 *fill*         0x00000000c0009cc2        0x2 
 .rodata        0x00000000c0009cc4      0x3b3 build/memory.o
 *fill*         0x00000000c000a077        0x1 
 .rodata        0x00000000c000a078       0x68 build/bitmap.o
 .rodata        0x00000000c000a0e0       0xb9 build/string.o
 *fill*         0x00000000c000a199        0x3 
 .rodata        0x00000000c000a19c      0x2c5 build/thread.o
 *fill*         0x00000000c000a461        0x3 
 .rodata        0x00000000c000a464      0x12b build/sync.o
 .rodata        0x00000000c000a58f       0x36 build/keyboard.o
 *fill*         0x00000000c000a5c5        0x3 
 .rodata        0x00000000c000a5c8       0x9d build/ioqueue.o
 .rodata        0x00000000c000a665       0x27 build/tss.o
 .rodata        0x00000000c000a68c       0xd8 build/process.o
 .rodata        0x00000000c000a764       0x27 build/syscall-init.o
 *fill*         0x00000000c000a78b        0x1 
 .rodata        0x00000000c000a78c      0x1ef build/ide.o
 *fill*         0x00000000c000a97b        0x1 
 .rodata        0x00000000c000a97c      0x44a build/fs.o
 *fill*         0x00000000c000adc6        0x2 
 .rodata        0x00000000c000adc8       0x6b build/inode.o
 *fill*         0x00000000c000ae33        0x1 
 .rodata        0x00000000c000ae34      0x430 build/file.o
 .rodata        0x00000000c000b264       0xfd build/dir.o

.rodata1
 *(.rodata1)

.eh_frame_hdr
 *(.eh_frame_hdr)

.eh_frame       0x00000000c000b364     0x16a0
 *(.eh_frame)
 .eh_frame      0x00000000c000b364       0xa8 build/main.o
 .eh_frame      0x00000000c000b40c       0x20 build/init.o
                                         0x38 (size before relaxing)
 .eh_frame      0x00000000c000b42c      0x188 build/interrupt.o
                                        0x1a0 (size before relaxing)
 .eh_frame      0x00000000c000b5b4       0xcc build/timer.o
                                         0xe4 (size before relaxing)
 .eh_frame      0x00000000c000b680       0x1c build/debug.o
                                         0x34 (size before relaxing)
 .eh_frame      0x00000000c000b69c      0x2a0 build/memory.o
                                        0x2b8 (size before relaxing)
 .eh_frame      0x00000000c000b93c       0x8c build/bitmap.o
                                         0xa4 (size before relaxing)
 .eh_frame      0x00000000c000b9c8      0x140 build/string.o
                                        0x158 (size before relaxing)
 .eh_frame      0x00000000c000bb08      0x19c build/thread.o
                                        0x1b4 (size before relaxing)
 .eh_frame      0x00000000c000bca4      0x140 build/list.o
                                        0x158 (size before relaxing)
 .eh_frame      0x00000000c000bde4       0xc0 build/console.o
                                         0xd8 (size before relaxing)
 .eh_frame      0x00000000c000bea4       0xc8 build/sync.o
                                         0xe0 (size before relaxing)
 .eh_frame      0x00000000c000bf6c       0x60 build/keyboard.o
                                         0x78 (size before relaxing)
 .eh_frame      0x00000000c000bfcc      0x100 build/ioqueue.o
                                        0x118 (size before relaxing)
 .eh_frame      0x00000000c000c0cc       0x64 build/tss.o
                                         0x7c (size before relaxing)
 .eh_frame      0x00000000c000c130       0xc0 build/process.o
                                         0xd8 (size before relaxing)
 .eh_frame      0x00000000c000c1f0       0x8c build/syscall.o
                                         0xa4 (size before relaxing)
 .eh_frame      0x00000000c000c27c       0x40 build/syscall-init.o
                                         0x58 (size before relaxing)
 .eh_frame      0x00000000c000c2bc       0x94 build/stdio.o
                                         0xac (size before relaxing)
 .eh_frame      0x00000000c000c350      0x258 build/ide.o
                                        0x270 (size before relaxing)
 .eh_frame      0x00000000c000c5a8       0x28 build/stdio-kernel.o
                                         0x40 (size before relaxing)
 .eh_frame      0x00000000c000c5d0      0x188 build/fs.o
                                        0x1a0 (size before relaxing)
 .eh_frame      0x00000000c000c758       0xa0 build/inode.o
                                         0xb8 (size before relaxing)
 .eh_frame      0x00000000c000c7f8      0x140 build/file.o
                                        0x158 (size before relaxing)
 .eh_frame      0x00000000c000c938       0xcc build/dir.o
                                         0xe4 (size before relaxing)

.gcc_except_table
 *(.gcc_except_table .gcc_except_table.*)

.exception_ranges
 *(.exception_ranges .exception_ranges*)
                0x00000000c000ca04                . = (ALIGN (0x1000) - ((0x1000 - .) & 0xfff))
                0x00000000c000d000                . = DATA_SEGMENT_ALIGN (0x1000, 0x1000)

.eh_frame
 *(.eh_frame)

.gcc_except_table
 *(.gcc_except_table .gcc_except_table.*)

.exception_ranges
 *(.exception_ranges .exception_ranges*)

.tdata
 *(.tdata .tdata.* .gnu.linkonce.td.*)

.tbss
 *(.tbss .tbss.* .gnu.linkonce.tb.*)
 *(.tcommon)

.preinit_array  0x00000000c000d000        0x0
                0x00000000c000d000                PROVIDE (__preinit_array_start, .)
 *(.preinit_array)
                0x00000000c000d000                PROVIDE (__preinit_array_end, .)

.init_array     0x00000000c000d000        0x0
                0x00000000c000d000                PROVIDE (__init_array_start, .)
 *(SORT(.init_array.*) SORT(.ctors.*))
 *(.init_array EXCLUDE_FILE(*crtend?.o *crtend.o *crtbegin?.o *crtbegin.o) .ctors)
                0x00000000c000d000                PROVIDE (__init_array_end, .)

.fini_array     0x00000000c000d000        0x0
                0x00000000c000d000                PROVIDE (__fini_array_start, .)
 *(SORT(.fini_array.*) SORT(.dtors.*))
 *(.fini_array EXCLUDE_FILE(*crtend?.o *crtend.o *crtbegin?.o *crtbegin.o) .dtors)
                0x00000000c000d000                PROVIDE (__fini_array_end, .)

.ctors
 *crtbegin.o(.ctors)
 *crtbegin?.o(.ctors)
 *(EXCLUDE_FILE(*crtend?.o *crtend.o) .ctors)
 *(SORT(.ctors.*))
 *(.ctors)

.dtors
 *crtbegin.o(.dtors)
 *crtbegin?.o(.dtors)
 *(EXCLUDE_FILE(*crtend?.o *crtend.o) .dtors)
 *(SORT(.dtors.*))
 *(.dtors)

.jcr
 *(.jcr)

.data.rel.ro
 *(.data.rel.ro.local* .gnu.linkonce.d.rel.ro.local.*)
 *(.data.rel.ro .data.rel.ro.* .gnu.linkonce.d.rel.ro.*)

.dynamic
 *(.dynamic)

.got
 *(.got)
 *(.igot)
                0x00000000c000d000                . = DATA_SEGMENT_RELRO_END (., (SIZEOF (.got.plt) >= 0xc)?0xc:0x0)

.got.plt        0x00000000c000d000        0x0
 *(.got.plt)
 *(.igot.plt)
 .igot.plt      0x0000000000000000        0x0 build/main.o

.data           0x00000000c000d000      0x156
 *(.data .data.* .gnu.linkonce.d.*)
 .data          0x00000000c000d000        0x0 build/main.o
 .data          0x00000000c000d000        0x0 build/init.o
 .data          0x00000000c000d000        0x0 build/interrupt.o
 .data          0x00000000c000d000        0x0 build/timer.o
 .data          0x00000000c000d000       0xd2 build/kernel.o
                0x00000000c000d012                intr_entry_table
 *fill*         0x00000000c000d0d2        0x2 
 .data          0x00000000c000d0d4        0x8 build/print.o
 .data          0x00000000c000d0dc        0x0 build/debug.o
 .data          0x00000000c000d0dc        0x0 build/memory.o
 .data          0x00000000c000d0dc        0x0 build/bitmap.o
 .data          0x00000000c000d0dc        0x0 build/string.o
 .data          0x00000000c000d0dc        0x0 build/thread.o
 .data          0x00000000c000d0dc        0x0 build/list.o
 .data          0x00000000c000d0dc        0x0 build/console.o
 .data          0x00000000c000d0dc        0x0 build/sync.o
 *fill*         0x00000000c000d0dc        0x4 
 .data          0x00000000c000d0e0       0x76 build/keyboard.o
 .data          0x00000000c000d156        0x0 build/ioqueue.o
 .data          0x00000000c000d156        0x0 build/tss.o
 .data          0x00000000c000d156        0x0 build/process.o
 .data          0x00000000c000d156        0x0 build/syscall.o
 .data          0x00000000c000d156        0x0 build/syscall-init.o
 .data          0x00000000c000d156        0x0 build/stdio.o
 .data          0x00000000c000d156        0x0 build/ide.o
 .data          0x00000000c000d156        0x0 build/stdio-kernel.o
 .data          0x00000000c000d156        0x0 build/fs.o
 .data          0x00000000c000d156        0x0 build/inode.o
 .data          0x00000000c000d156        0x0 build/file.o
 .data          0x00000000c000d156        0x0 build/dir.o

.data1
 *(.data1)
                0x00000000c000d156                _edata = .
                0x00000000c000d156                PROVIDE (edata, .)
                0x00000000c000d156                . = .
                0x00000000c000d156                __bss_start = .

.bss            0x00000000c000d160     0x1c08
 *(.dynbss)
 *(.bss .bss.* .gnu.linkonce.b.*)
 .bss           0x00000000c000d160        0x0 build/main.o
 .bss           0x00000000c000d160        0x0 build/init.o
 .bss           0x00000000c000d160      0x408 build/interrupt.o
 .bss           0x00000000c000d568        0x0 build/timer.o
 .bss           0x00000000c000d568        0x0 build/debug.o
 .bss           0x00000000c000d568        0x0 build/memory.o
 .bss           0x00000000c000d568        0x0 build/bitmap.o
 .bss           0x00000000c000d568        0x0 build/string.o
 .bss           0x00000000c000d568        0x6 build/thread.o
 .bss           0x00000000c000d56e        0x0 build/list.o
 *fill*         0x00000000c000d56e        0x2 
 .bss           0x00000000c000d570       0x1c build/console.o
 .bss           0x00000000c000d58c        0x0 build/sync.o
 .bss           0x00000000c000d58c       0x14 build/keyboard.o
 .bss           0x00000000c000d5a0        0x0 build/ioqueue.o
 .bss           0x00000000c000d5a0       0x6c build/tss.o
 .bss           0x00000000c000d60c        0x0 build/process.o
 .bss           0x00000000c000d60c        0x0 build/syscall.o
 .bss           0x00000000c000d60c        0x0 build/syscall-init.o
 .bss           0x00000000c000d60c        0x0 build/stdio.o
 .bss           0x00000000c000d60c        0x6 build/ide.o
                0x00000000c000d60c                ext_lba_base
                0x00000000c000d610                p_no
                0x00000000c000d611                l_no
 .bss           0x00000000c000d612        0x0 build/stdio-kernel.o
 .bss           0x00000000c000d612        0x0 build/fs.o
 .bss           0x00000000c000d612        0x0 build/inode.o
 .bss           0x00000000c000d612        0x0 build/file.o
 .bss           0x00000000c000d612        0x0 build/dir.o
 *(COMMON)
 *fill*         0x00000000c000d612        0xe 
 COMMON         0x00000000c000d620      0x424 build/interrupt.o
                0x00000000c000d620                intr_name
                0x00000000c000d840                idt_table
 COMMON         0x00000000c000da44        0x4 build/timer.o
                0x00000000c000da44                ticks
 *fill*         0x00000000c000da48       0x18 
 COMMON         0x00000000c000da60      0x12c build/memory.o
                0x00000000c000da60                user_pool
                0x00000000c000daa0                k_block_descs
                0x00000000c000db48                kernel_vaddr
                0x00000000c000db60                kernel_pool
 COMMON         0x00000000c000db8c       0x44 build/thread.o
                0x00000000c000db8c                thread_ready_list
                0x00000000c000db9c                thread_all_list
                0x00000000c000dbac                idle_thread
                0x00000000c000dbb0                main_thread
                0x00000000c000dbb4                pid_lock
 *fill*         0x00000000c000dbd0       0x10 
 COMMON         0x00000000c000dbe0       0x6c build/keyboard.o
                0x00000000c000dbe0                kbd_buf
 *fill*         0x00000000c000dc4c       0x14 
 COMMON         0x00000000c000dc60       0x80 build/syscall-init.o
                0x00000000c000dc60                syscall_table
 COMMON         0x00000000c000dce0      0xcf0 build/ide.o
                0x00000000c000dce0                channel_cnt
                0x00000000c000dd00                channels
                0x00000000c000e9c0                partition_list
 COMMON         0x00000000c000e9d0        0x4 build/fs.o
                0x00000000c000e9d0                cur_part
 *fill*         0x00000000c000e9d4        0xc 
 COMMON         0x00000000c000e9e0      0x180 build/file.o
                0x00000000c000e9e0                file_table
 COMMON         0x00000000c000eb60      0x208 build/dir.o
                0x00000000c000eb60                root_dir
                0x00000000c000ed68                . = ALIGN ((. != 0x0)?0x4:0x1)
                0x00000000c000ed68                . = ALIGN (0x4)
                0x00000000c000ed68                . = SEGMENT_START ("ldata-segment", .)
                0x00000000c000ed68                . = ALIGN (0x4)
                0x00000000c000ed68                _end = .
                0x00000000c000ed68                PROVIDE (end, .)
                0x00000000c000ed68                . = DATA_SEGMENT_END (.)

.stab
 *(.stab)

.stabstr
 *(.stabstr)

.stab.excl
 *(.stab.excl)

.stab.exclstr
 *(.stab.exclstr)

.stab.index
 *(.stab.index)

.stab.indexstr
 *(.stab.indexstr)

.comment        0x0000000000000000       0x2b
 *(.comment)
 .comment       0x0000000000000000       0x2b build/main.o
                                         0x2c (size before relaxing)
 .comment       0x0000000000000000       0x2c build/init.o
 .comment       0x0000000000000000       0x2c build/interrupt.o
 .comment       0x0000000000000000       0x2c build/timer.o
 .comment       0x0000000000000000       0x2c build/debug.o
 .comment       0x0000000000000000       0x2c build/memory.o
 .comment       0x0000000000000000       0x2c build/bitmap.o
 .comment       0x0000000000000000       0x2c build/string.o
 .comment       0x0000000000000000       0x2c build/thread.o
 .comment       0x0000000000000000       0x2c build/list.o
 .comment       0x0000000000000000       0x2c build/console.o
 .comment       0x0000000000000000       0x2c build/sync.o
 .comment       0x0000000000000000       0x2c build/keyboard.o
 .comment       0x0000000000000000       0x2c build/ioqueue.o
 .comment       0x0000000000000000       0x2c build/tss.o
 .comment       0x0000000000000000       0x2c build/process.o
 .comment       0x0000000000000000       0x2c build/syscall.o
 .comment       0x0000000000000000       0x2c build/syscall-init.o
 .comment       0x0000000000000000       0x2c build/stdio.o
 .comment       0x0000000000000000       0x2c build/ide.o
 .comment       0x0000000000000000       0x2c build/stdio-kernel.o
 .comment       0x0000000000000000       0x2c build/fs.o
 .comment       0x0000000000000000       0x2c build/inode.o
 .comment       0x0000000000000000       0x2c build/file.o
 .comment       0x0000000000000000       0x2c build/dir.o

.debug
 *(.debug)

.line
 *(.line)

.debug_srcinfo
 *(.debug_srcinfo)

.debug_sfnames
 *(.debug_sfnames)

.debug_aranges
 *(.debug_aranges)

.debug_pubnames
 *(.debug_pubnames)

.debug_info
 *(.debug_info .gnu.linkonce.wi.*)

.debug_abbrev
 *(.debug_abbrev)

.debug_line
 *(.debug_line .debug_line.* .debug_line_end)

.debug_frame
 *(.debug_frame)

.debug_str
 *(.debug_str)

.debug_loc
 *(.debug_loc)

.debug_macinfo
 *(.debug_macinfo)

.debug_weaknames
 *(.debug_weaknames)

.debug_funcnames
 *(.debug_funcnames)

.debug_typenames
 *(.debug_typenames)

.debug_varnames
 *(.debug_varnames)

.debug_pubtypes
 *(.debug_pubtypes)

.debug_ranges
 *(.debug_ranges)

.debug_macro
 *(.debug_macro)

.gnu.attributes
 *(.gnu.attributes)

/DISCARD/
 *(.note.GNU-stack)
 *(.gnu_debuglink)
 *(.gnu.lto_*)
OUTPUT(build/kernel.bin elf32-i386)
