
Allocating common symbols
Common symbol       size              file

intr_name           0x84              build/interrupt.o
idt_table           0x84              build/interrupt.o

Discarded input sections

 .note.GNU-stack
                0x0000000000000000        0x0 build/main.o
 .note.GNU-stack
                0x0000000000000000        0x0 build/init.o
 .note.GNU-stack
                0x0000000000000000        0x0 build/interrupt.o
 .note.GNU-stack
                0x0000000000000000        0x0 build/timer.o
 .note.GNU-stack
                0x0000000000000000        0x0 build/debug.o

Memory Configuration

Name             Origin             Length             Attributes
*default*        0x0000000000000000 0xffffffffffffffff

Linker script and memory map

Address of section .text set to 0xc0001500
LOAD build/main.o
LOAD build/init.o
LOAD build/interrupt.o
LOAD build/timer.o
LOAD build/kernel.o
LOAD build/print.o
LOAD build/debug.o
                0x0000000008048000                PROVIDE (__executable_start, 0x8048000)
                0x0000000008048094                . = (0x8048000 + SIZEOF_HEADERS)

.interp
 *(.interp)

.note.gnu.build-id
 *(.note.gnu.build-id)

.hash
 *(.hash)

.gnu.hash
 *(.gnu.hash)

.dynsym
 *(.dynsym)

.dynstr
 *(.dynstr)

.gnu.version
 *(.gnu.version)

.gnu.version_d
 *(.gnu.version_d)

.gnu.version_r
 *(.gnu.version_r)

.rel.dyn        0x0000000008048094        0x0
 *(.rel.init)
 *(.rel.text .rel.text.* .rel.gnu.linkonce.t.*)
 .rel.text      0x0000000000000000        0x0 build/main.o
 *(.rel.fini)
 *(.rel.rodata .rel.rodata.* .rel.gnu.linkonce.r.*)
 *(.rel.data.rel.ro .rel.data.rel.ro.* .rel.gnu.linkonce.d.rel.ro.*)
 *(.rel.data .rel.data.* .rel.gnu.linkonce.d.*)
 *(.rel.tdata .rel.tdata.* .rel.gnu.linkonce.td.*)
 *(.rel.tbss .rel.tbss.* .rel.gnu.linkonce.tb.*)
 *(.rel.ctors)
 *(.rel.dtors)
 *(.rel.got)
 *(.rel.bss .rel.bss.* .rel.gnu.linkonce.b.*)
 *(.rel.ifunc)

.rel.plt        0x0000000008048094        0x0
 *(.rel.plt)
                0x0000000008048094                PROVIDE (__rel_iplt_start, .)
 *(.rel.iplt)
 .rel.iplt      0x0000000000000000        0x0 build/main.o
                0x0000000008048094                PROVIDE (__rel_iplt_end, .)

.init
 *(SORT(.init))

.plt            0x00000000080480a0        0x0
 *(.plt)
 *(.iplt)
 .iplt          0x0000000000000000        0x0 build/main.o

.text           0x00000000c0001500      0xaa3
 *(.text.unlikely .text.*_unlikely .text.unlikely.*)
 *(.text.exit .text.exit.*)
 *(.text.startup .text.startup.*)
 *(.text.hot .text.hot.*)
 *(.text .stub .text.* .gnu.linkonce.t.*)
 .text          0x00000000c0001500       0x40 build/main.o
                0x00000000c0001500                main
 .text          0x00000000c0001540       0x1e build/init.o
                0x00000000c0001540                init_all
 .text          0x00000000c000155e      0x3b8 build/interrupt.o
                0x00000000c0001820                intr_enable
                0x00000000c0001849                intr_disable
                0x00000000c0001872                intr_set_status
                0x00000000c0001890                intr_get_status
                0x00000000c00018b4                idt_init
 .text          0x00000000c0001916       0xf8 build/timer.o
                0x00000000c00019c2                timer_init
 *fill*         0x00000000c0001a0e        0x2 
 .text          0x00000000c0001a10      0x393 build/kernel.o
                0x00000000c0001a10                intr_exit
 *fill*         0x00000000c0001da3        0xd 
 .text          0x00000000c0001db0      0x14e build/print.o
                0x00000000c0001db0                put_str
                0x00000000c0001dce                put_char
                0x00000000c0001e9b                put_int
 .text          0x00000000c0001efe       0xa5 build/debug.o
                0x00000000c0001efe                panic_spin
 *(.gnu.warning)

.fini
 *(SORT(.fini))
                0x00000000c0001fa3                PROVIDE (__etext, .)
                0x00000000c0001fa3                PROVIDE (_etext, .)
                0x00000000c0001fa3                PROVIDE (etext, .)

.rodata         0x00000000c0001fa4      0x2f7
 *(.rodata .rodata.* .gnu.linkonce.r.*)
 .rodata        0x00000000c0001fa4       0x27 build/main.o
 .rodata        0x00000000c0001fcb        0xa build/init.o
 *fill*         0x00000000c0001fd5        0x3 
 .rodata        0x00000000c0001fd8      0x265 build/interrupt.o
 .rodata        0x00000000c000223d       0x23 build/timer.o
 .rodata        0x00000000c0002260       0x3b build/debug.o

.rodata1
 *(.rodata1)

.eh_frame_hdr
 *(.eh_frame_hdr)

.eh_frame       0x00000000c000229c      0x244
 *(.eh_frame)
 .eh_frame      0x00000000c000229c       0x34 build/main.o
 .eh_frame      0x00000000c00022d0       0x20 build/init.o
                                         0x38 (size before relaxing)
 .eh_frame      0x00000000c00022f0      0x168 build/interrupt.o
                                        0x180 (size before relaxing)
 .eh_frame      0x00000000c0002458       0x6c build/timer.o
                                         0x84 (size before relaxing)
 .eh_frame      0x00000000c00024c4       0x1c build/debug.o
                                         0x34 (size before relaxing)

.gcc_except_table
 *(.gcc_except_table .gcc_except_table.*)

.exception_ranges
 *(.exception_ranges .exception_ranges*)
                0x00000000c00024e0                . = (ALIGN (0x1000) - ((0x1000 - .) & 0xfff))
                0x00000000c00034e0                . = DATA_SEGMENT_ALIGN (0x1000, 0x1000)

.eh_frame
 *(.eh_frame)

.gcc_except_table
 *(.gcc_except_table .gcc_except_table.*)

.exception_ranges
 *(.exception_ranges .exception_ranges*)

.tdata
 *(.tdata .tdata.* .gnu.linkonce.td.*)

.tbss
 *(.tbss .tbss.* .gnu.linkonce.tb.*)
 *(.tcommon)

.preinit_array  0x00000000c00034e0        0x0
                0x00000000c00034e0                PROVIDE (__preinit_array_start, .)
 *(.preinit_array)
                0x00000000c00034e0                PROVIDE (__preinit_array_end, .)

.init_array     0x00000000c00034e0        0x0
                0x00000000c00034e0                PROVIDE (__init_array_start, .)
 *(SORT(.init_array.*) SORT(.ctors.*))
 *(.init_array EXCLUDE_FILE(*crtend?.o *crtend.o *crtbegin?.o *crtbegin.o) .ctors)
                0x00000000c00034e0                PROVIDE (__init_array_end, .)

.fini_array     0x00000000c00034e0        0x0
                0x00000000c00034e0                PROVIDE (__fini_array_start, .)
 *(SORT(.fini_array.*) SORT(.dtors.*))
 *(.fini_array EXCLUDE_FILE(*crtend?.o *crtend.o *crtbegin?.o *crtbegin.o) .dtors)
                0x00000000c00034e0                PROVIDE (__fini_array_end, .)

.ctors
 *crtbegin.o(.ctors)
 *crtbegin?.o(.ctors)
 *(EXCLUDE_FILE(*crtend?.o *crtend.o) .ctors)
 *(SORT(.ctors.*))
 *(.ctors)

.dtors
 *crtbegin.o(.dtors)
 *crtbegin?.o(.dtors)
 *(EXCLUDE_FILE(*crtend?.o *crtend.o) .dtors)
 *(SORT(.dtors.*))
 *(.dtors)

.jcr
 *(.jcr)

.data.rel.ro
 *(.data.rel.ro.local* .gnu.linkonce.d.rel.ro.local.*)
 *(.data.rel.ro .data.rel.ro.* .gnu.linkonce.d.rel.ro.*)

.dynamic
 *(.dynamic)

.got
 *(.got)
 *(.igot)
                0x00000000c00034e0                . = DATA_SEGMENT_RELRO_END (., (SIZEOF (.got.plt) >= 0xc)?0xc:0x0)

.got.plt        0x00000000c00034e0        0x0
 *(.got.plt)
 *(.igot.plt)
 .igot.plt      0x0000000000000000        0x0 build/main.o

.data           0x00000000c00034e0       0xa0
 *(.data .data.* .gnu.linkonce.d.*)
 .data          0x00000000c00034e0        0x0 build/main.o
 .data          0x00000000c00034e0        0x0 build/init.o
 .data          0x00000000c00034e0        0x0 build/interrupt.o
 .data          0x00000000c00034e0        0x0 build/timer.o
 .data          0x00000000c00034e0       0x96 build/kernel.o
                0x00000000c00034f2                intr_entry_table
 *fill*         0x00000000c0003576        0x2 
 .data          0x00000000c0003578        0x8 build/print.o
 .data          0x00000000c0003580        0x0 build/debug.o

.data1
 *(.data1)
                0x00000000c0003580                _edata = .
                0x00000000c0003580                PROVIDE (edata, .)
                0x00000000c0003580                . = .
                0x00000000c0003580                __bss_start = .

.bss            0x00000000c0003580      0x244
 *(.dynbss)
 *(.bss .bss.* .gnu.linkonce.b.*)
 .bss           0x00000000c0003580        0x0 build/main.o
 .bss           0x00000000c0003580        0x0 build/init.o
 .bss           0x00000000c0003580      0x108 build/interrupt.o
 .bss           0x00000000c0003688        0x0 build/timer.o
 .bss           0x00000000c0003688        0x0 build/debug.o
 *(COMMON)
 *fill*         0x00000000c0003688       0x18 
 COMMON         0x00000000c00036a0      0x124 build/interrupt.o
                0x00000000c00036a0                intr_name
                0x00000000c0003740                idt_table
                0x00000000c00037c4                . = ALIGN ((. != 0x0)?0x4:0x1)
                0x00000000c00037c4                . = ALIGN (0x4)
                0x00000000c00037c4                . = SEGMENT_START ("ldata-segment", .)
                0x00000000c00037c4                . = ALIGN (0x4)
                0x00000000c00037c4                _end = .
                0x00000000c00037c4                PROVIDE (end, .)
                0x00000000c00037c4                . = DATA_SEGMENT_END (.)

.stab
 *(.stab)

.stabstr
 *(.stabstr)

.stab.excl
 *(.stab.excl)

.stab.exclstr
 *(.stab.exclstr)

.stab.index
 *(.stab.index)

.stab.indexstr
 *(.stab.indexstr)

.comment        0x0000000000000000       0x2b
 *(.comment)
 .comment       0x0000000000000000       0x2b build/main.o
                                         0x2c (size before relaxing)
 .comment       0x0000000000000000       0x2c build/init.o
 .comment       0x0000000000000000       0x2c build/interrupt.o
 .comment       0x0000000000000000       0x2c build/timer.o
 .comment       0x0000000000000000       0x2c build/debug.o

.debug
 *(.debug)

.line
 *(.line)

.debug_srcinfo
 *(.debug_srcinfo)

.debug_sfnames
 *(.debug_sfnames)

.debug_aranges
 *(.debug_aranges)

.debug_pubnames
 *(.debug_pubnames)

.debug_info
 *(.debug_info .gnu.linkonce.wi.*)

.debug_abbrev
 *(.debug_abbrev)

.debug_line
 *(.debug_line .debug_line.* .debug_line_end)

.debug_frame
 *(.debug_frame)

.debug_str
 *(.debug_str)

.debug_loc
 *(.debug_loc)

.debug_macinfo
 *(.debug_macinfo)

.debug_weaknames
 *(.debug_weaknames)

.debug_funcnames
 *(.debug_funcnames)

.debug_typenames
 *(.debug_typenames)

.debug_varnames
 *(.debug_varnames)

.debug_pubtypes
 *(.debug_pubtypes)

.debug_ranges
 *(.debug_ranges)

.debug_macro
 *(.debug_macro)

.gnu.attributes
 *(.gnu.attributes)

/DISCARD/
 *(.note.GNU-stack)
 *(.gnu_debuglink)
 *(.gnu.lto_*)
OUTPUT(build/kernel.bin elf32-i386)
