
Allocating common symbols
Common symbol       size              file

kbd_buf             0x6c              build/keyboard.o
thread_ready_list   0x10              build/thread.o
thread_all_list     0x10              build/thread.o
user_pool           0x2c              build/memory.o
channel_cnt         0x1               build/ide.o
k_block_descs       0xa8              build/memory.o
idle_thread         0x4               build/thread.o
intr_name           0x204             build/interrupt.o
main_thread         0x4               build/thread.o
channels            0xcc0             build/ide.o
ticks               0x4               build/timer.o
kernel_vaddr        0xc               build/memory.o
syscall_table       0x80              build/syscall-init.o
idt_table           0x204             build/interrupt.o
partition_list      0x10              build/ide.o
kernel_pool         0x2c              build/memory.o
pid_lock            0x1c              build/thread.o

Discarded input sections

 .note.GNU-stack
                0x0000000000000000        0x0 build/main.o
 .note.GNU-stack
                0x0000000000000000        0x0 build/init.o
 .note.GNU-stack
                0x0000000000000000        0x0 build/interrupt.o
 .note.GNU-stack
                0x0000000000000000        0x0 build/timer.o
 .note.GNU-stack
                0x0000000000000000        0x0 build/debug.o
 .note.GNU-stack
                0x0000000000000000        0x0 build/memory.o
 .note.GNU-stack
                0x0000000000000000        0x0 build/bitmap.o
 .note.GNU-stack
                0x0000000000000000        0x0 build/string.o
 .note.GNU-stack
                0x0000000000000000        0x0 build/thread.o
 .note.GNU-stack
                0x0000000000000000        0x0 build/list.o
 .note.GNU-stack
                0x0000000000000000        0x0 build/console.o
 .note.GNU-stack
                0x0000000000000000        0x0 build/sync.o
 .note.GNU-stack
                0x0000000000000000        0x0 build/keyboard.o
 .note.GNU-stack
                0x0000000000000000        0x0 build/ioqueue.o
 .note.GNU-stack
                0x0000000000000000        0x0 build/tss.o
 .note.GNU-stack
                0x0000000000000000        0x0 build/process.o
 .note.GNU-stack
                0x0000000000000000        0x0 build/syscall.o
 .note.GNU-stack
                0x0000000000000000        0x0 build/syscall-init.o
 .note.GNU-stack
                0x0000000000000000        0x0 build/stdio.o
 .note.GNU-stack
                0x0000000000000000        0x0 build/ide.o
 .note.GNU-stack
                0x0000000000000000        0x0 build/stdio-kernel.o

Memory Configuration

Name             Origin             Length             Attributes
*default*        0x0000000000000000 0xffffffffffffffff

Linker script and memory map

Address of section .text set to 0xc0001500
LOAD build/main.o
LOAD build/init.o
LOAD build/interrupt.o
LOAD build/timer.o
LOAD build/kernel.o
LOAD build/print.o
LOAD build/debug.o
LOAD build/memory.o
LOAD build/bitmap.o
LOAD build/string.o
LOAD build/thread.o
LOAD build/list.o
LOAD build/switch.o
LOAD build/console.o
LOAD build/sync.o
LOAD build/keyboard.o
LOAD build/ioqueue.o
LOAD build/tss.o
LOAD build/process.o
LOAD build/syscall.o
LOAD build/syscall-init.o
LOAD build/stdio.o
LOAD build/ide.o
LOAD build/stdio-kernel.o
                0x0000000008048000                PROVIDE (__executable_start, 0x8048000)
                0x0000000008048094                . = (0x8048000 + SIZEOF_HEADERS)

.interp
 *(.interp)

.note.gnu.build-id
 *(.note.gnu.build-id)

.hash
 *(.hash)

.gnu.hash
 *(.gnu.hash)

.dynsym
 *(.dynsym)

.dynstr
 *(.dynstr)

.gnu.version
 *(.gnu.version)

.gnu.version_d
 *(.gnu.version_d)

.gnu.version_r
 *(.gnu.version_r)

.rel.dyn        0x0000000008048094        0x0
 *(.rel.init)
 *(.rel.text .rel.text.* .rel.gnu.linkonce.t.*)
 .rel.text      0x0000000000000000        0x0 build/main.o
 *(.rel.fini)
 *(.rel.rodata .rel.rodata.* .rel.gnu.linkonce.r.*)
 *(.rel.data.rel.ro .rel.data.rel.ro.* .rel.gnu.linkonce.d.rel.ro.*)
 *(.rel.data .rel.data.* .rel.gnu.linkonce.d.*)
 *(.rel.tdata .rel.tdata.* .rel.gnu.linkonce.td.*)
 *(.rel.tbss .rel.tbss.* .rel.gnu.linkonce.tb.*)
 *(.rel.ctors)
 *(.rel.dtors)
 *(.rel.got)
 *(.rel.bss .rel.bss.* .rel.gnu.linkonce.b.*)
 *(.rel.ifunc)

.rel.plt        0x0000000008048094        0x0
 *(.rel.plt)
                0x0000000008048094                PROVIDE (__rel_iplt_start, .)
 *(.rel.iplt)
 .rel.iplt      0x0000000000000000        0x0 build/main.o
                0x0000000008048094                PROVIDE (__rel_iplt_end, .)

.init
 *(SORT(.init))

.plt            0x00000000080480a0        0x0
 *(.plt)
 *(.iplt)
 .iplt          0x0000000000000000        0x0 build/main.o

.text           0x00000000c0001500     0x5262
 *(.text.unlikely .text.*_unlikely .text.unlikely.*)
 *(.text.exit .text.exit.*)
 *(.text.startup .text.startup.*)
 *(.text.hot .text.hot.*)
 *(.text .stub .text.* .gnu.linkonce.t.*)
 .text          0x00000000c0001500      0x2c5 build/main.o
                0x00000000c0001500                main
                0x00000000c0001535                k_thread_a
                0x00000000c00015f1                k_thread_b
                0x00000000c00016ad                u_prog_a
                0x00000000c0001739                u_prog_b
 .text          0x00000000c00017c5       0x46 build/init.o
                0x00000000c00017c5                init_all
 .text          0x00000000c000180b      0x480 build/interrupt.o
                0x00000000c0001b79                intr_enable
                0x00000000c0001ba2                intr_disable
                0x00000000c0001bcb                intr_set_status
                0x00000000c0001be9                intr_get_status
                0x00000000c0001c0d                register_handler
                0x00000000c0001c29                idt_init
 .text          0x00000000c0001c8b      0x209 build/timer.o
                0x00000000c0001de2                mtime_sleep
                0x00000000c0001e34                timer_init
 *fill*         0x00000000c0001e94        0xc 
 .text          0x00000000c0001ea0      0x55b build/kernel.o
                0x00000000c0001ea0                intr_exit
                0x00000000c00023d7                syscall_handler
 *fill*         0x00000000c00023fb        0x5 
 .text          0x00000000c0002400      0x172 build/print.o
                0x00000000c0002400                put_str
                0x00000000c000241e                put_char
                0x00000000c00024eb                put_int
                0x00000000c000254e                set_cursor
 .text          0x00000000c0002572       0xa5 build/debug.o
                0x00000000c0002572                panic_spin
 .text          0x00000000c0002617     0x1139 build/memory.o
                0x00000000c0002617                block_desc_init
                0x00000000c00027d5                pte_ptr
                0x00000000c0002805                pde_ptr
                0x00000000c00029b6                malloc_page
                0x00000000c0002a80                get_kernel_pages
                0x00000000c0002adc                get_user_pages
                0x00000000c0002b32                get_a_page
                0x00000000c0002caa                addr_v2p
                0x00000000c0002ebf                sys_malloc
                0x00000000c00031ee                pfree
                0x00000000c0003331                mfree_page
                0x00000000c000350e                sys_free
                0x00000000c000370f                mem_init
 .text          0x00000000c0003750      0x266 build/bitmap.o
                0x00000000c0003750                bitmap_init
                0x00000000c0003777                bitmap_scan_test
                0x00000000c00037b7                bitmap_scan
                0x00000000c00038fb                bitmap_set
 .text          0x00000000c00039b6      0x449 build/string.o
                0x00000000c00039b6                memset
                0x00000000c0003a12                memcpy
                0x00000000c0003a7e                memcmp
                0x00000000c0003b0e                strcpy
                0x00000000c0003b70                strlen
                0x00000000c0003bc6                strcmp
                0x00000000c0003c4d                strchr
                0x00000000c0003cb2                strrchr
                0x00000000c0003d1b                strcat
                0x00000000c0003d92                strchrs
 .text          0x00000000c0003dff      0x6bf build/thread.o
                0x00000000c0003e15                running_thread
                0x00000000c0003e79                thread_create
                0x00000000c0003edf                init_thread
                0x00000000c0003f89                thread_start
                0x00000000c0004104                schedule
                0x00000000c0004254                thread_block
                0x00000000c00042bb                thread_unblock
                0x00000000c00043c6                thread_yield
                0x00000000c000444c                thread_init
 .text          0x00000000c00044be      0x1e3 build/list.o
                0x00000000c00044be                list_init
                0x00000000c00044eb                list_insert_before
                0x00000000c000452c                list_push
                0x00000000c0004549                list_append
                0x00000000c0004566                list_remove
                0x00000000c000459c                list_pop
                0x00000000c00045bb                elem_find
                0x00000000c00045f6                list_traversal
                0x00000000c0004653                list_len
                0x00000000c0004688                list_empty
 *fill*         0x00000000c00046a1        0xf 
 .text          0x00000000c00046b0       0x15 build/switch.o
                0x00000000c00046b0                switch_to
 .text          0x00000000c00046c5       0x9a build/console.o
                0x00000000c00046c5                console_init
                0x00000000c00046d9                console_acquire
                0x00000000c00046ed                console_release
                0x00000000c0004701                console_put_str
                0x00000000c000471e                console_put_char
                0x00000000c0004742                console_put_int
 .text          0x00000000c000475f      0x347 build/sync.o
                0x00000000c000475f                sema_init
                0x00000000c0004784                lock_init
                0x00000000c00047b5                sema_down
                0x00000000c00048c9                sema_up
                0x00000000c000497f                lock_acquire
                0x00000000c00049fb                lock_release
 .text          0x00000000c0004aa6      0x2cb build/keyboard.o
                0x00000000c0004d31                keyboard_init
 .text          0x00000000c0004d71      0x2ef build/ioqueue.o
                0x00000000c0004d71                ioqueue_init
                0x00000000c0004dcc                ioq_full
                0x00000000c0004f04                ioq_getchar
                0x00000000c0004fb1                ioq_putchar
 .text          0x00000000c0005060      0x1af build/tss.o
                0x00000000c0005060                update_tss_esp
                0x00000000c00050e1                tss_init
 .text          0x00000000c000520f      0x365 build/process.o
                0x00000000c000520f                start_process
                0x00000000c0005315                page_dir_activate
                0x00000000c0005345                process_activate
                0x00000000c0005397                create_page_dir
                0x00000000c0005408                create_user_vaddr_bitmap
                0x00000000c000544a                process_execute
 .text          0x00000000c0005574       0x6f build/syscall.o
                0x00000000c0005574                getpid
                0x00000000c0005589                write
                0x00000000c00055a8                malloc
                0x00000000c00055c7                free
 .text          0x00000000c00055e3       0x78 build/syscall-init.o
                0x00000000c00055e3                sys_getpid
                0x00000000c00055f5                sys_write
                0x00000000c0005613                syscall_init
 .text          0x00000000c000565b      0x2a1 build/stdio.o
                0x00000000c00056e2                vsprintf
                0x00000000c0005866                sprintf
                0x00000000c000589a                printf
 .text          0x00000000c00058fc      0xe04 build/ide.o
                0x00000000c0005c16                ide_read
                0x00000000c0005da4                ide_write
                0x00000000c0006436                intr_hd_handler
                0x00000000c00064f7                ide_init
 .text          0x00000000c0006700       0x62 build/stdio-kernel.o
                0x00000000c0006700                printk
 *(.gnu.warning)

.fini
 *(SORT(.fini))
                0x00000000c0006762                PROVIDE (__etext, .)
                0x00000000c0006762                PROVIDE (_etext, .)
                0x00000000c0006762                PROVIDE (etext, .)

.rodata         0x00000000c0006764     0x10df
 *(.rodata .rodata.* .gnu.linkonce.r.*)
 .rodata        0x00000000c0006764       0x90 build/main.o
 .rodata        0x00000000c00067f4        0xa build/init.o
 *fill*         0x00000000c00067fe        0x2 
 .rodata        0x00000000c0006800      0x2c5 build/interrupt.o
 *fill*         0x00000000c0006ac5        0x3 
 .rodata        0x00000000c0006ac8       0x87 build/timer.o
 .rodata        0x00000000c0006b4f       0x3b build/debug.o
 *fill*         0x00000000c0006b8a        0x2 
 .rodata        0x00000000c0006b8c      0x3b3 build/memory.o
 *fill*         0x00000000c0006f3f        0x1 
 .rodata        0x00000000c0006f40       0x68 build/bitmap.o
 .rodata        0x00000000c0006fa8       0xb9 build/string.o
 *fill*         0x00000000c0007061        0x3 
 .rodata        0x00000000c0007064      0x2c5 build/thread.o
 *fill*         0x00000000c0007329        0x3 
 .rodata        0x00000000c000732c      0x12b build/sync.o
 .rodata        0x00000000c0007457       0x36 build/keyboard.o
 *fill*         0x00000000c000748d        0x3 
 .rodata        0x00000000c0007490       0x9d build/ioqueue.o
 .rodata        0x00000000c000752d       0x27 build/tss.o
 .rodata        0x00000000c0007554       0xd8 build/process.o
 .rodata        0x00000000c000762c       0x27 build/syscall-init.o
 *fill*         0x00000000c0007653        0x1 
 .rodata        0x00000000c0007654      0x1ef build/ide.o

.rodata1
 *(.rodata1)

.eh_frame_hdr
 *(.eh_frame_hdr)

.eh_frame       0x00000000c0007844     0x1288
 *(.eh_frame)
 .eh_frame      0x00000000c0007844       0xa4 build/main.o
 .eh_frame      0x00000000c00078e8       0x20 build/init.o
                                         0x38 (size before relaxing)
 .eh_frame      0x00000000c0007908      0x188 build/interrupt.o
                                        0x1a0 (size before relaxing)
 .eh_frame      0x00000000c0007a90       0xcc build/timer.o
                                         0xe4 (size before relaxing)
 .eh_frame      0x00000000c0007b5c       0x1c build/debug.o
                                         0x34 (size before relaxing)
 .eh_frame      0x00000000c0007b78      0x2a0 build/memory.o
                                        0x2b8 (size before relaxing)
 .eh_frame      0x00000000c0007e18       0x8c build/bitmap.o
                                         0xa4 (size before relaxing)
 .eh_frame      0x00000000c0007ea4      0x140 build/string.o
                                        0x158 (size before relaxing)
 .eh_frame      0x00000000c0007fe4      0x19c build/thread.o
                                        0x1b4 (size before relaxing)
 .eh_frame      0x00000000c0008180      0x140 build/list.o
                                        0x158 (size before relaxing)
 .eh_frame      0x00000000c00082c0       0xc0 build/console.o
                                         0xd8 (size before relaxing)
 .eh_frame      0x00000000c0008380       0xc8 build/sync.o
                                         0xe0 (size before relaxing)
 .eh_frame      0x00000000c0008448       0x60 build/keyboard.o
                                         0x78 (size before relaxing)
 .eh_frame      0x00000000c00084a8      0x100 build/ioqueue.o
                                        0x118 (size before relaxing)
 .eh_frame      0x00000000c00085a8       0x64 build/tss.o
                                         0x7c (size before relaxing)
 .eh_frame      0x00000000c000860c       0xc0 build/process.o
                                         0xd8 (size before relaxing)
 .eh_frame      0x00000000c00086cc       0x8c build/syscall.o
                                         0xa4 (size before relaxing)
 .eh_frame      0x00000000c0008758       0x60 build/syscall-init.o
                                         0x78 (size before relaxing)
 .eh_frame      0x00000000c00087b8       0x94 build/stdio.o
                                         0xac (size before relaxing)
 .eh_frame      0x00000000c000884c      0x258 build/ide.o
                                        0x270 (size before relaxing)
 .eh_frame      0x00000000c0008aa4       0x28 build/stdio-kernel.o
                                         0x40 (size before relaxing)

.gcc_except_table
 *(.gcc_except_table .gcc_except_table.*)

.exception_ranges
 *(.exception_ranges .exception_ranges*)
                0x00000000c0008acc                . = (ALIGN (0x1000) - ((0x1000 - .) & 0xfff))
                0x00000000c0009000                . = DATA_SEGMENT_ALIGN (0x1000, 0x1000)

.eh_frame
 *(.eh_frame)

.gcc_except_table
 *(.gcc_except_table .gcc_except_table.*)

.exception_ranges
 *(.exception_ranges .exception_ranges*)

.tdata
 *(.tdata .tdata.* .gnu.linkonce.td.*)

.tbss
 *(.tbss .tbss.* .gnu.linkonce.tb.*)
 *(.tcommon)

.preinit_array  0x00000000c0009000        0x0
                0x00000000c0009000                PROVIDE (__preinit_array_start, .)
 *(.preinit_array)
                0x00000000c0009000                PROVIDE (__preinit_array_end, .)

.init_array     0x00000000c0009000        0x0
                0x00000000c0009000                PROVIDE (__init_array_start, .)
 *(SORT(.init_array.*) SORT(.ctors.*))
 *(.init_array EXCLUDE_FILE(*crtend?.o *crtend.o *crtbegin?.o *crtbegin.o) .ctors)
                0x00000000c0009000                PROVIDE (__init_array_end, .)

.fini_array     0x00000000c0009000        0x0
                0x00000000c0009000                PROVIDE (__fini_array_start, .)
 *(SORT(.fini_array.*) SORT(.dtors.*))
 *(.fini_array EXCLUDE_FILE(*crtend?.o *crtend.o *crtbegin?.o *crtbegin.o) .dtors)
                0x00000000c0009000                PROVIDE (__fini_array_end, .)

.ctors
 *crtbegin.o(.ctors)
 *crtbegin?.o(.ctors)
 *(EXCLUDE_FILE(*crtend?.o *crtend.o) .ctors)
 *(SORT(.ctors.*))
 *(.ctors)

.dtors
 *crtbegin.o(.dtors)
 *crtbegin?.o(.dtors)
 *(EXCLUDE_FILE(*crtend?.o *crtend.o) .dtors)
 *(SORT(.dtors.*))
 *(.dtors)

.jcr
 *(.jcr)

.data.rel.ro
 *(.data.rel.ro.local* .gnu.linkonce.d.rel.ro.local.*)
 *(.data.rel.ro .data.rel.ro.* .gnu.linkonce.d.rel.ro.*)

.dynamic
 *(.dynamic)

.got
 *(.got)
 *(.igot)
                0x00000000c0009000                . = DATA_SEGMENT_RELRO_END (., (SIZEOF (.got.plt) >= 0xc)?0xc:0x0)

.got.plt        0x00000000c0009000        0x0
 *(.got.plt)
 *(.igot.plt)
 .igot.plt      0x0000000000000000        0x0 build/main.o

.data           0x00000000c0009000      0x156
 *(.data .data.* .gnu.linkonce.d.*)
 .data          0x00000000c0009000        0x0 build/main.o
 .data          0x00000000c0009000        0x0 build/init.o
 .data          0x00000000c0009000        0x0 build/interrupt.o
 .data          0x00000000c0009000        0x0 build/timer.o
 .data          0x00000000c0009000       0xd2 build/kernel.o
                0x00000000c0009012                intr_entry_table
 *fill*         0x00000000c00090d2        0x2 
 .data          0x00000000c00090d4        0x8 build/print.o
 .data          0x00000000c00090dc        0x0 build/debug.o
 .data          0x00000000c00090dc        0x0 build/memory.o
 .data          0x00000000c00090dc        0x0 build/bitmap.o
 .data          0x00000000c00090dc        0x0 build/string.o
 .data          0x00000000c00090dc        0x0 build/thread.o
 .data          0x00000000c00090dc        0x0 build/list.o
 .data          0x00000000c00090dc        0x0 build/console.o
 .data          0x00000000c00090dc        0x0 build/sync.o
 *fill*         0x00000000c00090dc        0x4 
 .data          0x00000000c00090e0       0x76 build/keyboard.o
 .data          0x00000000c0009156        0x0 build/ioqueue.o
 .data          0x00000000c0009156        0x0 build/tss.o
 .data          0x00000000c0009156        0x0 build/process.o
 .data          0x00000000c0009156        0x0 build/syscall.o
 .data          0x00000000c0009156        0x0 build/syscall-init.o
 .data          0x00000000c0009156        0x0 build/stdio.o
 .data          0x00000000c0009156        0x0 build/ide.o
 .data          0x00000000c0009156        0x0 build/stdio-kernel.o

.data1
 *(.data1)
                0x00000000c0009156                _edata = .
                0x00000000c0009156                PROVIDE (edata, .)
                0x00000000c0009156                . = .
                0x00000000c0009156                __bss_start = .

.bss            0x00000000c0009160     0x1870
 *(.dynbss)
 *(.bss .bss.* .gnu.linkonce.b.*)
 .bss           0x00000000c0009160        0x0 build/main.o
 .bss           0x00000000c0009160        0x0 build/init.o
 .bss           0x00000000c0009160      0x408 build/interrupt.o
 .bss           0x00000000c0009568        0x0 build/timer.o
 .bss           0x00000000c0009568        0x0 build/debug.o
 .bss           0x00000000c0009568        0x0 build/memory.o
 .bss           0x00000000c0009568        0x0 build/bitmap.o
 .bss           0x00000000c0009568        0x0 build/string.o
 .bss           0x00000000c0009568        0x6 build/thread.o
 .bss           0x00000000c000956e        0x0 build/list.o
 *fill*         0x00000000c000956e        0x2 
 .bss           0x00000000c0009570       0x1c build/console.o
 .bss           0x00000000c000958c        0x0 build/sync.o
 .bss           0x00000000c000958c       0x14 build/keyboard.o
 .bss           0x00000000c00095a0        0x0 build/ioqueue.o
 .bss           0x00000000c00095a0       0x6c build/tss.o
 .bss           0x00000000c000960c        0x0 build/process.o
 .bss           0x00000000c000960c        0x0 build/syscall.o
 .bss           0x00000000c000960c        0x0 build/syscall-init.o
 .bss           0x00000000c000960c        0x0 build/stdio.o
 .bss           0x00000000c000960c        0x6 build/ide.o
                0x00000000c000960c                ext_lba_base
                0x00000000c0009610                p_no
                0x00000000c0009611                l_no
 .bss           0x00000000c0009612        0x0 build/stdio-kernel.o
 *(COMMON)
 *fill*         0x00000000c0009612        0xe 
 COMMON         0x00000000c0009620      0x424 build/interrupt.o
                0x00000000c0009620                intr_name
                0x00000000c0009840                idt_table
 COMMON         0x00000000c0009a44        0x4 build/timer.o
                0x00000000c0009a44                ticks
 *fill*         0x00000000c0009a48       0x18 
 COMMON         0x00000000c0009a60      0x12c build/memory.o
                0x00000000c0009a60                user_pool
                0x00000000c0009aa0                k_block_descs
                0x00000000c0009b48                kernel_vaddr
                0x00000000c0009b60                kernel_pool
 COMMON         0x00000000c0009b8c       0x44 build/thread.o
                0x00000000c0009b8c                thread_ready_list
                0x00000000c0009b9c                thread_all_list
                0x00000000c0009bac                idle_thread
                0x00000000c0009bb0                main_thread
                0x00000000c0009bb4                pid_lock
 *fill*         0x00000000c0009bd0       0x10 
 COMMON         0x00000000c0009be0       0x6c build/keyboard.o
                0x00000000c0009be0                kbd_buf
 *fill*         0x00000000c0009c4c       0x14 
 COMMON         0x00000000c0009c60       0x80 build/syscall-init.o
                0x00000000c0009c60                syscall_table
 COMMON         0x00000000c0009ce0      0xcf0 build/ide.o
                0x00000000c0009ce0                channel_cnt
                0x00000000c0009d00                channels
                0x00000000c000a9c0                partition_list
                0x00000000c000a9d0                . = ALIGN ((. != 0x0)?0x4:0x1)
                0x00000000c000a9d0                . = ALIGN (0x4)
                0x00000000c000a9d0                . = SEGMENT_START ("ldata-segment", .)
                0x00000000c000a9d0                . = ALIGN (0x4)
                0x00000000c000a9d0                _end = .
                0x00000000c000a9d0                PROVIDE (end, .)
                0x00000000c000a9d0                . = DATA_SEGMENT_END (.)

.stab
 *(.stab)

.stabstr
 *(.stabstr)

.stab.excl
 *(.stab.excl)

.stab.exclstr
 *(.stab.exclstr)

.stab.index
 *(.stab.index)

.stab.indexstr
 *(.stab.indexstr)

.comment        0x0000000000000000       0x2b
 *(.comment)
 .comment       0x0000000000000000       0x2b build/main.o
                                         0x2c (size before relaxing)
 .comment       0x0000000000000000       0x2c build/init.o
 .comment       0x0000000000000000       0x2c build/interrupt.o
 .comment       0x0000000000000000       0x2c build/timer.o
 .comment       0x0000000000000000       0x2c build/debug.o
 .comment       0x0000000000000000       0x2c build/memory.o
 .comment       0x0000000000000000       0x2c build/bitmap.o
 .comment       0x0000000000000000       0x2c build/string.o
 .comment       0x0000000000000000       0x2c build/thread.o
 .comment       0x0000000000000000       0x2c build/list.o
 .comment       0x0000000000000000       0x2c build/console.o
 .comment       0x0000000000000000       0x2c build/sync.o
 .comment       0x0000000000000000       0x2c build/keyboard.o
 .comment       0x0000000000000000       0x2c build/ioqueue.o
 .comment       0x0000000000000000       0x2c build/tss.o
 .comment       0x0000000000000000       0x2c build/process.o
 .comment       0x0000000000000000       0x2c build/syscall.o
 .comment       0x0000000000000000       0x2c build/syscall-init.o
 .comment       0x0000000000000000       0x2c build/stdio.o
 .comment       0x0000000000000000       0x2c build/ide.o
 .comment       0x0000000000000000       0x2c build/stdio-kernel.o

.debug
 *(.debug)

.line
 *(.line)

.debug_srcinfo
 *(.debug_srcinfo)

.debug_sfnames
 *(.debug_sfnames)

.debug_aranges
 *(.debug_aranges)

.debug_pubnames
 *(.debug_pubnames)

.debug_info
 *(.debug_info .gnu.linkonce.wi.*)

.debug_abbrev
 *(.debug_abbrev)

.debug_line
 *(.debug_line .debug_line.* .debug_line_end)

.debug_frame
 *(.debug_frame)

.debug_str
 *(.debug_str)

.debug_loc
 *(.debug_loc)

.debug_macinfo
 *(.debug_macinfo)

.debug_weaknames
 *(.debug_weaknames)

.debug_funcnames
 *(.debug_funcnames)

.debug_typenames
 *(.debug_typenames)

.debug_varnames
 *(.debug_varnames)

.debug_pubtypes
 *(.debug_pubtypes)

.debug_ranges
 *(.debug_ranges)

.debug_macro
 *(.debug_macro)

.gnu.attributes
 *(.gnu.attributes)

/DISCARD/
 *(.note.GNU-stack)
 *(.gnu_debuglink)
 *(.gnu.lto_*)
OUTPUT(build/kernel.bin elf32-i386)
