
Allocating common symbols
Common symbol       size              file

kbd_buf             0x6c              build/keyboard.o
root_dir            0x208             build/dir.o
thread_ready_list   0x10              build/thread.o
thread_all_list     0x10              build/thread.o
user_pool           0x2c              build/memory.o
channel_cnt         0x1               build/ide.o
cur_part            0x4               build/fs.o
k_block_descs       0xa8              build/memory.o
idle_thread         0x4               build/thread.o
intr_name           0x204             build/interrupt.o
main_thread         0x4               build/thread.o
channels            0xcc0             build/ide.o
ticks               0x4               build/timer.o
kernel_vaddr        0xc               build/memory.o
syscall_table       0x80              build/syscall-init.o
idt_table           0x204             build/interrupt.o
file_table          0x180             build/file.o
partition_list      0x10              build/ide.o
kernel_pool         0x2c              build/memory.o
pid_lock            0x1c              build/thread.o

Discarded input sections

 .note.GNU-stack
                0x0000000000000000        0x0 build/main.o
 .note.GNU-stack
                0x0000000000000000        0x0 build/init.o
 .note.GNU-stack
                0x0000000000000000        0x0 build/interrupt.o
 .note.GNU-stack
                0x0000000000000000        0x0 build/timer.o
 .note.GNU-stack
                0x0000000000000000        0x0 build/debug.o
 .note.GNU-stack
                0x0000000000000000        0x0 build/memory.o
 .note.GNU-stack
                0x0000000000000000        0x0 build/bitmap.o
 .note.GNU-stack
                0x0000000000000000        0x0 build/string.o
 .note.GNU-stack
                0x0000000000000000        0x0 build/thread.o
 .note.GNU-stack
                0x0000000000000000        0x0 build/list.o
 .note.GNU-stack
                0x0000000000000000        0x0 build/console.o
 .note.GNU-stack
                0x0000000000000000        0x0 build/sync.o
 .note.GNU-stack
                0x0000000000000000        0x0 build/keyboard.o
 .note.GNU-stack
                0x0000000000000000        0x0 build/ioqueue.o
 .note.GNU-stack
                0x0000000000000000        0x0 build/tss.o
 .note.GNU-stack
                0x0000000000000000        0x0 build/process.o
 .note.GNU-stack
                0x0000000000000000        0x0 build/syscall.o
 .note.GNU-stack
                0x0000000000000000        0x0 build/syscall-init.o
 .note.GNU-stack
                0x0000000000000000        0x0 build/stdio.o
 .note.GNU-stack
                0x0000000000000000        0x0 build/ide.o
 .note.GNU-stack
                0x0000000000000000        0x0 build/stdio-kernel.o
 .note.GNU-stack
                0x0000000000000000        0x0 build/fs.o
 .note.GNU-stack
                0x0000000000000000        0x0 build/inode.o
 .note.GNU-stack
                0x0000000000000000        0x0 build/file.o
 .note.GNU-stack
                0x0000000000000000        0x0 build/dir.o

Memory Configuration

Name             Origin             Length             Attributes
*default*        0x0000000000000000 0xffffffffffffffff

Linker script and memory map

Address of section .text set to 0xc0001500
LOAD build/main.o
LOAD build/init.o
LOAD build/interrupt.o
LOAD build/timer.o
LOAD build/kernel.o
LOAD build/print.o
LOAD build/debug.o
LOAD build/memory.o
LOAD build/bitmap.o
LOAD build/string.o
LOAD build/thread.o
LOAD build/list.o
LOAD build/switch.o
LOAD build/console.o
LOAD build/sync.o
LOAD build/keyboard.o
LOAD build/ioqueue.o
LOAD build/tss.o
LOAD build/process.o
LOAD build/syscall.o
LOAD build/syscall-init.o
LOAD build/stdio.o
LOAD build/ide.o
LOAD build/stdio-kernel.o
LOAD build/fs.o
LOAD build/inode.o
LOAD build/file.o
LOAD build/dir.o
                0x0000000008048000                PROVIDE (__executable_start, 0x8048000)
                0x0000000008048094                . = (0x8048000 + SIZEOF_HEADERS)

.interp
 *(.interp)

.note.gnu.build-id
 *(.note.gnu.build-id)

.hash
 *(.hash)

.gnu.hash
 *(.gnu.hash)

.dynsym
 *(.dynsym)

.dynstr
 *(.dynstr)

.gnu.version
 *(.gnu.version)

.gnu.version_d
 *(.gnu.version_d)

.gnu.version_r
 *(.gnu.version_r)

.rel.dyn        0x0000000008048094        0x0
 *(.rel.init)
 *(.rel.text .rel.text.* .rel.gnu.linkonce.t.*)
 .rel.text      0x0000000000000000        0x0 build/main.o
 *(.rel.fini)
 *(.rel.rodata .rel.rodata.* .rel.gnu.linkonce.r.*)
 *(.rel.data.rel.ro .rel.data.rel.ro.* .rel.gnu.linkonce.d.rel.ro.*)
 *(.rel.data .rel.data.* .rel.gnu.linkonce.d.*)
 *(.rel.tdata .rel.tdata.* .rel.gnu.linkonce.td.*)
 *(.rel.tbss .rel.tbss.* .rel.gnu.linkonce.tb.*)
 *(.rel.ctors)
 *(.rel.dtors)
 *(.rel.got)
 *(.rel.bss .rel.bss.* .rel.gnu.linkonce.b.*)
 *(.rel.ifunc)

.rel.plt        0x0000000008048094        0x0
 *(.rel.plt)
                0x0000000008048094                PROVIDE (__rel_iplt_start, .)
 *(.rel.iplt)
 .rel.iplt      0x0000000000000000        0x0 build/main.o
                0x0000000008048094                PROVIDE (__rel_iplt_end, .)

.init
 *(SORT(.init))

.plt            0x00000000080480a0        0x0
 *(.plt)
 *(.iplt)
 .iplt          0x0000000000000000        0x0 build/main.o

.text           0x00000000c0001500     0x9e37
 *(.text.unlikely .text.*_unlikely .text.unlikely.*)
 *(.text.exit .text.exit.*)
 *(.text.startup .text.startup.*)
 *(.text.hot .text.hot.*)
 *(.text .stub .text.* .gnu.linkonce.t.*)
 .text          0x00000000c0001500      0x357 build/main.o
                0x00000000c0001500                main
                0x00000000c00015c7                k_thread_a
                0x00000000c0001683                k_thread_b
                0x00000000c000173f                u_prog_a
                0x00000000c00017cb                u_prog_b
 .text          0x00000000c0001857       0x4b build/init.o
                0x00000000c0001857                init_all
 .text          0x00000000c00018a2      0x480 build/interrupt.o
                0x00000000c0001c10                intr_enable
                0x00000000c0001c39                intr_disable
                0x00000000c0001c62                intr_set_status
                0x00000000c0001c80                intr_get_status
                0x00000000c0001ca4                register_handler
                0x00000000c0001cc0                idt_init
 .text          0x00000000c0001d22      0x209 build/timer.o
                0x00000000c0001e79                mtime_sleep
                0x00000000c0001ecb                timer_init
 *fill*         0x00000000c0001f2b        0x5 
 .text          0x00000000c0001f30      0x55b build/kernel.o
                0x00000000c0001f30                intr_exit
                0x00000000c0002467                syscall_handler
 *fill*         0x00000000c000248b        0x5 
 .text          0x00000000c0002490      0x172 build/print.o
                0x00000000c0002490                put_str
                0x00000000c00024ae                put_char
                0x00000000c000257b                put_int
                0x00000000c00025de                set_cursor
 .text          0x00000000c0002602       0xa5 build/debug.o
                0x00000000c0002602                panic_spin
 .text          0x00000000c00026a7     0x1139 build/memory.o
                0x00000000c00026a7                block_desc_init
                0x00000000c0002865                pte_ptr
                0x00000000c0002895                pde_ptr
                0x00000000c0002a46                malloc_page
                0x00000000c0002b10                get_kernel_pages
                0x00000000c0002b6c                get_user_pages
                0x00000000c0002bc2                get_a_page
                0x00000000c0002d3a                addr_v2p
                0x00000000c0002f4f                sys_malloc
                0x00000000c000327e                pfree
                0x00000000c00033c1                mfree_page
                0x00000000c000359e                sys_free
                0x00000000c000379f                mem_init
 .text          0x00000000c00037e0      0x266 build/bitmap.o
                0x00000000c00037e0                bitmap_init
                0x00000000c0003807                bitmap_scan_test
                0x00000000c0003847                bitmap_scan
                0x00000000c000398b                bitmap_set
 .text          0x00000000c0003a46      0x449 build/string.o
                0x00000000c0003a46                memset
                0x00000000c0003aa2                memcpy
                0x00000000c0003b0e                memcmp
                0x00000000c0003b9e                strcpy
                0x00000000c0003c00                strlen
                0x00000000c0003c56                strcmp
                0x00000000c0003cdd                strchr
                0x00000000c0003d42                strrchr
                0x00000000c0003dab                strcat
                0x00000000c0003e22                strchrs
 .text          0x00000000c0003e8f      0x712 build/thread.o
                0x00000000c0003ea5                running_thread
                0x00000000c0003f09                thread_create
                0x00000000c0003f6f                init_thread
                0x00000000c000406c                thread_start
                0x00000000c00041e7                schedule
                0x00000000c0004337                thread_block
                0x00000000c000439e                thread_unblock
                0x00000000c00044a9                thread_yield
                0x00000000c000452f                thread_init
 .text          0x00000000c00045a1      0x1e3 build/list.o
                0x00000000c00045a1                list_init
                0x00000000c00045ce                list_insert_before
                0x00000000c000460f                list_push
                0x00000000c000462c                list_append
                0x00000000c0004649                list_remove
                0x00000000c000467f                list_pop
                0x00000000c000469e                elem_find
                0x00000000c00046d9                list_traversal
                0x00000000c0004736                list_len
                0x00000000c000476b                list_empty
 *fill*         0x00000000c0004784        0xc 
 .text          0x00000000c0004790       0x15 build/switch.o
                0x00000000c0004790                switch_to
 .text          0x00000000c00047a5       0x9a build/console.o
                0x00000000c00047a5                console_init
                0x00000000c00047b9                console_acquire
                0x00000000c00047cd                console_release
                0x00000000c00047e1                console_put_str
                0x00000000c00047fe                console_put_char
                0x00000000c0004822                console_put_int
 .text          0x00000000c000483f      0x347 build/sync.o
                0x00000000c000483f                sema_init
                0x00000000c0004864                lock_init
                0x00000000c0004895                sema_down
                0x00000000c00049a9                sema_up
                0x00000000c0004a5f                lock_acquire
                0x00000000c0004adb                lock_release
 .text          0x00000000c0004b86      0x2cb build/keyboard.o
                0x00000000c0004e11                keyboard_init
 .text          0x00000000c0004e51      0x2ef build/ioqueue.o
                0x00000000c0004e51                ioqueue_init
                0x00000000c0004eac                ioq_full
                0x00000000c0004fe4                ioq_getchar
                0x00000000c0005091                ioq_putchar
 .text          0x00000000c0005140      0x1af build/tss.o
                0x00000000c0005140                update_tss_esp
                0x00000000c00051c1                tss_init
 .text          0x00000000c00052ef      0x365 build/process.o
                0x00000000c00052ef                start_process
                0x00000000c00053f5                page_dir_activate
                0x00000000c0005425                process_activate
                0x00000000c0005477                create_page_dir
                0x00000000c00054e8                create_user_vaddr_bitmap
                0x00000000c000552a                process_execute
 .text          0x00000000c0005654       0x73 build/syscall.o
                0x00000000c0005654                getpid
                0x00000000c0005669                write
                0x00000000c000568c                malloc
                0x00000000c00056ab                free
 .text          0x00000000c00056c7       0x5a build/syscall-init.o
                0x00000000c00056c7                sys_getpid
                0x00000000c00056d9                syscall_init
 .text          0x00000000c0005721      0x2bb build/stdio.o
                0x00000000c00057a8                vsprintf
                0x00000000c000592c                sprintf
                0x00000000c0005960                printf
 .text          0x00000000c00059dc      0xe04 build/ide.o
                0x00000000c0005cf6                ide_read
                0x00000000c0005e84                ide_write
                0x00000000c0006516                intr_hd_handler
                0x00000000c00065d7                ide_init
 .text          0x00000000c00067e0       0x62 build/stdio-kernel.o
                0x00000000c00067e0                printk
 .text          0x00000000c0006842     0x2166 build/fs.o
                0x00000000c0006fa3                path_depth_cnt
                0x00000000c00072cd                sys_open
                0x00000000c000757a                sys_close
                0x00000000c00075cf                sys_write
                0x00000000c00076b9                sys_read
                0x00000000c000773a                sys_lseek
                0x00000000c0007827                sys_unlink
                0x00000000c0007a49                sys_mkdir
                0x00000000c0007e75                sys_opendir
                0x00000000c0007f8d                sys_closedir
                0x00000000c0007fb7                sys_readdir
                0x00000000c0007ff4                sys_rewinddir
                0x00000000c0008003                sys_rmdir
                0x00000000c00083c9                sys_getcwd
                0x00000000c00085ed                sys_chdir
                0x00000000c000867b                sys_stat
                0x00000000c00087a2                filesys_init
 .text          0x00000000c00089a8      0x825 build/inode.o
                0x00000000c0008a4c                inode_sync
                0x00000000c0008bc0                inode_open
                0x00000000c0008d1b                inode_close
                0x00000000c0008d8c                inode_delete
                0x00000000c0008ef1                inode_release
                0x00000000c0009178                inode_init
 .text          0x00000000c00091cd     0x1218 build/file.o
                0x00000000c00091cd                get_free_slot_in_global
                0x00000000c000921e                pcb_fd_install
                0x00000000c0009287                inode_bitmap_alloc
                0x00000000c00092d5                block_bitmap_alloc
                0x00000000c000932e                bitmap_sync
                0x00000000c00093c2                file_create
                0x00000000c000969a                file_open
                0x00000000c00097a5                file_close
                0x00000000c00097e4                file_write
                0x00000000c0009ff4                file_read
 .text          0x00000000c000a3e5      0xf52 build/dir.o
                0x00000000c000a3e5                open_root_dir
                0x00000000c000a414                dir_open
                0x00000000c000a44f                search_dir_entry
                0x00000000c000a631                dir_close
                0x00000000c000a65c                create_dir_entry
                0x00000000c000a6d2                sync_dir_entry
                0x00000000c000ab45                delete_dir_entry
                0x00000000c000b02f                dir_read
                0x00000000c000b243                dir_is_empty
                0x00000000c000b26e                dir_remove
 *(.gnu.warning)

.fini
 *(SORT(.fini))
                0x00000000c000b337                PROVIDE (__etext, .)
                0x00000000c000b337                PROVIDE (_etext, .)
                0x00000000c000b337                PROVIDE (etext, .)

.rodata         0x00000000c000b338     0x20eb
 *(.rodata .rodata.* .gnu.linkonce.r.*)
 .rodata        0x00000000c000b338      0x114 build/main.o
 .rodata        0x00000000c000b44c        0xa build/init.o
 *fill*         0x00000000c000b456        0x2 
 .rodata        0x00000000c000b458      0x2c5 build/interrupt.o
 *fill*         0x00000000c000b71d        0x3 
 .rodata        0x00000000c000b720       0x87 build/timer.o
 .rodata        0x00000000c000b7a7       0x3b build/debug.o
 *fill*         0x00000000c000b7e2        0x2 
 .rodata        0x00000000c000b7e4      0x3b3 build/memory.o
 *fill*         0x00000000c000bb97        0x1 
 .rodata        0x00000000c000bb98       0x68 build/bitmap.o
 .rodata        0x00000000c000bc00       0xb9 build/string.o
 *fill*         0x00000000c000bcb9        0x3 
 .rodata        0x00000000c000bcbc      0x2c5 build/thread.o
 *fill*         0x00000000c000bf81        0x3 
 .rodata        0x00000000c000bf84      0x12b build/sync.o
 .rodata        0x00000000c000c0af       0x36 build/keyboard.o
 *fill*         0x00000000c000c0e5        0x3 
 .rodata        0x00000000c000c0e8       0x9d build/ioqueue.o
 .rodata        0x00000000c000c185       0x27 build/tss.o
 .rodata        0x00000000c000c1ac       0xd8 build/process.o
 .rodata        0x00000000c000c284       0x27 build/syscall-init.o
 *fill*         0x00000000c000c2ab        0x1 
 .rodata        0x00000000c000c2ac      0x1ef build/ide.o
 *fill*         0x00000000c000c49b        0x1 
 .rodata        0x00000000c000c49c      0x896 build/fs.o
 *fill*         0x00000000c000cd32        0x2 
 .rodata        0x00000000c000cd34       0xbb build/inode.o
 *fill*         0x00000000c000cdef        0x1 
 .rodata        0x00000000c000cdf0      0x430 build/file.o
 .rodata        0x00000000c000d220      0x203 build/dir.o

.rodata1
 *(.rodata1)

.eh_frame_hdr
 *(.eh_frame_hdr)

.eh_frame       0x00000000c000d424     0x1938
 *(.eh_frame)
 .eh_frame      0x00000000c000d424       0xa4 build/main.o
 .eh_frame      0x00000000c000d4c8       0x20 build/init.o
                                         0x38 (size before relaxing)
 .eh_frame      0x00000000c000d4e8      0x188 build/interrupt.o
                                        0x1a0 (size before relaxing)
 .eh_frame      0x00000000c000d670       0xcc build/timer.o
                                         0xe4 (size before relaxing)
 .eh_frame      0x00000000c000d73c       0x1c build/debug.o
                                         0x34 (size before relaxing)
 .eh_frame      0x00000000c000d758      0x2a0 build/memory.o
                                        0x2b8 (size before relaxing)
 .eh_frame      0x00000000c000d9f8       0x8c build/bitmap.o
                                         0xa4 (size before relaxing)
 .eh_frame      0x00000000c000da84      0x140 build/string.o
                                        0x158 (size before relaxing)
 .eh_frame      0x00000000c000dbc4      0x19c build/thread.o
                                        0x1b4 (size before relaxing)
 .eh_frame      0x00000000c000dd60      0x140 build/list.o
                                        0x158 (size before relaxing)
 .eh_frame      0x00000000c000dea0       0xc0 build/console.o
                                         0xd8 (size before relaxing)
 .eh_frame      0x00000000c000df60       0xc8 build/sync.o
                                         0xe0 (size before relaxing)
 .eh_frame      0x00000000c000e028       0x60 build/keyboard.o
                                         0x78 (size before relaxing)
 .eh_frame      0x00000000c000e088      0x100 build/ioqueue.o
                                        0x118 (size before relaxing)
 .eh_frame      0x00000000c000e188       0x64 build/tss.o
                                         0x7c (size before relaxing)
 .eh_frame      0x00000000c000e1ec       0xc0 build/process.o
                                         0xd8 (size before relaxing)
 .eh_frame      0x00000000c000e2ac       0x8c build/syscall.o
                                         0xa4 (size before relaxing)
 .eh_frame      0x00000000c000e338       0x40 build/syscall-init.o
                                         0x58 (size before relaxing)
 .eh_frame      0x00000000c000e378       0x94 build/stdio.o
                                         0xac (size before relaxing)
 .eh_frame      0x00000000c000e40c      0x258 build/ide.o
                                        0x270 (size before relaxing)
 .eh_frame      0x00000000c000e664       0x28 build/stdio-kernel.o
                                         0x40 (size before relaxing)
 .eh_frame      0x00000000c000e68c      0x340 build/fs.o
                                        0x358 (size before relaxing)
 .eh_frame      0x00000000c000e9cc       0xec build/inode.o
                                        0x104 (size before relaxing)
 .eh_frame      0x00000000c000eab8      0x140 build/file.o
                                        0x158 (size before relaxing)
 .eh_frame      0x00000000c000ebf8      0x164 build/dir.o
                                        0x17c (size before relaxing)

.gcc_except_table
 *(.gcc_except_table .gcc_except_table.*)

.exception_ranges
 *(.exception_ranges .exception_ranges*)
                0x00000000c000ed5c                . = (ALIGN (0x1000) - ((0x1000 - .) & 0xfff))
                0x00000000c000f000                . = DATA_SEGMENT_ALIGN (0x1000, 0x1000)

.eh_frame
 *(.eh_frame)

.gcc_except_table
 *(.gcc_except_table .gcc_except_table.*)

.exception_ranges
 *(.exception_ranges .exception_ranges*)

.tdata
 *(.tdata .tdata.* .gnu.linkonce.td.*)

.tbss
 *(.tbss .tbss.* .gnu.linkonce.tb.*)
 *(.tcommon)

.preinit_array  0x00000000c000f000        0x0
                0x00000000c000f000                PROVIDE (__preinit_array_start, .)
 *(.preinit_array)
                0x00000000c000f000                PROVIDE (__preinit_array_end, .)

.init_array     0x00000000c000f000        0x0
                0x00000000c000f000                PROVIDE (__init_array_start, .)
 *(SORT(.init_array.*) SORT(.ctors.*))
 *(.init_array EXCLUDE_FILE(*crtend?.o *crtend.o *crtbegin?.o *crtbegin.o) .ctors)
                0x00000000c000f000                PROVIDE (__init_array_end, .)

.fini_array     0x00000000c000f000        0x0
                0x00000000c000f000                PROVIDE (__fini_array_start, .)
 *(SORT(.fini_array.*) SORT(.dtors.*))
 *(.fini_array EXCLUDE_FILE(*crtend?.o *crtend.o *crtbegin?.o *crtbegin.o) .dtors)
                0x00000000c000f000                PROVIDE (__fini_array_end, .)

.ctors
 *crtbegin.o(.ctors)
 *crtbegin?.o(.ctors)
 *(EXCLUDE_FILE(*crtend?.o *crtend.o) .ctors)
 *(SORT(.ctors.*))
 *(.ctors)

.dtors
 *crtbegin.o(.dtors)
 *crtbegin?.o(.dtors)
 *(EXCLUDE_FILE(*crtend?.o *crtend.o) .dtors)
 *(SORT(.dtors.*))
 *(.dtors)

.jcr
 *(.jcr)

.data.rel.ro
 *(.data.rel.ro.local* .gnu.linkonce.d.rel.ro.local.*)
 *(.data.rel.ro .data.rel.ro.* .gnu.linkonce.d.rel.ro.*)

.dynamic
 *(.dynamic)

.got
 *(.got)
 *(.igot)
                0x00000000c000f000                . = DATA_SEGMENT_RELRO_END (., (SIZEOF (.got.plt) >= 0xc)?0xc:0x0)

.got.plt        0x00000000c000f000        0x0
 *(.got.plt)
 *(.igot.plt)
 .igot.plt      0x0000000000000000        0x0 build/main.o

.data           0x00000000c000f000      0x156
 *(.data .data.* .gnu.linkonce.d.*)
 .data          0x00000000c000f000        0x0 build/main.o
 .data          0x00000000c000f000        0x0 build/init.o
 .data          0x00000000c000f000        0x0 build/interrupt.o
 .data          0x00000000c000f000        0x0 build/timer.o
 .data          0x00000000c000f000       0xd2 build/kernel.o
                0x00000000c000f012                intr_entry_table
 *fill*         0x00000000c000f0d2        0x2 
 .data          0x00000000c000f0d4        0x8 build/print.o
 .data          0x00000000c000f0dc        0x0 build/debug.o
 .data          0x00000000c000f0dc        0x0 build/memory.o
 .data          0x00000000c000f0dc        0x0 build/bitmap.o
 .data          0x00000000c000f0dc        0x0 build/string.o
 .data          0x00000000c000f0dc        0x0 build/thread.o
 .data          0x00000000c000f0dc        0x0 build/list.o
 .data          0x00000000c000f0dc        0x0 build/console.o
 .data          0x00000000c000f0dc        0x0 build/sync.o
 *fill*         0x00000000c000f0dc        0x4 
 .data          0x00000000c000f0e0       0x76 build/keyboard.o
 .data          0x00000000c000f156        0x0 build/ioqueue.o
 .data          0x00000000c000f156        0x0 build/tss.o
 .data          0x00000000c000f156        0x0 build/process.o
 .data          0x00000000c000f156        0x0 build/syscall.o
 .data          0x00000000c000f156        0x0 build/syscall-init.o
 .data          0x00000000c000f156        0x0 build/stdio.o
 .data          0x00000000c000f156        0x0 build/ide.o
 .data          0x00000000c000f156        0x0 build/stdio-kernel.o
 .data          0x00000000c000f156        0x0 build/fs.o
 .data          0x00000000c000f156        0x0 build/inode.o
 .data          0x00000000c000f156        0x0 build/file.o
 .data          0x00000000c000f156        0x0 build/dir.o

.data1
 *(.data1)
                0x00000000c000f156                _edata = .
                0x00000000c000f156                PROVIDE (edata, .)
                0x00000000c000f156                . = .
                0x00000000c000f156                __bss_start = .

.bss            0x00000000c000f160     0x1c08
 *(.dynbss)
 *(.bss .bss.* .gnu.linkonce.b.*)
 .bss           0x00000000c000f160        0x0 build/main.o
 .bss           0x00000000c000f160        0x0 build/init.o
 .bss           0x00000000c000f160      0x408 build/interrupt.o
 .bss           0x00000000c000f568        0x0 build/timer.o
 .bss           0x00000000c000f568        0x0 build/debug.o
 .bss           0x00000000c000f568        0x0 build/memory.o
 .bss           0x00000000c000f568        0x0 build/bitmap.o
 .bss           0x00000000c000f568        0x0 build/string.o
 .bss           0x00000000c000f568        0x6 build/thread.o
 .bss           0x00000000c000f56e        0x0 build/list.o
 *fill*         0x00000000c000f56e        0x2 
 .bss           0x00000000c000f570       0x1c build/console.o
 .bss           0x00000000c000f58c        0x0 build/sync.o
 .bss           0x00000000c000f58c       0x14 build/keyboard.o
 .bss           0x00000000c000f5a0        0x0 build/ioqueue.o
 .bss           0x00000000c000f5a0       0x6c build/tss.o
 .bss           0x00000000c000f60c        0x0 build/process.o
 .bss           0x00000000c000f60c        0x0 build/syscall.o
 .bss           0x00000000c000f60c        0x0 build/syscall-init.o
 .bss           0x00000000c000f60c        0x0 build/stdio.o
 .bss           0x00000000c000f60c        0x6 build/ide.o
                0x00000000c000f60c                ext_lba_base
                0x00000000c000f610                p_no
                0x00000000c000f611                l_no
 .bss           0x00000000c000f612        0x0 build/stdio-kernel.o
 .bss           0x00000000c000f612        0x0 build/fs.o
 .bss           0x00000000c000f612        0x0 build/inode.o
 .bss           0x00000000c000f612        0x0 build/file.o
 .bss           0x00000000c000f612        0x0 build/dir.o
 *(COMMON)
 *fill*         0x00000000c000f612        0xe 
 COMMON         0x00000000c000f620      0x424 build/interrupt.o
                0x00000000c000f620                intr_name
                0x00000000c000f840                idt_table
 COMMON         0x00000000c000fa44        0x4 build/timer.o
                0x00000000c000fa44                ticks
 *fill*         0x00000000c000fa48       0x18 
 COMMON         0x00000000c000fa60      0x12c build/memory.o
                0x00000000c000fa60                user_pool
                0x00000000c000faa0                k_block_descs
                0x00000000c000fb48                kernel_vaddr
                0x00000000c000fb60                kernel_pool
 COMMON         0x00000000c000fb8c       0x44 build/thread.o
                0x00000000c000fb8c                thread_ready_list
                0x00000000c000fb9c                thread_all_list
                0x00000000c000fbac                idle_thread
                0x00000000c000fbb0                main_thread
                0x00000000c000fbb4                pid_lock
 *fill*         0x00000000c000fbd0       0x10 
 COMMON         0x00000000c000fbe0       0x6c build/keyboard.o
                0x00000000c000fbe0                kbd_buf
 *fill*         0x00000000c000fc4c       0x14 
 COMMON         0x00000000c000fc60       0x80 build/syscall-init.o
                0x00000000c000fc60                syscall_table
 COMMON         0x00000000c000fce0      0xcf0 build/ide.o
                0x00000000c000fce0                channel_cnt
                0x00000000c000fd00                channels
                0x00000000c00109c0                partition_list
 COMMON         0x00000000c00109d0        0x4 build/fs.o
                0x00000000c00109d0                cur_part
 *fill*         0x00000000c00109d4        0xc 
 COMMON         0x00000000c00109e0      0x180 build/file.o
                0x00000000c00109e0                file_table
 COMMON         0x00000000c0010b60      0x208 build/dir.o
                0x00000000c0010b60                root_dir
                0x00000000c0010d68                . = ALIGN ((. != 0x0)?0x4:0x1)
                0x00000000c0010d68                . = ALIGN (0x4)
                0x00000000c0010d68                . = SEGMENT_START ("ldata-segment", .)
                0x00000000c0010d68                . = ALIGN (0x4)
                0x00000000c0010d68                _end = .
                0x00000000c0010d68                PROVIDE (end, .)
                0x00000000c0010d68                . = DATA_SEGMENT_END (.)

.stab
 *(.stab)

.stabstr
 *(.stabstr)

.stab.excl
 *(.stab.excl)

.stab.exclstr
 *(.stab.exclstr)

.stab.index
 *(.stab.index)

.stab.indexstr
 *(.stab.indexstr)

.comment        0x0000000000000000       0x2b
 *(.comment)
 .comment       0x0000000000000000       0x2b build/main.o
                                         0x2c (size before relaxing)
 .comment       0x0000000000000000       0x2c build/init.o
 .comment       0x0000000000000000       0x2c build/interrupt.o
 .comment       0x0000000000000000       0x2c build/timer.o
 .comment       0x0000000000000000       0x2c build/debug.o
 .comment       0x0000000000000000       0x2c build/memory.o
 .comment       0x0000000000000000       0x2c build/bitmap.o
 .comment       0x0000000000000000       0x2c build/string.o
 .comment       0x0000000000000000       0x2c build/thread.o
 .comment       0x0000000000000000       0x2c build/list.o
 .comment       0x0000000000000000       0x2c build/console.o
 .comment       0x0000000000000000       0x2c build/sync.o
 .comment       0x0000000000000000       0x2c build/keyboard.o
 .comment       0x0000000000000000       0x2c build/ioqueue.o
 .comment       0x0000000000000000       0x2c build/tss.o
 .comment       0x0000000000000000       0x2c build/process.o
 .comment       0x0000000000000000       0x2c build/syscall.o
 .comment       0x0000000000000000       0x2c build/syscall-init.o
 .comment       0x0000000000000000       0x2c build/stdio.o
 .comment       0x0000000000000000       0x2c build/ide.o
 .comment       0x0000000000000000       0x2c build/stdio-kernel.o
 .comment       0x0000000000000000       0x2c build/fs.o
 .comment       0x0000000000000000       0x2c build/inode.o
 .comment       0x0000000000000000       0x2c build/file.o
 .comment       0x0000000000000000       0x2c build/dir.o

.debug
 *(.debug)

.line
 *(.line)

.debug_srcinfo
 *(.debug_srcinfo)

.debug_sfnames
 *(.debug_sfnames)

.debug_aranges
 *(.debug_aranges)

.debug_pubnames
 *(.debug_pubnames)

.debug_info
 *(.debug_info .gnu.linkonce.wi.*)

.debug_abbrev
 *(.debug_abbrev)

.debug_line
 *(.debug_line .debug_line.* .debug_line_end)

.debug_frame
 *(.debug_frame)

.debug_str
 *(.debug_str)

.debug_loc
 *(.debug_loc)

.debug_macinfo
 *(.debug_macinfo)

.debug_weaknames
 *(.debug_weaknames)

.debug_funcnames
 *(.debug_funcnames)

.debug_typenames
 *(.debug_typenames)

.debug_varnames
 *(.debug_varnames)

.debug_pubtypes
 *(.debug_pubtypes)

.debug_ranges
 *(.debug_ranges)

.debug_macro
 *(.debug_macro)

.gnu.attributes
 *(.gnu.attributes)

/DISCARD/
 *(.note.GNU-stack)
 *(.gnu_debuglink)
 *(.gnu.lto_*)
OUTPUT(build/kernel.bin elf32-i386)
